Microchip MPLAB XC8 Compiler V2.40

Linker command line:

-W-3 \
  --edf=C:\Program Files\Microchip\xc8\v2.40\pic\dat\20220703182018_en.msgs \
  -cn -h+dist/default/production\DTMF_PIC18.X.production.sym \
  --cmf=dist/default/production\DTMF_PIC18.X.production.cmf -z -Q18LF4550 \
  -oC:\Users\kolel\AppData\Local\Temp\xcAs15k.4 --defsym=__MPLAB_BUILD=1 \
  --fixupoverflow=error \
  -Mdist/default/production/DTMF_PIC18.X.production.map \
  --md=C:\Users\kolel\AppData\Local\Temp\xcAs15k.dat -E1 -ver=XC8 Compiler \
  --acfsm=1493 -ACODE=00h-07FFFh -ACONST=00h-07FFFh \
  -ASMALLCONST=0800h-08FFhx120 -AMEDIUMCONST=0800h-07FFFh -ACOMRAM=01h-05Fh \
  -AABS1=00h-07FFh -ABIGRAM=01h-07FFh -ARAM=060h-0FFh,0100h-01FFhx7 \
  -ABANK0=060h-0FFh -ABANK1=0100h-01FFh -ABANK2=0200h-02FFh \
  -ABANK3=0300h-03FFh -ABANK4=0400h-04FFh -ABANK5=0500h-05FFh \
  -ABANK6=0600h-06FFh -ABANK7=0700h-07FFh -ASFR=0F60h-0FFFh \
  -ABIGSFR=0F60h-0FFFh -ACONFIG=0300000h-030000Dh -AIDLOC=0200000h-0200007h \
  -AEEDATA=0F00000h-0F000FFh -peeprom_data=EEDATA \
  -preset_vec=00h,intcode=08h,intcodelo=018h,powerup,init -pramtop=0800h \
  -psmallconst=SMALLCONST -pmediumconst=MEDIUMCONST -pconst=CONST \
  -AFARRAM=00h-00h \
  -prdata=COMRAM,nvrram=COMRAM,nvbit=COMRAM,rbss=COMRAM,rbit=COMRAM \
  -pfarbss=FARRAM,fardata=FARRAM,nvFARRAM=FARRAM \
  -pintsave_regs=BIGRAM,bigbss=BIGRAM,bigdata=BIGRAM -pbss=RAM \
  -pidata=CODE,irdata=CODE,ibigdata=CODE,ifardata=CODE -prparam=COMRAM \
  C:\Users\kolel\AppData\Local\Temp\xcAs15k.o \
  dist/default/production\DTMF_PIC18.X.production.o 

Object code version is 3.11

Machine type is 18LF4550



                Name                               Link     Load   Length Selector   Space Scale
C:\Users\kolel\AppData\Local\Temp\xcAs15k.o
                idloc                            200000   200000        8        0       5
                config                           300000   300000        E        0       4
                init                                 D8       D8        4        C       0
                reset_vec                             0        0        4        0       0
dist/default/production\DTMF_PIC18.X.production.o
                intcodelo                            18       18       C0        C       0
                intcode                               8        8        6        4       0
                idloc                            200000   200000        8        0       5
                config                           300000   300000        E        0       4
                temp                                 4A       4A        1        1       1
                mediumconst                        57B4     57B4     284C     2BDA       0
                intcode_body                        C70      C70      148        C       0
                text28                             154A     154A        6      A98       0
                text27                              EEA      EEA      10C        C       0
                text26                             12EC     12EC       5A        C       0
                text25                             1530     1530        E      A98       0
                text24                             1464     1464       1A        C       0
                text23                              520      520      3AC        C       0
                text22                              AFA      AFA      176        C       0
                text21                             13DE     13DE       42        C       0
                text20                             147E     147E       18        C       0
                text19                             14E8     14E8       14        C       0
                text18                             14D4     14D4       14        C       0
                text17                             1446     1446       1E        C       0
                text16                             1394     1394       4A        C       0
                text15                             11B8     11B8       72        C       0
                text14                             128E     128E       5E        C       0
                text13                             153E     153E        C      A98       0
                text12                             150E     150E       12        C       0
                text11                              FF6      FF6       CE        C       0
                text10                              DB8      DB8      132        C       0
                text9                              1420     1420       26        C       0
                text8                               8CC      8CC      22E        C       0
                text7                              122A     122A       64        C       0
                text6                              1496     1496       16        C       0
                text5                              113E     113E       7A        C       0
                text4                              10C4     10C4       7A        C       0
                text3                              14C0     14C0       14        C       0
                text2                              14FC     14FC       12        C       0
                text1                              14AC     14AC       14        C       0
                text0                                DC       DC      444        C       0
                cstackCOMRAM                          1        1       34        1       1
                cstackBANK1                         100      100      100      100       1
                bssBIGRAM                           200      200      400      200       1
                dataCOMRAM                           35       35        F        1       1
                bssCOMRAM                            44       44        6        1       1
                cinit                              1346     1346       4E        C       0
                idataCOMRAM                        1520     1520        F        C       0

TOTAL           Name                               Link     Load   Length     Space
        CLASS   CODE           
                intcodelo                            18       18       C0         0
                intcode                               8        8        6         0
                init                                 D8       D8        4         0
                reset_vec                             0        0        4         0
                intcode_body                        C70      C70      148         0
                text28                             154A     154A        6         0
                text27                              EEA      EEA      10C         0
                text26                             12EC     12EC       5A         0
                text25                             1530     1530        E         0
                text24                             1464     1464       1A         0
                text23                              520      520      3AC         0
                text22                              AFA      AFA      176         0
                text21                             13DE     13DE       42         0
                text20                             147E     147E       18         0
                text19                             14E8     14E8       14         0
                text18                             14D4     14D4       14         0
                text17                             1446     1446       1E         0
                text16                             1394     1394       4A         0
                text15                             11B8     11B8       72         0
                text14                             128E     128E       5E         0
                text13                             153E     153E        C         0
                text12                             150E     150E       12         0
                text11                              FF6      FF6       CE         0
                text10                              DB8      DB8      132         0
                text9                              1420     1420       26         0
                text8                               8CC      8CC      22E         0
                text7                              122A     122A       64         0
                text6                              1496     1496       16         0
                text5                              113E     113E       7A         0
                text4                              10C4     10C4       7A         0
                text3                              14C0     14C0       14         0
                text2                              14FC     14FC       12         0
                text1                              14AC     14AC       14         0
                text0                                DC       DC      444         0
                cinit                              1346     1346       4E         0
                idataCOMRAM                        1520     1520        F         0

        CLASS   CONST          

        CLASS   SMALLCONST     

        CLASS   MEDIUMCONST    
                mediumconst                        57B4     57B4     284C         0

        CLASS   COMRAM         
                temp                                 4A       4A        1         1
                cstackCOMRAM                          1        1       34         1
                dataCOMRAM                           35       35        F         1
                bssCOMRAM                            44       44        6         1

        CLASS   ABS1           

        CLASS   BIGRAM         
                bssBIGRAM                           200      200      400         1

        CLASS   RAM            

        CLASS   BANK0          

        CLASS   BANK1          
                cstackBANK1                         100      100      100         1

        CLASS   BANK2          

        CLASS   BANK3          

        CLASS   BANK4          

        CLASS   BANK5          

        CLASS   BANK6          

        CLASS   BANK7          

        CLASS   SFR            

        CLASS   BIGSFR         

        CLASS   CONFIG         
                config                           300000   300000        E         4

        CLASS   IDLOC          
                idloc                            200000   200000        8         5

        CLASS   EEDATA         

        CLASS   FARRAM         

        CLASS   HEAP           

        CLASS   STACK          



SEGMENTS        Name                           Load    Length   Top    Selector   Space  Class

                reset_vec                      000000  000004  000004         0       0  CODE    
                cstackCOMRAM                   000001  00004A  00004B         1       1  COMRAM  
                intcode                        000008  000006  00000E         4       0  CODE    
                intcodelo                      000018  001517  00152F         C       0  CODE    
                cstackBANK1                    000100  000100  000200       100       1  BANK1   
                bssBIGRAM                      000200  000400  000600       200       1  BIGRAM  
                text25                         001530  000020  001550       A98       0  CODE    
                mediumconst                    0057B4  00284C  008000      2BDA       0  MEDIUMCO


UNUSED ADDRESS RANGES

        Name                Unused          Largest block    Delta
        BANK0            000060-0000FF               A0
        BANK6            000600-0006FF              100
        BANK7            000700-0007FF              100
        BIGRAM           00004B-0000FF               B5
                         000600-0007FF              200
        BIGSFR           000F60-000FFF               A0
        CODE             000004-000007                4
                         00000E-000017                A
                         00152F-00152F                1
                         001550-0057B3             4264
        COMRAM           00004B-00005F               15
        CONST            000004-000007                4
                         00000E-000017                A
                         00152F-00152F                1
                         001550-0057B3             4264
        EEDATA           F00000-F000FF              100
        MEDIUMCONST      00152F-00152F                1
                         001550-0057B3             4264
        RAM              000060-0000FF               A0
                         000600-0007FF              100
        SFR              000F60-000FFF               A0
        SMALLCONST       00152F-00152F                1
                         001550-0057B3              100

                                  Symbol Table

?___aldiv                       cstackCOMRAM 000008
?___wmul                        cstackCOMRAM 000008
I2C_INTIALIZE@clock             cstackCOMRAM 000016
I2C_Master_Transmit@addr        cstackCOMRAM 00000D
I2C_Master_Transmit@count       cstackCOMRAM 00000B
I2C_Master_Transmit@dt          cstackCOMRAM 000009
I2C_Master_Transmit@x           cstackCOMRAM 00000E
I2C_Write@data                  cstackCOMRAM 000008
SSD1306_DrawPixel@color         cstackCOMRAM 00000C
SSD1306_DrawPixel@x             cstackCOMRAM 000008
SSD1306_DrawPixel@y             cstackCOMRAM 00000A
SSD1306_Fill@color              cstackCOMRAM 000014
SSD1306_GotoXY@x                cstackCOMRAM 000008
SSD1306_GotoXY@y                cstackCOMRAM 00000A
SSD1306_Putc@Font               cstackCOMRAM 000014
SSD1306_Putc@b                  cstackCOMRAM 00001E
SSD1306_Putc@ch                 cstackCOMRAM 000022
SSD1306_Putc@color              cstackCOMRAM 000016
SSD1306_Putc@i                  cstackCOMRAM 000023
SSD1306_Putc@j                  cstackCOMRAM 000027
SSD1306_Puts@Font               cstackCOMRAM 00002D
SSD1306_Puts@color              cstackCOMRAM 00002F
SSD1306_Puts@str                cstackCOMRAM 00002B
SSD1306_UpdateScreen@m          cstackCOMRAM 00001B
SSD1306_WRITECOMMAND@value      cstackCOMRAM 000009
_ADCON1                         (abs)        000FC1
_Enable_Interrupt               text28       00154A
_Font11x18                      mediumconst  006B01
_Font16x26                      mediumconst  0057B5
_Font7x10                       mediumconst  00785D
_Font_11x18                     dataCOMRAM   000039
_Font_16x26                     dataCOMRAM   000035
_Font_7x10                      dataCOMRAM   000040
_I2C_INTIALIZE                  text26       0012EC
_I2C_Master_Transmit            text16       001394
_I2C_Write                      text20       00147E
_I2C_start                      text19       0014E8
_I2C_stop                       text18       0014D4
_INTCON2bits                    (abs)        000FF1
_INTCONbits                     (abs)        000FF2
_IPR1bits                       (abs)        000F9F
_IPR2bits                       (abs)        000FA2
_Interrupt_Init                 text25       001530
_Keypad_Init                    text24       001464
_Keypad_Sample                  text23       000520
_LATAbits                       (abs)        000F89
_LATEbits                       (abs)        000F8D
_PIE1bits                       (abs)        000F9D
_PIE2bits                       (abs)        000FA0
_PIR1bits                       (abs)        000F9E
_PIR2bits                       (abs)        000FA1
_PORTD                          (abs)        000F83
_PORTDbits                      (abs)        000F83
_RCONbits                       (abs)        000FD0
_SSD1306                        bssCOMRAM    000044
_SSD1306_Buffer                 bssBIGRAM    000200
_SSD1306_Clear                  text13       00153E
_SSD1306_DrawPixel              text10       000DB8
_SSD1306_Fill                   text21       0013DE
_SSD1306_Fill$1258              cstackCOMRAM 000015
_SSD1306_GotoXY                 text12       00150E
_SSD1306_Init                   text11       000FF6
_SSD1306_Putc                   text8        0008CC
_SSD1306_Puts                   text7        00122A
_SSD1306_UpdateScreen           text14       00128E
_SSD1306_WRITECOMMAND           text17       001446
_SSPADD                         (abs)        000FC8
_SSPBUF                         (abs)        000FC9
_SSPCON1                        (abs)        000FC6
_SSPCON2                        (abs)        000FC5
_SSPCON2bits                    (abs)        000FC5
_SSPSTATbits                    (abs)        000FC7
_T0CON                          (abs)        000FD5
_T0CONbits                      (abs)        000FD5
_T1CON                          (abs)        000FCD
_T1CONbits                      (abs)        000FCD
_T3CON                          (abs)        000FB1
_T3CONbits                      (abs)        000FB1
_TMR0H                          (abs)        000FD7
_TMR0L                          (abs)        000FD6
_TMR1H                          (abs)        000FCF
_TMR1L                          (abs)        000FCE
_TMR3H                          (abs)        000FB3
_TMR3L                          (abs)        000FB2
_TRISAbits                      (abs)        000F92
_TRISBbits                      (abs)        000F93
_TRISDbits                      (abs)        000F95
_TRISEbits                      (abs)        000F96
__HRAM                          (abs)        000000
__Habs1                         abs1         000000
__Hbank0                        bank0        000000
__Hbank1                        bank1        000000
__Hbank2                        bank2        000000
__Hbank3                        bank3        000000
__Hbank4                        bank4        000000
__Hbank5                        bank5        000000
__Hbank6                        bank6        000000
__Hbank7                        bank7        000000
__Hbigbss                       bigbss       000000
__Hbigdata                      bigdata      000000
__Hbigram                       bigram       000000
__Hbigsfr                       bigsfr       000000
__Hbss                          bss          000000
__HbssBIGRAM                    bssBIGRAM    000000
__HbssCOMRAM                    bssCOMRAM    000000
__Hcinit                        cinit        000000
__Hclrtext                      clrtext      000000
__Hcomram                       comram       000000
__Hconfig                       config       30000E
__Hconst                        const        000000
__HcstackBANK1                  cstackBANK1  000000
__HcstackCOMRAM                 cstackCOMRAM 000000
__Hdata                         data         000000
__HdataCOMRAM                   dataCOMRAM   000000
__Heeprom_data                  eeprom_data  000000
__Hfarbss                       farbss       000000
__Hfardata                      fardata      000000
__Hheap                         heap         000000
__Hibigdata                     ibigdata     000000
__Hidata                        idata        000000
__HidataCOMRAM                  idataCOMRAM  000000
__Hidloc                        idloc        200008
__Hifardata                     ifardata     000000
__Hinit                         init         0000DC
__Hintcode                      intcode      00000E
__Hintcode_body                 intcode_body 000000
__Hintcodelo                    intcodelo    0000D8
__Hintentry                     intentry     000000
__Hintret                       intret       000000
__Hintsave_regs                 intsave_regs 000000
__Hirdata                       irdata       000000
__Hmediumconst                  mediumconst  008000
__HnvFARRAM                     nvFARRAM     000000
__Hnvbit                        nvbit        000000
__Hnvrram                       nvrram       000000
__Hparam                        rparam       000000
__Hpowerup                      powerup      0000D8
__Hram                          ram          000000
__Hramtop                       ramtop       000800
__Hrbit                         rbit         000000
__Hrbss                         rbss         000000
__Hrdata                        rdata        000000
__Hreset_vec                    reset_vec    000004
__Hrparam                       rparam       000000
__Hsfr                          sfr          000000
__Hsmallconst                   smallconst   000000
__Hspace_0                      (abs)        008000
__Hspace_1                      (abs)        000600
__Hspace_2                      (abs)        000000
__Hspace_4                      (abs)        60000E
__Hstack                        stack        000000
__Hstruct                       struct       000000
__Htemp                         temp         00004B
__Htext                         text         000000
__Htext0                        text0        000000
__Htext1                        text1        000000
__Htext10                       text10       000000
__Htext11                       text11       000000
__Htext12                       text12       000000
__Htext13                       text13       000000
__Htext14                       text14       000000
__Htext15                       text15       000000
__Htext16                       text16       000000
__Htext17                       text17       000000
__Htext18                       text18       000000
__Htext19                       text19       000000
__Htext2                        text2        000000
__Htext20                       text20       000000
__Htext21                       text21       000000
__Htext22                       text22       000000
__Htext23                       text23       000000
__Htext24                       text24       000000
__Htext25                       text25       000000
__Htext26                       text26       000000
__Htext27                       text27       000000
__Htext28                       text28       000000
__Htext3                        text3        000000
__Htext4                        text4        000000
__Htext5                        text5        000000
__Htext6                        text6        000000
__Htext7                        text7        000000
__Htext8                        text8        000000
__Htext9                        text9        000000
__LRAM                          (abs)        000001
__Labs1                         abs1         000000
__Lbank0                        bank0        000000
__Lbank1                        bank1        000000
__Lbank2                        bank2        000000
__Lbank3                        bank3        000000
__Lbank4                        bank4        000000
__Lbank5                        bank5        000000
__Lbank6                        bank6        000000
__Lbank7                        bank7        000000
__Lbigbss                       bigbss       000000
__Lbigdata                      bigdata      000000
__Lbigram                       bigram       000000
__Lbigsfr                       bigsfr       000000
__Lbss                          bss          000000
__LbssBIGRAM                    bssBIGRAM    000000
__LbssCOMRAM                    bssCOMRAM    000000
__Lcinit                        cinit        000000
__Lclrtext                      clrtext      000000
__Lcomram                       comram       000000
__Lconfig                       config       000000
__Lconst                        const        000000
__LcstackBANK1                  cstackBANK1  000000
__LcstackCOMRAM                 cstackCOMRAM 000000
__Ldata                         data         000000
__LdataCOMRAM                   dataCOMRAM   000000
__Leeprom_data                  eeprom_data  000000
__Lfarbss                       farbss       000000
__Lfardata                      fardata      000000
__Lheap                         heap         000000
__Libigdata                     ibigdata     000000
__Lidata                        idata        000000
__LidataCOMRAM                  idataCOMRAM  000000
__Lidloc                        idloc        000000
__Lifardata                     ifardata     000000
__Linit                         init         0000D8
__Lintcode                      intcode      000008
__Lintcode_body                 intcode_body 000000
__Lintcodelo                    intcodelo    000018
__Lintentry                     intentry     000000
__Lintret                       intret       000000
__Lintsave_regs                 intsave_regs 000000
__Lirdata                       irdata       000000
__Lmediumconst                  mediumconst  0057B4
__LnvFARRAM                     nvFARRAM     000000
__Lnvbit                        nvbit        000000
__Lnvrram                       nvrram       000000
__Lparam                        rparam       000000
__Lpowerup                      powerup      0000D8
__Lram                          ram          000000
__Lramtop                       ramtop       000800
__Lrbit                         rbit         000000
__Lrbss                         rbss         000000
__Lrdata                        rdata        000000
__Lreset_vec                    reset_vec    000000
__Lrparam                       rparam       000000
__Lsfr                          sfr          000000
__Lsmallconst                   smallconst   000000
__Lspace_0                      (abs)        000000
__Lspace_1                      (abs)        000000
__Lspace_2                      (abs)        000000
__Lspace_4                      (abs)        000000
__Lstack                        stack        000000
__Lstruct                       struct       000000
__Ltemp                         temp         00004A
__Ltext                         text         000000
__Ltext0                        text0        000000
__Ltext1                        text1        000000
__Ltext10                       text10       000000
__Ltext11                       text11       000000
__Ltext12                       text12       000000
__Ltext13                       text13       000000
__Ltext14                       text14       000000
__Ltext15                       text15       000000
__Ltext16                       text16       000000
__Ltext17                       text17       000000
__Ltext18                       text18       000000
__Ltext19                       text19       000000
__Ltext2                        text2        000000
__Ltext20                       text20       000000
__Ltext21                       text21       000000
__Ltext22                       text22       000000
__Ltext23                       text23       000000
__Ltext24                       text24       000000
__Ltext25                       text25       000000
__Ltext26                       text26       000000
__Ltext27                       text27       000000
__Ltext28                       text28       000000
__Ltext3                        text3        000000
__Ltext4                        text4        000000
__Ltext5                        text5        000000
__Ltext6                        text6        000000
__Ltext7                        text7        000000
__Ltext8                        text8        000000
__Ltext9                        text9        000000
__S0                            (abs)        008000
__S1                            (abs)        000600
__S4                            (abs)        000000
__S5                            (abs)        000000
___aldiv                        text27       000EEA
___aldiv@counter                cstackCOMRAM 000010
___aldiv@dividend               cstackCOMRAM 000008
___aldiv@divisor                cstackCOMRAM 00000C
___aldiv@quotient               cstackCOMRAM 000012
___aldiv@sign                   cstackCOMRAM 000011
___heap_hi                      (abs)        000000
___heap_lo                      (abs)        000000
___inthi_sp                     stack        000000
___intlo_sp                     stack        000000
___param_bank                   (abs)        000000
___rparam_used                  (abs)        000001
___sp                           stack        000000
___wmul                         text9        001420
___wmul@multiplicand            cstackCOMRAM 00000A
___wmul@multiplier              cstackCOMRAM 000008
___wmul@product                 cstackCOMRAM 00000C
__accesstop                     (abs)        000060
__activetblptr                  (abs)        000002
__end_of_Enable_Interrupt       text28       001550
__end_of_Font11x18              mediumconst  00785D
__end_of_Font16x26              mediumconst  006B01
__end_of_Font7x10               mediumconst  007FC9
__end_of_I2C_INTIALIZE          text26       001346
__end_of_I2C_Master_Transmit    text16       0013DE
__end_of_I2C_Write              text20       001496
__end_of_I2C_start              text19       0014FC
__end_of_I2C_stop               text18       0014E8
__end_of_Interrupt_Init         text25       00153E
__end_of_Keypad_Init            text24       00147E
__end_of_Keypad_Sample          text23       0008CC
__end_of_SSD1306_Clear          text13       00154A
__end_of_SSD1306_DrawPixel      text10       000EEA
__end_of_SSD1306_Fill           text21       001420
__end_of_SSD1306_GotoXY         text12       001520
__end_of_SSD1306_Init           text11       0010C4
__end_of_SSD1306_Putc           text8        000AFA
__end_of_SSD1306_Puts           text7        00128E
__end_of_SSD1306_UpdateScreen   text14       0012EC
__end_of_SSD1306_WRITECOMMAND   text17       001464
__end_of___aldiv                text27       000FF6
__end_of___wmul                 text9        001446
__end_of__initialization        cinit        001386
__end_of_gpioInitialize         text6        0014AC
__end_of_loadHighTimer          text5        0011B8
__end_of_loadLowTimer           text4        00113E
__end_of_main                   text0        000520
__end_of_memset                 text22       000C70
__end_of_myISR_Low              intcodelo    0000D8
__end_of_myISR_high             intcode_body 000DB8
__end_of_ssd1306_I2C_WriteMulti text15       00122A
__end_of_timer1_Init            text3        0014D4
__end_of_timer3Init             text2        00150E
__end_of_timerZero_Init         text1        0014C0
__initialization                cinit        001346
__mediumconst                   mediumconst  0057B4
__pbssBIGRAM                    bssBIGRAM    000200
__pbssCOMRAM                    bssCOMRAM    000044
__pcinit                        cinit        001346
__pcstackBANK1                  cstackBANK1  000100
__pcstackCOMRAM                 cstackCOMRAM 000001
__pdataCOMRAM                   dataCOMRAM   000035
__pidataCOMRAM                  idataCOMRAM  001520
__pintcode                      intcode      000008
__pintcode_body                 intcode_body 000C70
__pintcodelo                    intcodelo    000018
__pmediumconst                  mediumconst  0057B4
__ptext0                        text0        0000DC
__ptext1                        text1        0014AC
__ptext10                       text10       000DB8
__ptext11                       text11       000FF6
__ptext12                       text12       00150E
__ptext13                       text13       00153E
__ptext14                       text14       00128E
__ptext15                       text15       0011B8
__ptext16                       text16       001394
__ptext17                       text17       001446
__ptext18                       text18       0014D4
__ptext19                       text19       0014E8
__ptext2                        text2        0014FC
__ptext20                       text20       00147E
__ptext21                       text21       0013DE
__ptext22                       text22       000AFA
__ptext23                       text23       000520
__ptext24                       text24       001464
__ptext25                       text25       001530
__ptext26                       text26       0012EC
__ptext27                       text27       000EEA
__ptext28                       text28       00154A
__ptext3                        text3        0014C0
__ptext4                        text4        0010C4
__ptext5                        text5        00113E
__ptext6                        text6        001496
__ptext7                        text7        00122A
__ptext8                        text8        0008CC
__ptext9                        text9        001420
__ramtop                        ramtop       000800
__smallconst                    smallconst   000000
_gpioInitialize                 text6        001496
_loadHighTimer                  text5        00113E
_loadLowTimer                   text4        0010C4
_main                           text0        0000DC
_memset                         text22       000AFA
_myHighFrequency                dataCOMRAM   00003E
_myISR_Low                      intcodelo    000018
_myISR_high                     intcode      000008
_myLowFrequency                 dataCOMRAM   00003D
_mydtmfStateMachine             dataCOMRAM   00003F
_ssd1306_I2C_WriteMulti         text15       0011B8
_timer1_Init                    text3        0014C0
_timer3Init                     text2        0014FC
_timerZero_Init                 text1        0014AC
btemp                           temp         00004A
end_of_initialization           cinit        001386
int$flags                       temp         00004A
int_func                        intcode_body 000C70
intlevel0                       text         000000
intlevel1                       text         000000
intlevel2                       text         000000
intlevel3                       text         000000
isa$std                         (abs)        000001
isa$xinst                       (abs)        000000
loadHighTimer@value             cstackCOMRAM 00000A
loadLowTimer@value              cstackCOMRAM 00000A
main@i                          cstackCOMRAM 000033
main@keypadValue                cstackCOMRAM 000034
memset@c                        cstackCOMRAM 00000A
memset@dest                     cstackCOMRAM 000008
memset@k                        cstackCOMRAM 000010
memset@n                        cstackCOMRAM 00000C
memset@s                        cstackCOMRAM 000012
ssd1306_I2C_WriteMulti@address  cstackCOMRAM 000017
ssd1306_I2C_WriteMulti@count    cstackCOMRAM 000013
ssd1306_I2C_WriteMulti@data     cstackCOMRAM 000011
ssd1306_I2C_WriteMulti@dt       cstackBANK1  000100
ssd1306_I2C_WriteMulti@i        cstackCOMRAM 000018
ssd1306_I2C_WriteMulti@reg      cstackCOMRAM 000010
stackhi                         (abs)        000000
stacklo                         (abs)        000000
start                           init         0000D8
start_initialization            cinit        001346
ttemp5                          temp         00004B
ttemp6                          temp         00004E
ttemp7                          temp         000052
wtemp8                          temp         00004B


MODULE INFORMATION

Module		Function		Class		Link	Load	Size
SSD1306_OLED.c
		_ssd1306_I2C_WriteMulti		CODE           	11B8	0000	114
		_I2C_Master_Transmit		CODE           	1394	0000	74
		_SSD1306_Putc  		CODE           	08CC	0000	558
		_SSD1306_Fill  		CODE           	13DE	0000	66
		_SSD1306_Init  		CODE           	0FF6	0000	206
		_SSD1306_Puts  		CODE           	122A	0000	100
		_SSD1306_Clear 		CODE           	153E	0000	12
		_SSD1306_UpdateScreen		CODE           	128E	0000	94
		_SSD1306_WRITECOMMAND		CODE           	1446	0000	30
		_SSD1306_GotoXY		CODE           	150E	0000	18
		_SSD1306_DrawPixel		CODE           	0DB8	0000	306

SSD1306_OLED.c estimated size: 1578

keypad.c
		_Keypad_Init   		CODE           	1464	0000	26
		_Keypad_Sample 		CODE           	0520	0000	940

keypad.c estimated size: 966

C:\Program Files\Microchip\xc8\v2.40\pic\sources\c99\common\Umul16.c
		___wmul        		CODE           	1420	0000	38

C:\Program Files\Microchip\xc8\v2.40\pic\sources\c99\common\Umul16.c estimated size: 38

C:\Program Files\Microchip\xc8\v2.40\pic\sources\c99\common\aldiv.c
		___aldiv       		CODE           	0EEA	0000	268

C:\Program Files\Microchip\xc8\v2.40\pic\sources\c99\common\aldiv.c estimated size: 268

i2c.c
		_I2C_stop      		CODE           	14D4	0000	20
		_I2C_INTIALIZE 		CODE           	12EC	0000	90
		_I2C_Write     		CODE           	147E	0000	24
		_I2C_start     		CODE           	14E8	0000	20

i2c.c estimated size: 154

shared
		_Font7x10      		MEDIUMCONST    	785D	0000	1900
		_Font16x26     		MEDIUMCONST    	57B5	0000	4940
		__initialization		CODE           	1346	0000	64
		_Font11x18     		MEDIUMCONST    	6B01	0000	3420

shared estimated size: 10324

C:\Program Files\Microchip\xc8\v2.40\pic\sources\c99\common\memset.c
		_memset        		CODE           	0AFA	0000	374

C:\Program Files\Microchip\xc8\v2.40\pic\sources\c99\common\memset.c estimated size: 374

main.c
		_myISR_Low     		CODE           	0018	0000	192
		_timerZero_Init		CODE           	14AC	0000	20
		_main          		CODE           	00DC	0000	1092
		_timer3Init    		CODE           	14FC	0000	18
		_myISR_high    		CODE           	0008	0000	334
		_Interrupt_Init		CODE           	1530	0000	14
		_gpioInitialize		CODE           	1496	0000	22
		_loadLowTimer  		CODE           	10C4	0000	122
		_Enable_Interrupt		CODE           	154A	0000	6
		_timer1_Init   		CODE           	14C0	0000	20
		_loadHighTimer 		CODE           	113E	0000	122

main.c estimated size: 1962

