Microchip MPLAB XC8 Compiler V2.32

Linker command line:

-W-3 --edf=C:\Program Files\Microchip\xc8\v2.32\pic\dat\en_msgs.txt -cn \
  -h+dist/default/production\PIC18LF4550_RTC.X.production.sym \
  --cmf=dist/default/production\PIC18LF4550_RTC.X.production.cmf -z \
  -Q18LF4550 -oC:\Users\Nestor\AppData\Local\Temp\xcAsmr0.4 \
  --defsym=__MPLAB_BUILD=1 \
  -Mdist/default/production/PIC18LF4550_RTC.X.production.map -E1 \
  -ver=XC8 Compiler --acfsm=1493 -ASTACK=02C4h-07FFh -pstack=STACK \
  -ACODE=00h-07FFFh -ACONST=00h-07FFFh -ASMALLCONST=0800h-08FFhx120 \
  -AMEDIUMCONST=0800h-07FFFh -ACOMRAM=01h-05Fh -AABS1=00h-07FFh \
  -ABIGRAM=01h-07FFh -ARAM=060h-0FFh,0100h-01FFhx7 -ABANK0=060h-0FFh \
  -ABANK1=0100h-01FFh -ABANK2=0200h-02FFh -ABANK3=0300h-03FFh \
  -ABANK4=0400h-04FFh -ABANK5=0500h-05FFh -ABANK6=0600h-06FFh \
  -ABANK7=0700h-07FFh -ASFR=0F60h-0FFFh -ACONFIG=0300000h-030000Dh \
  -AIDLOC=0200000h-0200007h -AEEDATA=0F00000h-0F000FFh -peeprom_data=EEDATA \
  -preset_vec=00h,intcode=08h,intcodelo=018h,powerup,init -pramtop=0800h \
  -psmallconst=SMALLCONST -pmediumconst=MEDIUMCONST -pconst=CONST \
  -AFARRAM=00h-00h \
  -prdata=COMRAM,nvrram=COMRAM,nvbit=COMRAM,rbss=COMRAM,rbit=COMRAM \
  -pfarbss=FARRAM,fardata=FARRAM,nvFARRAM=FARRAM \
  -pintsave_regs=BIGRAM,bigbss=BIGRAM,bigdata=BIGRAM -pbss=RAM \
  -pidata=CODE,irdata=CODE,ibigdata=CODE,ifardata=CODE -prparam=COMRAM \
  C:\Users\Nestor\AppData\Local\Temp\xcAsmr0.o \
  dist/default/production\PIC18LF4550_RTC.X.production.o 

Object code version is 3.11

Machine type is 18LF4550



                Name                               Link     Load   Length Selector   Space Scale
C:\Users\Nestor\AppData\Local\Temp\xcAsmr0.o
                idloc                            200000   200000        8        0       5
                config                           300000   300000        E        0       4
                init                                 60       60        4        C       0
                reset_vec                             0        0        4        0       0
dist/default/production\PIC18LF4550_RTC.X.production.o
                intcodelo                            18       18       48        C       0
                intcode                               8        8        6        4       0
                idloc                            200000   200000        8        0       5
                config                           300000   300000        E        0       4
                temp                                 55       55        1        1       1
                smallconst                          800      800       46      400       0
                text29                              F76      F76       76      423       0
                text28                             11D8     11D8       30      423       0
                intcode_body                       1046     1046       54      423       0
                text25                             1208     1208       28      423       0
                text24                             109A     109A       3C      423       0
                text23                              DE4      DE4       9A      423       0
                text22                             10D6     10D6       3A      423       0
                text21                             1110     1110       34      423       0
                text20                             1176     1176       32      423       0
                text19                             11A8     11A8       30      423       0
                text18                              AFA      AFA      104      423       0
                text17                             12DE     12DE       14      945       0
                text16                             1144     1144       32      423       0
                text15                             12CA     12CA       14      945       0
                text14                             12B6     12B6       14      945       0
                text13                             128A     128A       18      945       0
                text12                              BFE      BFE       A8      423       0
                text11                             1316     1316        6      987       0
                text10                              9EE      9EE      10C      423       0
                text9                               FEC      FEC       5A      423       0
                text8                              12F2     12F2        E      945       0
                text7                              1254     1254       1C      423       0
                text6                               D4A      D4A       9A      423       0
                text5                              1230     1230       24      423       0
                text4                               CA6      CA6       A4      423       0
                text3                               846      846      1A8      423       0
                text2                              130E     130E        8      987       0
                text1                              12A2     12A2       14      945       0
                text0                               EFC      EFC       7A      423       0
                cstackCOMRAM                          1        1       31        1       1
                cstackBANK0                          BD       BD        7       60       1
                bssBIGRAM                            C4       C4      200       C4       1
                dataBANK0                            B0       B0        D       60       1
                bssBANK0                             60       60       50       60       1
                dataCOMRAM                           32       32       19        1       1
                bssCOMRAM                            4B       4B        A        1       1
                cinit                               E7E      E7E       7E      423       0
                idataBANK0                         1300     1300        D      945       0
                idataCOMRAM                        1270     1270       19      423       0

TOTAL           Name                               Link     Load   Length     Space
        CLASS   STACK          

        CLASS   CODE           
                intcodelo                            18       18       48         0
                intcode                               8        8        6         0
                init                                 60       60        4         0
                reset_vec                             0        0        4         0
                text29                              F76      F76       76         0
                text28                             11D8     11D8       30         0
                intcode_body                       1046     1046       54         0
                text25                             1208     1208       28         0
                text24                             109A     109A       3C         0
                text23                              DE4      DE4       9A         0
                text22                             10D6     10D6       3A         0
                text21                             1110     1110       34         0
                text20                             1176     1176       32         0
                text19                             11A8     11A8       30         0
                text18                              AFA      AFA      104         0
                text17                             12DE     12DE       14         0
                text16                             1144     1144       32         0
                text15                             12CA     12CA       14         0
                text14                             12B6     12B6       14         0
                text13                             128A     128A       18         0
                text12                              BFE      BFE       A8         0
                text11                             1316     1316        6         0
                text10                              9EE      9EE      10C         0
                text9                               FEC      FEC       5A         0
                text8                              12F2     12F2        E         0
                text7                              1254     1254       1C         0
                text6                               D4A      D4A       9A         0
                text5                              1230     1230       24         0
                text4                               CA6      CA6       A4         0
                text3                               846      846      1A8         0
                text2                              130E     130E        8         0
                text1                              12A2     12A2       14         0
                text0                               EFC      EFC       7A         0
                cinit                               E7E      E7E       7E         0
                idataBANK0                         1300     1300        D         0
                idataCOMRAM                        1270     1270       19         0

        CLASS   CONST          

        CLASS   SMALLCONST     
                smallconst                          800      800       46         0

        CLASS   MEDIUMCONST    

        CLASS   COMRAM         
                temp                                 55       55        1         1
                cstackCOMRAM                          1        1       31         1
                dataCOMRAM                           32       32       19         1
                bssCOMRAM                            4B       4B        A         1

        CLASS   ABS1           

        CLASS   BIGRAM         
                bssBIGRAM                            C4       C4      200         1

        CLASS   RAM            

        CLASS   BANK0          
                cstackBANK0                          BD       BD        7         1
                dataBANK0                            B0       B0        D         1
                bssBANK0                             60       60       50         1

        CLASS   BANK1          

        CLASS   BANK2          

        CLASS   BANK3          

        CLASS   BANK4          

        CLASS   BANK5          

        CLASS   BANK6          

        CLASS   BANK7          

        CLASS   SFR            

        CLASS   CONFIG         
                config                           300000   300000        E         4

        CLASS   IDLOC          
                idloc                            200000   200000        8         5

        CLASS   EEDATA         

        CLASS   FARRAM         



SEGMENTS        Name                           Load    Length   Top    Selector   Space  Class

                reset_vec                      000000  000004  000004         0       0  CODE    
                cstackCOMRAM                   000001  000055  000056         1       1  COMRAM  
                intcode                        000008  000006  00000E         4       0  CODE    
                intcodelo                      000018  00004C  000064         C       0  CODE    
                bssBANK0                       000060  000064  0000C4        60       1  BANK0   
                bssBIGRAM                      0000C4  000200  0002C4        C4       1  BIGRAM  
                smallconst                     000800  000046  000846       400       0  SMALLCON
                text3                          000846  000A43  001289       423       0  CODE    
                text13                         00128A  000083  00130D       945       0  CODE    
                text2                          00130E  00000E  00131C       987       0  CODE    


UNUSED ADDRESS RANGES

        Name                Unused          Largest block    Delta
        BANK2            0002C4-0002FF               3C
        BANK3            000300-0003FF              100
        BANK4            000400-0004FF              100
        BANK5            000500-0005FF              100
        BANK6            000600-0006FF              100
        BANK7            000700-0007FF              100
        BIGRAM           000056-00005F                A
                         0002C4-0007FF              53C
        CODE             000004-000007                4
                         00000E-000017                A
                         000064-0007FF              79C
                         001289-001289                1
                         00130D-00130D                1
                         00131C-007FFF             6CE4
        COMRAM           000056-00005F                A
        CONST            000004-000007                4
                         00000E-000017                A
                         000064-0007FF              79C
                         001289-001289                1
                         00130D-00130D                1
                         00131C-007FFF             6CE4
        EEDATA           F00000-F000FF              100
        MEDIUMCONST      001289-001289                1
                         00130D-00130D                1
                         00131C-007FFF             6CE4
        RAM              0002C4-0007FF              100
        SFR              000F60-000FFF               A0
        SMALLCONST       001289-001289                1
                         00130D-00130D                1
                         00131C-007FFF              100
        STACK            0002C4-0007FF              53C

                                  Symbol Table

?___aldiv                       cstackCOMRAM 00000B
?___lldiv                       cstackCOMRAM 00000B
BCD_to_ASCII@ptr                cstackCOMRAM 00000B
BCD_to_ASCII@valueInBCD         cstackCOMRAM 00000D
DS1307_Display_UART@F3235       dataCOMRAM   000040
DS1307_Display_UART@F3237       dataBANK0    0000B0
DS1307_Display_UART@dateStr     cstackCOMRAM 00001A
DS1307_Display_UART@myTime      cstackCOMRAM 000011
DS1307_Display_UART@timeStr     cstackCOMRAM 000027
DS1307_read@myTime              cstackCOMRAM 00000C
I2C_INTIALIZE@clock             cstackCOMRAM 000019
LCD_goto@x                      cstackCOMRAM 000010
LCD_goto@y                      cstackCOMRAM 00000E
LCD_putrs@s                     cstackCOMRAM 00000E
LCD_puts@s                      cstackCOMRAM 00000E
LCD_send@RS                     cstackCOMRAM 00000D
LCD_send@data                   cstackCOMRAM 00000B
UART_Init@baudRate              cstackCOMRAM 000018
UART_Init@temp                  cstackCOMRAM 00001F
UART_puts@ptr                   cstackCOMRAM 00000D
UART_rx_complete_irq@c          cstackCOMRAM 000003
UART_rx_complete_irq@i          cstackCOMRAM 000004
UART_tx_udr_empty_irq@c         cstackCOMRAM 000001
UART_write@data                 cstackCOMRAM 00000B
UART_write@i                    cstackCOMRAM 00000C
_ADCON1                         (abs)        000FC1
_BAUDCON                        (abs)        000FB8
_BAUDCONbits                    (abs)        000FB8
_BCD_to_ASCII                   text25       001208
_DS1307_Display_UART            text18       000AFA
_DS1307_read                    text12       000BFE
_Enable_Interrupt               text11       001316
_I2C_INTIALIZE                  text9        000FEC
_INTCON2bits                    (abs)        000FF1
_INTCON3bits                    (abs)        000FF0
_INTCONbits                     (abs)        000FF2
_IPR1bits                       (abs)        000F9F
_Interrupt_Init                 text8        0012F2
_LATCbits                       (abs)        000F8B
_LATD                           (abs)        000F8C
_LATDbits                       (abs)        000F8C
_LCD_clear                      text7        001254
_LCD_goto                       text23       000DE4
_LCD_init                       text6        000D4A
_LCD_putrs                      text22       0010D6
_LCD_puts                       text21       001110
_LCD_send                       text24       00109A
_PIE1bits                       (abs)        000F9D
_PIR1bits                       (abs)        000F9E
_Ports_Init                     text5        001230
_RCONbits                       (abs)        000FD0
_RCREG                          (abs)        000FAE
_RCSTA                          (abs)        000FAB
_RCSTAbits                      (abs)        000FAB
_SPBRG                          (abs)        000FAF
_SPBRGH                         (abs)        000FB0
_SSPADD                         (abs)        000FC8
_SSPBUF                         (abs)        000FC9
_SSPCON1                        (abs)        000FC6
_SSPCON2                        (abs)        000FC5
_SSPCON2bits                    (abs)        000FC5
_SSPSTATbits                    (abs)        000FC7
_T0CON                          (abs)        000FD5
_T0CONbits                      (abs)        000FD5
_TMR0H                          (abs)        000FD7
_TMR0L                          (abs)        000FD6
_TRISAbits                      (abs)        000F92
_TRISBbits                      (abs)        000F93
_TRISCbits                      (abs)        000F94
_TRISD                          (abs)        000F95
_TXREG                          (abs)        000FAD
_TXSTA                          (abs)        000FAC
_TXSTAbits                      (abs)        000FAC
_UART_Init                      text3        000846
_UART_puts                      text19       0011A8
_UART_rx_complete_irq           text29       000F76
_UART_tx_udr_empty_irq          text28       0011D8
_UART_write                     text20       001176
_WDTCONbits                     (abs)        000FD1
__HRAM                          (abs)        000000
__Habs1                         abs1         000000
__Hbank0                        bank0        000000
__Hbank1                        bank1        000000
__Hbank2                        bank2        000000
__Hbank3                        bank3        000000
__Hbank4                        bank4        000000
__Hbank5                        bank5        000000
__Hbank6                        bank6        000000
__Hbank7                        bank7        000000
__Hbigbss                       bigbss       000000
__Hbigdata                      bigdata      000000
__Hbigram                       bigram       000000
__Hbss                          bss          000000
__HbssBANK0                     bssBANK0     000000
__HbssBIGRAM                    bssBIGRAM    000000
__HbssCOMRAM                    bssCOMRAM    000000
__Hcinit                        cinit        000000
__Hclrtext                      clrtext      000000
__Hcomram                       comram       000000
__Hconfig                       config       30000E
__Hconst                        const        000000
__HcstackBANK0                  cstackBANK0  000000
__HcstackCOMRAM                 cstackCOMRAM 000000
__Hdata                         data         000000
__HdataBANK0                    dataBANK0    000000
__HdataCOMRAM                   dataCOMRAM   000000
__Heeprom_data                  eeprom_data  000000
__Hfarbss                       farbss       000000
__Hfardata                      fardata      000000
__Hibigdata                     ibigdata     000000
__Hidata                        idata        000000
__HidataBANK0                   idataBANK0   000000
__HidataCOMRAM                  idataCOMRAM  000000
__Hidloc                        idloc        200008
__Hifardata                     ifardata     000000
__Hinit                         init         000064
__Hintcode                      intcode      00000E
__Hintcode_body                 intcode_body 000000
__Hintcodelo                    intcodelo    000060
__Hintentry                     intentry     000000
__Hintret                       intret       000000
__Hintsave_regs                 intsave_regs 000000
__Hirdata                       irdata       000000
__Hmediumconst                  mediumconst  000000
__HnvFARRAM                     nvFARRAM     000000
__Hnvbit                        nvbit        000000
__Hnvrram                       nvrram       000000
__Hparam                        rparam       000000
__Hpowerup                      powerup      000060
__Hram                          ram          000000
__Hramtop                       ramtop       000800
__Hrbit                         rbit         000000
__Hrbss                         rbss         000000
__Hrdata                        rdata        000000
__Hreset_vec                    reset_vec    000004
__Hrparam                       rparam       000000
__Hsfr                          sfr          000000
__Hsmallconst                   smallconst   000846
__Hspace_0                      (abs)        00131C
__Hspace_1                      (abs)        0002C4
__Hspace_2                      (abs)        000000
__Hspace_4                      (abs)        60000E
__Hstack                        stack        000000
__Hstruct                       struct       000000
__Htemp                         temp         000056
__Htext                         text         000000
__Htext0                        text0        000000
__Htext1                        text1        000000
__Htext10                       text10       000000
__Htext11                       text11       000000
__Htext12                       text12       000000
__Htext13                       text13       000000
__Htext14                       text14       000000
__Htext15                       text15       000000
__Htext16                       text16       000000
__Htext17                       text17       000000
__Htext18                       text18       000000
__Htext19                       text19       000000
__Htext2                        text2        000000
__Htext20                       text20       000000
__Htext21                       text21       000000
__Htext22                       text22       000000
__Htext23                       text23       000000
__Htext24                       text24       000000
__Htext25                       text25       000000
__Htext28                       text28       000000
__Htext29                       text29       000000
__Htext3                        text3        000000
__Htext4                        text4        000000
__Htext5                        text5        000000
__Htext6                        text6        000000
__Htext7                        text7        000000
__Htext8                        text8        000000
__Htext9                        text9        000000
__LRAM                          (abs)        000001
__Labs1                         abs1         000000
__Lbank0                        bank0        000000
__Lbank1                        bank1        000000
__Lbank2                        bank2        000000
__Lbank3                        bank3        000000
__Lbank4                        bank4        000000
__Lbank5                        bank5        000000
__Lbank6                        bank6        000000
__Lbank7                        bank7        000000
__Lbigbss                       bigbss       000000
__Lbigdata                      bigdata      000000
__Lbigram                       bigram       000000
__Lbss                          bss          000000
__LbssBANK0                     bssBANK0     000000
__LbssBIGRAM                    bssBIGRAM    000000
__LbssCOMRAM                    bssCOMRAM    000000
__Lcinit                        cinit        000000
__Lclrtext                      clrtext      000000
__Lcomram                       comram       000000
__Lconfig                       config       000000
__Lconst                        const        000000
__LcstackBANK0                  cstackBANK0  000000
__LcstackCOMRAM                 cstackCOMRAM 000000
__Ldata                         data         000000
__LdataBANK0                    dataBANK0    000000
__LdataCOMRAM                   dataCOMRAM   000000
__Leeprom_data                  eeprom_data  000000
__Lfarbss                       farbss       000000
__Lfardata                      fardata      000000
__Libigdata                     ibigdata     000000
__Lidata                        idata        000000
__LidataBANK0                   idataBANK0   000000
__LidataCOMRAM                  idataCOMRAM  000000
__Lidloc                        idloc        000000
__Lifardata                     ifardata     000000
__Linit                         init         000060
__Lintcode                      intcode      000008
__Lintcode_body                 intcode_body 000000
__Lintcodelo                    intcodelo    000018
__Lintentry                     intentry     000000
__Lintret                       intret       000000
__Lintsave_regs                 intsave_regs 000000
__Lirdata                       irdata       000000
__Lmediumconst                  mediumconst  000000
__LnvFARRAM                     nvFARRAM     000000
__Lnvbit                        nvbit        000000
__Lnvrram                       nvrram       000000
__Lparam                        rparam       000000
__Lpowerup                      powerup      000060
__Lram                          ram          000000
__Lramtop                       ramtop       000800
__Lrbit                         rbit         000000
__Lrbss                         rbss         000000
__Lrdata                        rdata        000000
__Lreset_vec                    reset_vec    000000
__Lrparam                       rparam       000000
__Lsfr                          sfr          000000
__Lsmallconst                   smallconst   000800
__Lspace_0                      (abs)        000000
__Lspace_1                      (abs)        000000
__Lspace_2                      (abs)        000000
__Lspace_4                      (abs)        000000
__Lstack                        stack        000000
__Lstruct                       struct       000000
__Ltemp                         temp         000055
__Ltext                         text         000000
__Ltext0                        text0        000000
__Ltext1                        text1        000000
__Ltext10                       text10       000000
__Ltext11                       text11       000000
__Ltext12                       text12       000000
__Ltext13                       text13       000000
__Ltext14                       text14       000000
__Ltext15                       text15       000000
__Ltext16                       text16       000000
__Ltext17                       text17       000000
__Ltext18                       text18       000000
__Ltext19                       text19       000000
__Ltext2                        text2        000000
__Ltext20                       text20       000000
__Ltext21                       text21       000000
__Ltext22                       text22       000000
__Ltext23                       text23       000000
__Ltext24                       text24       000000
__Ltext25                       text25       000000
__Ltext28                       text28       000000
__Ltext29                       text29       000000
__Ltext3                        text3        000000
__Ltext4                        text4        000000
__Ltext5                        text5        000000
__Ltext6                        text6        000000
__Ltext7                        text7        000000
__Ltext8                        text8        000000
__Ltext9                        text9        000000
__S0                            (abs)        00131C
__S1                            (abs)        0002C4
__S2                            (abs)        000000
__S4                            (abs)        000000
__S5                            (abs)        000000
___aldiv                        text10       0009EE
___aldiv@counter                cstackCOMRAM 000013
___aldiv@dividend               cstackCOMRAM 00000B
___aldiv@divisor                cstackCOMRAM 00000F
___aldiv@quotient               cstackCOMRAM 000015
___aldiv@sign                   cstackCOMRAM 000014
___inthi_sp                     stack        000000
___intlo_sp                     stack        000000
___lldiv                        text4        000CA6
___lldiv@counter                cstackCOMRAM 000017
___lldiv@dividend               cstackCOMRAM 00000B
___lldiv@divisor                cstackCOMRAM 00000F
___lldiv@quotient               cstackCOMRAM 000013
___param_bank                   (abs)        000000
___rparam_used                  (abs)        000001
___sp                           stack        000000
__accesstop                     (abs)        000060
__activetblptr                  (abs)        000001
__end_of_BCD_to_ASCII           text25       001230
__end_of_DS1307_Display_UART    text18       000BFE
__end_of_DS1307_read            text12       000CA6
__end_of_Enable_Interrupt       text11       00131C
__end_of_I2C_INTIALIZE          text9        001046
__end_of_Interrupt_Init         text8        001300
__end_of_LCD_clear              text7        001270
__end_of_LCD_goto               text23       000E7E
__end_of_LCD_init               text6        000DE4
__end_of_LCD_putrs              text22       001110
__end_of_LCD_puts               text21       001144
__end_of_LCD_send               text24       0010D6
__end_of_Ports_Init             text5        001254
__end_of_UART_Init              text3        0009EE
__end_of_UART_puts              text19       0011D8
__end_of_UART_rx_complete_irq   text29       000FEC
__end_of_UART_tx_udr_empty_irq  text28       001208
__end_of_UART_write             text20       0011A8
__end_of___aldiv                text10       000AFA
__end_of___lldiv                text4        000D4A
__end_of__initialization        cinit        000EEA
__end_of_i2c_RS                 text17       0012F2
__end_of_i2c_read               text16       001176
__end_of_i2c_start              text15       0012DE
__end_of_i2c_stop               text14       0012CA
__end_of_i2c_write              text13       0012A2
__end_of_main                   text0        000F76
__end_of_myISR_high             intcode_body 00109A
__end_of_myISR_low              intcodelo    000060
__end_of_timerStart             text2        001316
__end_of_timerZero_Init         text1        0012B6
__initialization                cinit        000E7E
__mediumconst                   mediumconst  000000
__pbssBANK0                     bssBANK0     000060
__pbssBIGRAM                    bssBIGRAM    0000C4
__pbssCOMRAM                    bssCOMRAM    00004B
__pcinit                        cinit        000E7E
__pcstackBANK0                  cstackBANK0  0000BD
__pcstackCOMRAM                 cstackCOMRAM 000001
__pdataBANK0                    dataBANK0    0000B0
__pdataCOMRAM                   dataCOMRAM   000032
__pidataBANK0                   idataBANK0   001300
__pidataCOMRAM                  idataCOMRAM  001270
__pintcode                      intcode      000008
__pintcode_body                 intcode_body 001046
__pintcodelo                    intcodelo    000018
__psmallconst                   smallconst   000800
__ptext0                        text0        000EFC
__ptext1                        text1        0012A2
__ptext10                       text10       0009EE
__ptext11                       text11       001316
__ptext12                       text12       000BFE
__ptext13                       text13       00128A
__ptext14                       text14       0012B6
__ptext15                       text15       0012CA
__ptext16                       text16       001144
__ptext17                       text17       0012DE
__ptext18                       text18       000AFA
__ptext19                       text19       0011A8
__ptext2                        text2        00130E
__ptext20                       text20       001176
__ptext21                       text21       001110
__ptext22                       text22       0010D6
__ptext23                       text23       000DE4
__ptext24                       text24       00109A
__ptext25                       text25       001208
__ptext28                       text28       0011D8
__ptext29                       text29       000F76
__ptext3                        text3        000846
__ptext4                        text4        000CA6
__ptext5                        text5        001230
__ptext6                        text6        000D4A
__ptext7                        text7        001254
__ptext8                        text8        0012F2
__ptext9                        text9        000FEC
__ramtop                        ramtop       000800
__rx_buffer                     bssBIGRAM    0000C4
__rx_buffer_head                bssCOMRAM    00004D
__rx_buffer_tail                bssCOMRAM    00004B
__size_of_BCD_to_ASCII          (abs)        000000
__size_of_DS1307_Display_UART   (abs)        000000
__size_of_DS1307_read           (abs)        000000
__size_of_Enable_Interrupt      (abs)        000000
__size_of_I2C_INTIALIZE         (abs)        000000
__size_of_Interrupt_Init        (abs)        000000
__size_of_LCD_clear             (abs)        000000
__size_of_LCD_goto              (abs)        000000
__size_of_LCD_init              (abs)        000000
__size_of_LCD_putrs             (abs)        000000
__size_of_LCD_puts              (abs)        000000
__size_of_LCD_send              (abs)        000000
__size_of_Ports_Init            (abs)        000000
__size_of_UART_Init             (abs)        000000
__size_of_UART_puts             (abs)        000000
__size_of_UART_rx_complete_irq  (abs)        000000
__size_of_UART_tx_udr_empty_irq (abs)        000000
__size_of_UART_write            (abs)        000000
__size_of___aldiv               (abs)        000000
__size_of___lldiv               (abs)        000000
__size_of_i2c_RS                (abs)        000000
__size_of_i2c_read              (abs)        000000
__size_of_i2c_start             (abs)        000000
__size_of_i2c_stop              (abs)        000000
__size_of_i2c_write             (abs)        000000
__size_of_main                  (abs)        000000
__size_of_myISR_high            (abs)        000000
__size_of_myISR_low             (abs)        000000
__size_of_timerStart            (abs)        000000
__size_of_timerZero_Init        (abs)        000000
__smallconst                    smallconst   000800
__tx_buffer                     bssBANK0     000060
__tx_buffer_head                bssCOMRAM    000054
__tx_buffer_tail                bssCOMRAM    000053
_dummy                          bssCOMRAM    000050
_eish                           dataCOMRAM   000032
_flag                           bssCOMRAM    00004F
_i2c_RS                         text17       0012DE
_i2c_read                       text16       001144
_i2c_start                      text15       0012CA
_i2c_stop                       text14       0012B6
_i2c_write                      text13       00128A
_main                           text0        000EFC
_myIP                           bssBANK0     0000A0
_myISR_high                     intcode      000008
_myISR_low                      intcodelo    000018
_seconds                        bssCOMRAM    000052
_state_machine                  bssCOMRAM    000051
_timerStart                     text2        00130E
_timerZero_Init                 text1        0012A2
btemp                           temp         000055
end_of_initialization           cinit        000EEA
i2c_read@ACK_NACK               cstackCOMRAM 00000B
i2c_write@data                  cstackCOMRAM 00000B
int$flags                       temp         000055
int_func                        intcode_body 001046
intlevel0                       text         000000
intlevel1                       text         000000
intlevel2                       text         000000
intlevel3                       text         000000
isa$std                         (abs)        000001
isa$xinst                       (abs)        000000
main@now                        cstackBANK0  0000BD
stackhi                         (abs)        0007FF
stacklo                         (abs)        0002C4
start                           init         000060
start_initialization            cinit        000E7E
ttemp5                          temp         000056
ttemp6                          temp         000059
ttemp7                          temp         00005D
wtemp8                          temp         000056


MODULE INFORMATION

Module		Function		Class		Link	Load	Size
C:\Program Files\Microchip\xc8\v2.32\pic\sources\c99\common\aldiv.c
		___aldiv       		CODE           	09EE	0000	268

C:\Program Files\Microchip\xc8\v2.32\pic\sources\c99\common\aldiv.c estimated size: 268

uart.c
		_UART_tx_udr_empty_irq		CODE           	11D8	0000	48
		_UART_Init     		CODE           	0846	0000	424
		_UART_rx_complete_irq		CODE           	0F76	0000	118
		_UART_puts     		CODE           	11A8	0000	48
		_UART_write    		CODE           	1176	0000	50

uart.c estimated size: 688

I2C.c
		_i2c_start     		CODE           	12CA	0000	20
		_I2C_INTIALIZE 		CODE           	0FEC	0000	90
		_i2c_RS        		CODE           	12DE	0000	20
		_i2c_write     		CODE           	128A	0000	24
		_i2c_stop      		CODE           	12B6	0000	20
		_i2c_read      		CODE           	1144	0000	50

I2C.c estimated size: 224

shared
		__initialization		CODE           	0E7E	0000	108

shared estimated size: 108

DS1307.c
		_DS1307_read   		CODE           	0BFE	0000	168
		_DS1307_Display_UART		CODE           	0AFA	0000	260
		_BCD_to_ASCII  		CODE           	1208	0000	40

DS1307.c estimated size: 468

C:\Program Files\Microchip\xc8\v2.32\pic\sources\c99\common\__lldiv.c
		___lldiv       		CODE           	0CA6	0000	164

C:\Program Files\Microchip\xc8\v2.32\pic\sources\c99\common\__lldiv.c estimated size: 164

main.c
		_myISR_low     		CODE           	0018	0000	72
		_timerZero_Init		CODE           	12A2	0000	20
		_main          		CODE           	0EFC	0000	122
		_myISR_high    		CODE           	0008	0000	90
		_Interrupt_Init		CODE           	12F2	0000	14
		_Enable_Interrupt		CODE           	1316	0000	6
		_Ports_Init    		CODE           	1230	0000	36
		_timerStart    		CODE           	130E	0000	8

main.c estimated size: 368

LCD.c
		_LCD_clear     		CODE           	1254	0000	28
		_LCD_goto      		CODE           	0DE4	0000	154
		_LCD_init      		CODE           	0D4A	0000	154
		_LCD_send      		CODE           	109A	0000	60
		_LCD_puts      		CODE           	1110	0000	52
		_LCD_putrs     		CODE           	10D6	0000	58

LCD.c estimated size: 506

