Microchip MPLAB XC8 Compiler V2.32

Linker command line:

-W-3 --edf=C:\Program Files\Microchip\xc8\v2.32\pic\dat\en_msgs.txt -cn \
  -h+dist/default/production\usbcdcdemo.X.production.sym \
  --cmf=dist/default/production\usbcdcdemo.X.production.cmf -z -Q18LF4550 \
  -oC:\Users\kolel\AppData\Local\Temp\xcAs524.4 --defsym=__MPLAB_BUILD=1 \
  -Mdist/default/production/usbcdcdemo.X.production.map -E1 \
  -ver=XC8 Compiler --acfsm=1493 -ASTACK=0F1h-03FFh -pstack=STACK \
  -ACODE=00h-07FFFh -ACONST=00h-07FFFh -ASMALLCONST=0800h-08FFhx120 \
  -AMEDIUMCONST=0800h-07FFFh -ACOMRAM=01h-05Fh -AABS1=00h-07FFh \
  -ABIGRAM=01h-07FFh -ARAM=060h-0FFh,0100h-01FFhx7 -ABANK0=060h-0FFh \
  -ABANK1=0100h-01FFh -ABANK2=0200h-02FFh -ABANK3=0300h-03FFh \
  -ABANK4=0400h-04FFh -ABANK5=0500h-05FFh -ABANK6=0600h-06FFh \
  -ABANK7=0700h-07FFh -ASFR=0F60h-0FFFh -ACONFIG=0300000h-030000Dh \
  -AIDLOC=0200000h-0200007h -AEEDATA=0F00000h-0F000FFh -peeprom_data=EEDATA \
  -preset_vec=00h,intcode=08h,intcodelo,powerup,init -pramtop=0800h \
  -psmallconst=SMALLCONST -pmediumconst=MEDIUMCONST -pconst=CONST \
  -AFARRAM=00h-00h \
  -prdata=COMRAM,nvrram=COMRAM,nvbit=COMRAM,rbss=COMRAM,rbit=COMRAM \
  -pfarbss=FARRAM,fardata=FARRAM,nvFARRAM=FARRAM \
  -pintsave_regs=BIGRAM,bigbss=BIGRAM,bigdata=BIGRAM -pbss=RAM \
  -pidata=CODE,irdata=CODE,ibigdata=CODE,ifardata=CODE -prparam=COMRAM \
  C:\Users\kolel\AppData\Local\Temp\xcAs524.o \
  dist/default/production\usbcdcdemo.X.production.o 

Object code version is 3.11

Machine type is 18LF4550



                Name                               Link     Load   Length Selector   Space Scale
C:\Users\kolel\AppData\Local\Temp\xcAs524.o
                idloc                            200000   200000        8        0       5
                config                           300000   300000        E        0       4
                init                                 62       62        4        4       0
                reset_vec                             0        0        4        0       0
dist/default/production\usbcdcdemo.X.production.o
                intcode                               8        8       5A        4       0
                idloc                            200000   200000        8        0       5
                config                           300000   300000        E        0       4
                temp                                 54       54        1        1       1
                smallconst                          800      800       AA      400       0
                text39                             1CC0     1CC0      110      455       0
                text38                             1DD0     1DD0      104      455       0
                text37                             20D8     20D8       F0      455       0
                text36                             17E4     17E4      142      455       0
                text35                             2758     2758       74      455       0
                text34                             2596     2596       AC      455       0
                text33                             28E0     28E0       4C      455       0
                text32                             1A66     1A66      13E      455       0
                text31                             27CC     27CC       64      455       0
                text30                             1FD6     1FD6      102      455       0
                text29                             26D0     26D0       88      455       0
                text28                              8AA      8AA      354      455       0
                text27                             12AC     12AC      160      455       0
                text26                             1ED4     1ED4      102      455       0
                text25                             1136     1136      176      455       0
                text24                             21C8     21C8       E6      455       0
                text23                             1BA4     1BA4      11C      455       0
                text22                             24EA     24EA       AC      455       0
                text21                             1926     1926      140      455       0
                text20                             2642     2642       8E      455       0
                text19                             2890     2890       50      455       0
                text18                             2432     2432       B8      455       0
                text17                             29E4     29E4       34      455       0
                text16                             2830     2830       60      455       0
                text15                             2A74     2A74       2C      455       0
                text14                             296E     296E       3E      455       0
                text13                             155A     155A      148      455       0
                text12                              BFE      BFE      228      455       0
                text11                             2A18     2A18       30      455       0
                text9                              16A2     16A2      142      455       0
                text8                               E26      E26      198      455       0
                text7                              237A     237A       B8      455       0
                text6                              292C     292C       42      455       0
                text5                               FBE      FBE      178      455       0
                text4                              140C     140C      14E      455       0
                text3                              2AC6     2AC6        E      455       0
                text2                              29AC     29AC       38      455       0
                text1                              2A48     2A48       2C      455       0
                text0                              22AE     22AE       CC      455       0
                cstackCOMRAM                         2B       2B       29        1       1
                cstackBANK0                          DE       DE       13       60       1
                bssBANK0                             60       60       7E       60       1
                bssCOMRAM                             1        1       2A        1       1
                cinit                              2AA0     2AA0       26      455       0

TOTAL           Name                               Link     Load   Length     Space
        CLASS   STACK          

        CLASS   CODE           
                intcode                               8        8       5A         0
                init                                 62       62        4         0
                reset_vec                             0        0        4         0
                text39                             1CC0     1CC0      110         0
                text38                             1DD0     1DD0      104         0
                text37                             20D8     20D8       F0         0
                text36                             17E4     17E4      142         0
                text35                             2758     2758       74         0
                text34                             2596     2596       AC         0
                text33                             28E0     28E0       4C         0
                text32                             1A66     1A66      13E         0
                text31                             27CC     27CC       64         0
                text30                             1FD6     1FD6      102         0
                text29                             26D0     26D0       88         0
                text28                              8AA      8AA      354         0
                text27                             12AC     12AC      160         0
                text26                             1ED4     1ED4      102         0
                text25                             1136     1136      176         0
                text24                             21C8     21C8       E6         0
                text23                             1BA4     1BA4      11C         0
                text22                             24EA     24EA       AC         0
                text21                             1926     1926      140         0
                text20                             2642     2642       8E         0
                text19                             2890     2890       50         0
                text18                             2432     2432       B8         0
                text17                             29E4     29E4       34         0
                text16                             2830     2830       60         0
                text15                             2A74     2A74       2C         0
                text14                             296E     296E       3E         0
                text13                             155A     155A      148         0
                text12                              BFE      BFE      228         0
                text11                             2A18     2A18       30         0
                text9                              16A2     16A2      142         0
                text8                               E26      E26      198         0
                text7                              237A     237A       B8         0
                text6                              292C     292C       42         0
                text5                               FBE      FBE      178         0
                text4                              140C     140C      14E         0
                text3                              2AC6     2AC6        E         0
                text2                              29AC     29AC       38         0
                text1                              2A48     2A48       2C         0
                text0                              22AE     22AE       CC         0
                cinit                              2AA0     2AA0       26         0

        CLASS   CONST          

        CLASS   SMALLCONST     
                smallconst                          800      800       AA         0

        CLASS   MEDIUMCONST    

        CLASS   COMRAM         
                temp                                 54       54        1         1
                cstackCOMRAM                         2B       2B       29         1
                bssCOMRAM                             1        1       2A         1

        CLASS   ABS1           
                abs_s1                              400      400       38         1
                abs_s1                              450      450       20         1
                abs_s1                              500      500       80         1

        CLASS   BIGRAM         

        CLASS   RAM            

        CLASS   BANK0          
                cstackBANK0                          DE       DE       13         1
                bssBANK0                             60       60       7E         1

        CLASS   BANK1          

        CLASS   BANK2          

        CLASS   BANK3          

        CLASS   BANK4          

        CLASS   BANK5          

        CLASS   BANK6          

        CLASS   BANK7          

        CLASS   SFR            

        CLASS   CONFIG         
                config                           300000   300000        E         4

        CLASS   IDLOC          
                idloc                            200000   200000        8         5

        CLASS   EEDATA         

        CLASS   FARRAM         



SEGMENTS        Name                           Load    Length   Top    Selector   Space  Class

                reset_vec                      000000  000004  000004         0       0  CODE    
                bssCOMRAM                      000001  000054  000055         1       1  COMRAM  
                intcode                        000008  00005E  000066         4       0  CODE    
                bssBANK0                       000060  000091  0000F1        60       1  BANK0   
                smallconst                     000800  0000AA  0008AA       400       0  SMALLCON
                text28                         0008AA  00222A  002AD4       455       0  CODE    


UNUSED ADDRESS RANGES

        Name                Unused          Largest block    Delta
        BANK0            0000F1-0000FF                F
        BANK1            000100-0001FF              100
        BANK2            000200-0002FF              100
        BANK3            000300-0003FF              100
        BANK4            000438-00044F               18
                         000470-0004FF               90
        BANK5            000580-0005FF               80
        BANK6            000600-0006FF              100
        BANK7            000700-0007FF              100
        BIGRAM           000055-00005F                B
                         0000F1-0003FF              30F
                         000438-00044F               18
                         000470-0004FF               90
                         000580-0007FF              280
        CODE             000004-000007                4
                         000066-0007FF              79A
                         002AD4-007FFF             552C
        COMRAM           000055-00005F                B
        CONST            000004-000007                4
                         000066-0007FF              79A
                         002AD4-007FFF             552C
        EEDATA           F00000-F000FF              100
        MEDIUMCONST      002AD4-007FFF             552C
        RAM              0000F1-0003FF              100
                         000438-00044F               18
                         000470-0004FF               90
                         000580-0007FF              100
        SFR              000F60-000FFF               A0
        SMALLCONST       002AD4-007FFF              100
        STACK            0000F1-0003FF              30F

                                  Symbol Table

?_USBTransferOnePacket                    cstackBANK0  0000DE
?i2_USBTransferOnePacket                  cstackCOMRAM 00002B
CDCTxService@byte_to_send                 cstackBANK0  0000EA
CDCTxService@i                            cstackBANK0  0000E9
USBConfigureEndpoint@EPNum                cstackCOMRAM 000030
USBConfigureEndpoint@direction            cstackCOMRAM 00002B
USBConfigureEndpoint@handle               cstackCOMRAM 000031
USBCtrlTrfInHandler@lastDTS               cstackCOMRAM 00002C
USBCtrlTrfRxService@byteToRead            cstackCOMRAM 00002C
USBCtrlTrfRxService@i                     cstackCOMRAM 00002B
USBCtrlTrfTxService@byteToSend            cstackCOMRAM 00002B
USBDeviceInit@i                           cstackBANK0  0000EA
USBDeviceTasks@i                          cstackCOMRAM 000049
USBEnableEndpoint@ep                      cstackCOMRAM 000036
USBEnableEndpoint@options                 cstackCOMRAM 000033
USBEnableEndpoint@p                       cstackCOMRAM 000034
USBStdFeatureReqHandler@current_ep_data   cstackCOMRAM 000043
USBStdFeatureReqHandler@p                 cstackCOMRAM 000044
USBStdFeatureReqHandler@pUEP              cstackCOMRAM 000041
USBStdGetStatusHandler@p                  cstackCOMRAM 00002D
USBStdSetCfgHandler@i                     cstackCOMRAM 00003F
USBTransferOnePacket@data                 cstackBANK0  0000DF
USBTransferOnePacket@dir                  cstackBANK0  0000DE
USBTransferOnePacket@ep                   cstackBANK0  0000E6
USBTransferOnePacket@handle               cstackBANK0  0000E7
USBTransferOnePacket@len                  cstackBANK0  0000E1
USER_USB_CALLBACK_EVENT_HANDLER@event     cstackCOMRAM 000037
USER_USB_CALLBACK_EVENT_HANDLER@pdata     cstackCOMRAM 000039
USER_USB_CALLBACK_EVENT_HANDLER@size      cstackCOMRAM 00003B
_BDT                                      (abs)        000400
_BaudRateGen                              bssBANK0     000070
_BothEP0OutUOWNsSet                       bssCOMRAM    000022
_CDCDataInHandle                          bssBANK0     000084
_CDCDataOutHandle                         bssBANK0     000086
_CDCInitEP                                text31       0027CC
_CDCTxService                             text8        000E26
_CtrlTrfData                              (abs)        000450
_INTCONbits                               (abs)        000FF2
_IPR2bits                                 (abs)        000FA2
_PIE2bits                                 (abs)        000FA0
_PIR2bits                                 (abs)        000FA1
_RemoteWakeup                             bssCOMRAM    000025
_SetupPkt                                 (abs)        000430
_UADDR                                    (abs)        000F6E
_UCFG                                     (abs)        000F6F
_UCON                                     (abs)        000F6D
_UCONbits                                 (abs)        000F6D
_UEIE                                     (abs)        000F6B
_UEIR                                     (abs)        000F6A
_UEP0                                     (abs)        000F70
_UEP0bits                                 (abs)        000F70
_UEP1                                     (abs)        000F71
_UIE                                      (abs)        000F69
_UIEbits                                  (abs)        000F69
_UIR                                      (abs)        000F68
_UIRbits                                  (abs)        000F68
_USB1msTickCount                          bssBANK0     000074
_USBActiveConfiguration                   bssCOMRAM    00002A
_USBAlternateInterface                    bssBANK0     0000DC
_USBBusIsSuspended                        bssCOMRAM    000024
_USBCheckCDCRequest                       text30       001FD6
_USBCheckStdRequest                       text23       001BA4
_USBConfigureEndpoint                     text34       002596
_USBCtrlEPAllowDataStage                  text22       0024EA
_USBCtrlEPAllowStatusStage                text37       0020D8
_USBCtrlEPService                         text18       002432
_USBCtrlEPServiceComplete                 text21       001926
_USBCtrlTrfInHandler                      text38       001DD0
_USBCtrlTrfOutHandler                     text35       002758
_USBCtrlTrfRxService                      text36       0017E4
_USBCtrlTrfSetupHandler                   text20       002642
_USBCtrlTrfTxService                      text39       001CC0
_USBDeferINDataStagePackets               bssCOMRAM    00001D
_USBDeferOUTDataStagePackets              bssCOMRAM    00001C
_USBDeferStatusStagePacket                bssCOMRAM    000020
_USBDeviceAttach                          text6        00292C
_USBDeviceInit                            text4        00140C
_USBDeviceState                           bssCOMRAM    000028
_USBDeviceTasks                           text12       000BFE
_USBEnableEndpoint                        text33       0028E0
_USBIncrement1msInternalTimers            text17       0029E4
_USBStallHandler                          text16       002830
_USBStatusStageEnabledFlag1               bssCOMRAM    00001F
_USBStatusStageEnabledFlag2               bssCOMRAM    00001E
_USBStatusStageTimeoutCounter             bssCOMRAM    000021
_USBStdFeatureReqHandler                  text28       0008AA
_USBStdGetDscHandler                      text27       0012AC
_USBStdGetStatusHandler                   text26       001ED4
_USBStdSetCfgHandler                      text24       0021C8
_USBSuspend                               text15       002A74
_USBTicksSinceSuspendEnd                  bssCOMRAM    00001B
_USBTransferOnePacket                     text9        0016A2
_USBWakeFromSuspend                       text14       00296E
_USB_CD_Ptr                               smallconst   000807
_USB_SD_Ptr                               smallconst   000801
_USER_USB_CALLBACK_EVENT_HANDLER          text29       0026D0
_USTAT                                    (abs)        000F6C
_USTATcopy                                bssCOMRAM    000029
__HRAM                                    (abs)        000000
__Habs1                                   abs1         000000
__Hbank0                                  bank0        000000
__Hbank1                                  bank1        000000
__Hbank2                                  bank2        000000
__Hbank3                                  bank3        000000
__Hbank4                                  bank4        000000
__Hbank5                                  bank5        000000
__Hbank6                                  bank6        000000
__Hbank7                                  bank7        000000
__Hbigbss                                 bigbss       000000
__Hbigdata                                bigdata      000000
__Hbigram                                 bigram       000000
__Hbss                                    bss          000000
__HbssBANK0                               bssBANK0     000000
__HbssCOMRAM                              bssCOMRAM    000000
__Hcinit                                  cinit        000000
__Hclrtext                                clrtext      000000
__Hcomram                                 comram       000000
__Hconfig                                 config       30000E
__Hconst                                  const        000000
__HcstackBANK0                            cstackBANK0  000000
__HcstackCOMRAM                           cstackCOMRAM 000000
__Hdata                                   data         000000
__Heeprom_data                            eeprom_data  000000
__Hfarbss                                 farbss       000000
__Hfardata                                fardata      000000
__Hibigdata                               ibigdata     000000
__Hidata                                  idata        000000
__Hidloc                                  idloc        200008
__Hifardata                               ifardata     000000
__Hinit                                   init         000066
__Hintcode                                intcode      000062
__Hintcode_body                           intcode_body 000000
__Hintcodelo                              intcodelo    000062
__Hintentry                               intentry     000000
__Hintret                                 intret       000000
__Hintsave_regs                           intsave_regs 000000
__Hirdata                                 irdata       000000
__Hmediumconst                            mediumconst  000000
__HnvFARRAM                               nvFARRAM     000000
__Hnvbit                                  nvbit        000000
__Hnvrram                                 nvrram       000000
__Hparam                                  rparam       000000
__Hpowerup                                powerup      000062
__Hram                                    ram          000000
__Hramtop                                 ramtop       000800
__Hrbit                                   rbit         000000
__Hrbss                                   rbss         000000
__Hrdata                                  rdata        000000
__Hreset_vec                              reset_vec    000004
__Hrparam                                 rparam       000000
__Hsfr                                    sfr          000000
__Hsmallconst                             smallconst   0008AA
__Hspace_0                                (abs)        002AD4
__Hspace_1                                (abs)        0000F1
__Hspace_2                                (abs)        000000
__Hspace_4                                (abs)        60000E
__Hstack                                  stack        000000
__Hstruct                                 struct       000000
__Htemp                                   temp         000055
__Htext                                   text         000000
__Htext0                                  text0        000000
__Htext1                                  text1        000000
__Htext11                                 text11       000000
__Htext12                                 text12       000000
__Htext13                                 text13       000000
__Htext14                                 text14       000000
__Htext15                                 text15       000000
__Htext16                                 text16       000000
__Htext17                                 text17       000000
__Htext18                                 text18       000000
__Htext19                                 text19       000000
__Htext2                                  text2        000000
__Htext20                                 text20       000000
__Htext21                                 text21       000000
__Htext22                                 text22       000000
__Htext23                                 text23       000000
__Htext24                                 text24       000000
__Htext25                                 text25       000000
__Htext26                                 text26       000000
__Htext27                                 text27       000000
__Htext28                                 text28       000000
__Htext29                                 text29       000000
__Htext3                                  text3        000000
__Htext30                                 text30       000000
__Htext31                                 text31       000000
__Htext32                                 text32       000000
__Htext33                                 text33       000000
__Htext34                                 text34       000000
__Htext35                                 text35       000000
__Htext36                                 text36       000000
__Htext37                                 text37       000000
__Htext38                                 text38       000000
__Htext39                                 text39       000000
__Htext4                                  text4        000000
__Htext5                                  text5        000000
__Htext6                                  text6        000000
__Htext7                                  text7        000000
__Htext8                                  text8        000000
__Htext9                                  text9        000000
__LRAM                                    (abs)        000001
__Labs1                                   abs1         000000
__Lbank0                                  bank0        000000
__Lbank1                                  bank1        000000
__Lbank2                                  bank2        000000
__Lbank3                                  bank3        000000
__Lbank4                                  bank4        000000
__Lbank5                                  bank5        000000
__Lbank6                                  bank6        000000
__Lbank7                                  bank7        000000
__Lbigbss                                 bigbss       000000
__Lbigdata                                bigdata      000000
__Lbigram                                 bigram       000000
__Lbss                                    bss          000000
__LbssBANK0                               bssBANK0     000000
__LbssCOMRAM                              bssCOMRAM    000000
__Lcinit                                  cinit        000000
__Lclrtext                                clrtext      000000
__Lcomram                                 comram       000000
__Lconfig                                 config       000000
__Lconst                                  const        000000
__LcstackBANK0                            cstackBANK0  000000
__LcstackCOMRAM                           cstackCOMRAM 000000
__Ldata                                   data         000000
__Leeprom_data                            eeprom_data  000000
__Lfarbss                                 farbss       000000
__Lfardata                                fardata      000000
__Libigdata                               ibigdata     000000
__Lidata                                  idata        000000
__Lidloc                                  idloc        000000
__Lifardata                               ifardata     000000
__Linit                                   init         000062
__Lintcode                                intcode      000008
__Lintcode_body                           intcode_body 000000
__Lintcodelo                              intcodelo    000062
__Lintentry                               intentry     000000
__Lintret                                 intret       000000
__Lintsave_regs                           intsave_regs 000000
__Lirdata                                 irdata       000000
__Lmediumconst                            mediumconst  000000
__LnvFARRAM                               nvFARRAM     000000
__Lnvbit                                  nvbit        000000
__Lnvrram                                 nvrram       000000
__Lparam                                  rparam       000000
__Lpowerup                                powerup      000062
__Lram                                    ram          000000
__Lramtop                                 ramtop       000800
__Lrbit                                   rbit         000000
__Lrbss                                   rbss         000000
__Lrdata                                  rdata        000000
__Lreset_vec                              reset_vec    000000
__Lrparam                                 rparam       000000
__Lsfr                                    sfr          000000
__Lsmallconst                             smallconst   000800
__Lspace_0                                (abs)        000000
__Lspace_1                                (abs)        000000
__Lspace_2                                (abs)        000000
__Lspace_4                                (abs)        000000
__Lstack                                  stack        000000
__Lstruct                                 struct       000000
__Ltemp                                   temp         000054
__Ltext                                   text         000000
__Ltext0                                  text0        000000
__Ltext1                                  text1        000000
__Ltext11                                 text11       000000
__Ltext12                                 text12       000000
__Ltext13                                 text13       000000
__Ltext14                                 text14       000000
__Ltext15                                 text15       000000
__Ltext16                                 text16       000000
__Ltext17                                 text17       000000
__Ltext18                                 text18       000000
__Ltext19                                 text19       000000
__Ltext2                                  text2        000000
__Ltext20                                 text20       000000
__Ltext21                                 text21       000000
__Ltext22                                 text22       000000
__Ltext23                                 text23       000000
__Ltext24                                 text24       000000
__Ltext25                                 text25       000000
__Ltext26                                 text26       000000
__Ltext27                                 text27       000000
__Ltext28                                 text28       000000
__Ltext29                                 text29       000000
__Ltext3                                  text3        000000
__Ltext30                                 text30       000000
__Ltext31                                 text31       000000
__Ltext32                                 text32       000000
__Ltext33                                 text33       000000
__Ltext34                                 text34       000000
__Ltext35                                 text35       000000
__Ltext36                                 text36       000000
__Ltext37                                 text37       000000
__Ltext38                                 text38       000000
__Ltext39                                 text39       000000
__Ltext4                                  text4        000000
__Ltext5                                  text5        000000
__Ltext6                                  text6        000000
__Ltext7                                  text7        000000
__Ltext8                                  text8        000000
__Ltext9                                  text9        000000
__S0                                      (abs)        002AD4
__S1                                      (abs)        0000F1
__S2                                      (abs)        000000
__S4                                      (abs)        000000
__S5                                      (abs)        000000
___inthi_sp                               stack        000000
___intlo_sp                               stack        000000
___param_bank                             (abs)        000000
___rparam_used                            (abs)        000001
___sp                                     stack        000000
__accesstop                               (abs)        000060
__activetblptr                            (abs)        000002
__end_of_CDCInitEP                        text31       002830
__end_of_CDCTxService                     text8        000FBE
__end_of_USBCheckCDCRequest               text30       0020D8
__end_of_USBCheckStdRequest               text23       001CC0
__end_of_USBConfigureEndpoint             text34       002642
__end_of_USBCtrlEPAllowDataStage          text22       002596
__end_of_USBCtrlEPAllowStatusStage        text37       0021C8
__end_of_USBCtrlEPService                 text18       0024EA
__end_of_USBCtrlEPServiceComplete         text21       001A66
__end_of_USBCtrlTrfInHandler              text38       001ED4
__end_of_USBCtrlTrfOutHandler             text35       0027CC
__end_of_USBCtrlTrfRxService              text36       001926
__end_of_USBCtrlTrfSetupHandler           text20       0026D0
__end_of_USBCtrlTrfTxService              text39       001DD0
__end_of_USBDeviceAttach                  text6        00296E
__end_of_USBDeviceInit                    text4        00155A
__end_of_USBDeviceTasks                   text12       000E26
__end_of_USBEnableEndpoint                text33       00292C
__end_of_USBIncrement1msInternalTimers    text17       002A18
__end_of_USBStallHandler                  text16       002890
__end_of_USBStdFeatureReqHandler          text28       000BFE
__end_of_USBStdGetDscHandler              text27       00140C
__end_of_USBStdGetStatusHandler           text26       001FD6
__end_of_USBStdSetCfgHandler              text24       0022AE
__end_of_USBSuspend                       text15       002AA0
__end_of_USBTransferOnePacket             text9        0017E4
__end_of_USBWakeFromSuspend               text14       0029AC
__end_of_USB_CD_Ptr                       smallconst   000809
__end_of_USB_SD_Ptr                       smallconst   000807
__end_of_USER_USB_CALLBACK_EVENT_HANDLER  text29       002758
__end_of__initialization                  cinit        002AB8
__end_of_configDescriptor1                smallconst   00084C
__end_of_device_dsc                       smallconst   0008A4
__end_of_getsUSBUSART                     text7        002432
__end_of_initUSBLib                       text3        002AD4
__end_of_isUSBReady                       text2        0029E4
__end_of_main                             text0        00237A
__end_of_mainISR                          intcode      000062
__end_of_memcpy                           text19       0028E0
__end_of_memset                           text5        001136
__end_of_processUSBTasks                  text11       002A48
__end_of_putUSBUSART                      text1        002A74
__end_of_sd000                            smallconst   0008A8
__end_of_sd001                            smallconst   000872
__end_of_sd002                            smallconst   000892
__end_ofi2_USBDeviceInit                  text13       0016A2
__end_ofi2_USBTransferOnePacket           text32       001BA4
__end_ofi2_memset                         text25       0012AC
__initialization                          cinit        002AA0
__mediumconst                             mediumconst  000000
__pbssBANK0                               bssBANK0     000060
__pbssCOMRAM                              bssCOMRAM    000001
__pcinit                                  cinit        002AA0
__pcstackBANK0                            cstackBANK0  0000DE
__pcstackCOMRAM                           cstackCOMRAM 00002B
__pintcode                                intcode      000008
__psmallconst                             smallconst   000800
__ptext0                                  text0        0022AE
__ptext1                                  text1        002A48
__ptext11                                 text11       002A18
__ptext12                                 text12       000BFE
__ptext13                                 text13       00155A
__ptext14                                 text14       00296E
__ptext15                                 text15       002A74
__ptext16                                 text16       002830
__ptext17                                 text17       0029E4
__ptext18                                 text18       002432
__ptext19                                 text19       002890
__ptext2                                  text2        0029AC
__ptext20                                 text20       002642
__ptext21                                 text21       001926
__ptext22                                 text22       0024EA
__ptext23                                 text23       001BA4
__ptext24                                 text24       0021C8
__ptext25                                 text25       001136
__ptext26                                 text26       001ED4
__ptext27                                 text27       0012AC
__ptext28                                 text28       0008AA
__ptext29                                 text29       0026D0
__ptext3                                  text3        002AC6
__ptext30                                 text30       001FD6
__ptext31                                 text31       0027CC
__ptext32                                 text32       001A66
__ptext33                                 text33       0028E0
__ptext34                                 text34       002596
__ptext35                                 text35       002758
__ptext36                                 text36       0017E4
__ptext37                                 text37       0020D8
__ptext38                                 text38       001DD0
__ptext39                                 text39       001CC0
__ptext4                                  text4        00140C
__ptext5                                  text5        000FBE
__ptext6                                  text6        00292C
__ptext7                                  text7        00237A
__ptext8                                  text8        000E26
__ptext9                                  text9        0016A2
__ramtop                                  ramtop       000800
__size_of_CDCInitEP                       (abs)        000000
__size_of_CDCTxService                    (abs)        000000
__size_of_USBCheckCDCRequest              (abs)        000000
__size_of_USBCheckStdRequest              (abs)        000000
__size_of_USBConfigureEndpoint            (abs)        000000
__size_of_USBCtrlEPAllowDataStage         (abs)        000000
__size_of_USBCtrlEPAllowStatusStage       (abs)        000000
__size_of_USBCtrlEPService                (abs)        000000
__size_of_USBCtrlEPServiceComplete        (abs)        000000
__size_of_USBCtrlTrfInHandler             (abs)        000000
__size_of_USBCtrlTrfOutHandler            (abs)        000000
__size_of_USBCtrlTrfRxService             (abs)        000000
__size_of_USBCtrlTrfSetupHandler          (abs)        000000
__size_of_USBCtrlTrfTxService             (abs)        000000
__size_of_USBDeviceAttach                 (abs)        000000
__size_of_USBDeviceInit                   (abs)        000000
__size_of_USBDeviceTasks                  (abs)        000000
__size_of_USBEnableEndpoint               (abs)        000000
__size_of_USBIncrement1msInternalTimers   (abs)        000000
__size_of_USBStallHandler                 (abs)        000000
__size_of_USBStdFeatureReqHandler         (abs)        000000
__size_of_USBStdGetDscHandler             (abs)        000000
__size_of_USBStdGetStatusHandler          (abs)        000000
__size_of_USBStdSetCfgHandler             (abs)        000000
__size_of_USBSuspend                      (abs)        000000
__size_of_USBTransferOnePacket            (abs)        000000
__size_of_USBWakeFromSuspend              (abs)        000000
__size_of_USER_USB_CALLBACK_EVENT_HANDLER (abs)        000000
__size_of_getsUSBUSART                    (abs)        000000
__size_of_initUSBLib                      (abs)        000000
__size_of_isUSBReady                      (abs)        000000
__size_of_main                            (abs)        000000
__size_of_mainISR                         (abs)        000000
__size_of_memcpy                          (abs)        000000
__size_of_memset                          (abs)        000000
__size_of_processUSBTasks                 (abs)        000000
__size_of_putUSBUSART                     (abs)        000000
__size_ofi2_USBDeviceInit                 (abs)        000000
__size_ofi2_USBTransferOnePacket          (abs)        000000
__size_ofi2_memset                        (abs)        000000
__smallconst                              smallconst   000800
_cdc_data_rx                              (abs)        000540
_cdc_data_tx                              (abs)        000500
_cdc_mem_type                             bssBANK0     00008B
_cdc_notice                               bssBANK0     000060
_cdc_rx_len                               bssBANK0     00008C
_cdc_trf_state                            bssCOMRAM    00001A
_cdc_tx_len                               bssCOMRAM    000019
_configDescriptor1                        smallconst   000809
_controlTransferState                     bssCOMRAM    000026
_control_signal_bitmap                    bssBANK0     00008A
_device_dsc                               smallconst   000892
_dummy_encapsulated_cmd_response          bssBANK0     0000CD
_endpoint_number                          bssCOMRAM    000023
_ep_data_in                               bssBANK0     000081
_ep_data_out                              bssBANK0     00007E
_getsUSBUSART                             text7        00237A
_inPipes                                  bssCOMRAM    000009
_initUSBLib                               text3        002AC6
_isUSBReady                               text2        0029AC
_isUSBReady$247                           cstackBANK0  0000DE
_line_coding                              bssBANK0     0000D5
_main                                     text0        0022AE
_mainISR                                  intcode      000008
_memcpy                                   text19       002890
_memset                                   text5        000FBE
_outPipes                                 bssCOMRAM    000001
_pBDTEntryEP0OutCurrent                   bssCOMRAM    000017
_pBDTEntryEP0OutNext                      bssCOMRAM    000015
_pBDTEntryIn                              bssCOMRAM    00000F
_pBDTEntryOut                             bssBANK0     00006A
_pCDCDst                                  bssBANK0     000078
_pCDCSrc                                  bssBANK0     00007B
_pDst                                     bssBANK0     000088
_processUSBTasks                          text11       002A18
_putUSBUSART                              text1        002A48
_sd000                                    smallconst   0008A4
_sd001                                    smallconst   00084C
_sd002                                    smallconst   000872
_shortPacketStatus                        bssCOMRAM    000027
_usbReadBuffer                            bssBANK0     0000AD
_usbWriteBuffer                           bssBANK0     00008D
btemp                                     temp         000054
end_of_initialization                     cinit        002AB8
getsUSBUSART@buffer                       cstackBANK0  0000E9
getsUSBUSART@len                          cstackBANK0  0000EB
i2USBDeviceInit@i                         cstackCOMRAM 000037
i2USBTransferOnePacket@data               cstackCOMRAM 00002C
i2USBTransferOnePacket@dir                cstackCOMRAM 00002B
i2USBTransferOnePacket@ep                 cstackCOMRAM 000033
i2USBTransferOnePacket@handle             cstackCOMRAM 000034
i2USBTransferOnePacket@len                cstackCOMRAM 00002E
i2_USBDeviceInit                          text13       00155A
i2_USBTransferOnePacket                   text32       001A66
i2_memset                                 text25       001136
i2memset@c                                cstackCOMRAM 00002D
i2memset@dest                             cstackCOMRAM 00002B
i2memset@k                                cstackCOMRAM 000033
i2memset@n                                cstackCOMRAM 00002F
i2memset@s                                cstackCOMRAM 000035
int$flags                                 temp         000054
intlevel0                                 text         000000
intlevel1                                 text         000000
intlevel2                                 text         000000
intlevel3                                 text         000000
isa$std                                   (abs)        000001
isa$xinst                                 (abs)        000000
main@i                                    cstackBANK0  0000F0
main@numBytesRead                         cstackBANK0  0000EF
memcpy@d                                  cstackCOMRAM 000031
memcpy@d1                                 cstackCOMRAM 00002B
memcpy@n                                  cstackCOMRAM 00002F
memcpy@s                                  cstackCOMRAM 000033
memcpy@s1                                 cstackCOMRAM 00002D
memcpy@tmp                                cstackCOMRAM 000035
memset@c                                  cstackBANK0  0000E0
memset@dest                               cstackBANK0  0000DE
memset@k                                  cstackBANK0  0000E6
memset@n                                  cstackBANK0  0000E2
memset@s                                  cstackBANK0  0000E8
putUSBUSART@data                          cstackBANK0  0000DE
putUSBUSART@length                        cstackBANK0  0000E0
stackhi                                   (abs)        0003FF
stacklo                                   (abs)        0000F1
start                                     init         000062
start_initialization                      cinit        002AA0
ttemp5                                    temp         000055
ttemp6                                    temp         000058
ttemp7                                    temp         00005C
wtemp8                                    temp         000055


MODULE INFORMATION

Module		Function		Class		Link	Load	Size
C:\Program Files\Microchip\xc8\v2.32\pic\sources\c99\common\memset.c
		_memset        		CODE           	0FBE	0000	376

C:\Program Files\Microchip\xc8\v2.32\pic\sources\c99\common\memset.c estimated size: 376

C:\Program Files\Microchip\xc8\v2.32\pic\sources\c99\common\memcpy.c
		_memcpy        		CODE           	2890	0000	80

C:\Program Files\Microchip\xc8\v2.32\pic\sources\c99\common\memcpy.c estimated size: 80

usb_cdc_lib.c
		_isUSBReady    		CODE           	29AC	0000	56
		_initUSBLib    		CODE           	2AC6	0000	14
		_processUSBTasks		CODE           	2A18	0000	48

usb_cdc_lib.c estimated size: 118

shared
		_configDescriptor1		SMALLCONST     	0809	0000	67
		_USB_CD_Ptr    		SMALLCONST     	0807	0000	2
		_sd001         		SMALLCONST     	084C	0000	38
		_sd002         		SMALLCONST     	0872	0000	32
		i2_USBDeviceInit		CODE           	155A	0000	328
		__initialization		CODE           	2AA0	0000	24
		_device_dsc    		SMALLCONST     	0892	0000	18
		_USB_SD_Ptr    		SMALLCONST     	0801	0000	6
		i2_memset      		CODE           	1136	0000	374
		_sd000         		SMALLCONST     	08A4	0000	4
		i2_USBTransferOnePacket		CODE           	1A66	0000	318

shared estimated size: 1211

usb_device_cdc.c
		_CDCTxService  		CODE           	0E26	0000	408
		_CDCInitEP     		CODE           	27CC	0000	100
		_putUSBUSART   		CODE           	2A48	0000	44
		_getsUSBUSART  		CODE           	237A	0000	184
		_USBCheckCDCRequest		CODE           	1FD6	0000	258

usb_device_cdc.c estimated size: 994

usb_device_events.c
		_USER_USB_CALLBACK_EVENT_HANDLER		CODE           	26D0	0000	136

usb_device_events.c estimated size: 136

usb_device.c
		_USBCtrlTrfInHandler		CODE           	1DD0	0000	260
		_USBTransferOnePacket		CODE           	16A2	0000	322
		_USBDeviceAttach		CODE           	292C	0000	66
		_USBStdGetDscHandler		CODE           	12AC	0000	352
		_USBCtrlEPAllowDataStage		CODE           	24EA	0000	172
		_USBStdFeatureReqHandler		CODE           	08AA	0000	852
		_USBCtrlEPAllowStatusStage		CODE           	20D8	0000	240
		_USBCtrlTrfSetupHandler		CODE           	2642	0000	142
		_USBCtrlTrfOutHandler		CODE           	2758	0000	116
		_USBCtrlEPServiceComplete		CODE           	1926	0000	320
		_USBSuspend    		CODE           	2A74	0000	44
		_USBStdSetCfgHandler		CODE           	21C8	0000	230
		_USBStdGetStatusHandler		CODE           	1ED4	0000	258
		_USBWakeFromSuspend		CODE           	296E	0000	62
		_USBCtrlTrfRxService		CODE           	17E4	0000	322
		_USBCtrlTrfTxService		CODE           	1CC0	0000	272
		_USBEnableEndpoint		CODE           	28E0	0000	76
		_USBConfigureEndpoint		CODE           	2596	0000	172
		_USBDeviceInit 		CODE           	140C	0000	334
		_USBIncrement1msInternalTimers		CODE           	29E4	0000	52
		_USBCtrlEPService		CODE           	2432	0000	184
		_USBStallHandler		CODE           	2830	0000	96
		_USBDeviceTasks		CODE           	0BFE	0000	552
		_USBCheckStdRequest		CODE           	1BA4	0000	284

usb_device.c estimated size: 5780

main.c
		_main          		CODE           	22AE	0000	204
		_mainISR       		CODE           	0008	0000	90

main.c estimated size: 294

