Microchip MPLAB XC8 Compiler V2.40

Linker command line:

-W-3 \
  --edf=C:\Program Files\Microchip\xc8\v2.40\pic\dat\20220703182018_en.msgs \
  -cn -h+dist/default/production\usbcdcdemo.X.production.sym \
  --cmf=dist/default/production\usbcdcdemo.X.production.cmf -z -Q18LF4550 \
  -oC:\Users\kolel\AppData\Local\Temp\xcAsaik.4 --defsym=__MPLAB_BUILD=1 \
  --fixupoverflow=error \
  -Mdist/default/production/usbcdcdemo.X.production.map \
  --md=C:\Users\kolel\AppData\Local\Temp\xcAsaik.dat -E1 -ver=XC8 Compiler \
  --acfsm=1493 -ACODE=00h-07FFFh -ACONST=00h-07FFFh \
  -ASMALLCONST=0800h-08FFhx120 -AMEDIUMCONST=0800h-07FFFh -ACOMRAM=01h-05Fh \
  -AABS1=00h-07FFh -ABIGRAM=01h-07FFh -ARAM=060h-0FFh,0100h-01FFhx7 \
  -ABANK0=060h-0FFh -ABANK1=0100h-01FFh -ABANK2=0200h-02FFh \
  -ABANK3=0300h-03FFh -ABANK4=0400h-04FFh -ABANK5=0500h-05FFh \
  -ABANK6=0600h-06FFh -ABANK7=0700h-07FFh -ASFR=0F60h-0FFFh \
  -ABIGSFR=0F60h-0FFFh -ACONFIG=0300000h-030000Dh -AIDLOC=0200000h-0200007h \
  -AEEDATA=0F00000h-0F000FFh -peeprom_data=EEDATA \
  -preset_vec=00h,intcode=08h,intcodelo,powerup,init -pramtop=0800h \
  -psmallconst=SMALLCONST -pmediumconst=MEDIUMCONST -pconst=CONST \
  -AFARRAM=00h-00h \
  -prdata=COMRAM,nvrram=COMRAM,nvbit=COMRAM,rbss=COMRAM,rbit=COMRAM \
  -pfarbss=FARRAM,fardata=FARRAM,nvFARRAM=FARRAM \
  -pintsave_regs=BIGRAM,bigbss=BIGRAM,bigdata=BIGRAM -pbss=RAM \
  -pidata=CODE,irdata=CODE,ibigdata=CODE,ifardata=CODE -prparam=COMRAM \
  C:\Users\kolel\AppData\Local\Temp\xcAsaik.o \
  dist/default/production\usbcdcdemo.X.production.o 

Object code version is 3.11

Machine type is 18LF4550



                Name                               Link     Load   Length Selector   Space Scale
C:\Users\kolel\AppData\Local\Temp\xcAsaik.o
                idloc                            200000   200000        8        0       5
                config                           300000   300000        E        0       4
                init                                 62       62        4        4       0
                reset_vec                             0        0        4        0       0
dist/default/production\usbcdcdemo.X.production.o
                intcode                               8        8       5A        4       0
                idloc                            200000   200000        8        0       5
                config                           300000   300000        E        0       4
                temp                                 58       58        1        1       1
                smallconst                          800      800       B8      400       0
                text39                             1D2A     1D2A      110      45C       0
                text38                             2054     2054      10A      45C       0
                text37                             2256     2256       F2      45C       0
                text36                             16FE     16FE      144      45C       0
                text35                             281E     281E       74      45C       0
                text34                             2656     2656       B0      45C       0
                text33                             29A4     29A4       4C      45C       0
                text32                             1AC6     1AC6      13E      45C       0
                text31                             2892     2892       62      45C       0
                text30                             1F48     1F48      10C      45C       0
                text29                             2796     2796       88      45C       0
                text28                              8B8      8B8      35C      45C       0
                text27                             12F6     12F6      174      45C       0
                text26                             1E3A     1E3A      10E      45C       0
                text25                             1180     1180      176      45C       0
                text24                             2348     2348       EA      45C       0
                text23                             1C04     1C04      126      45C       0
                text22                             25A2     25A2       B4      45C       0
                text21                             1984     1984      142      45C       0
                text20                             2706     2706       90      45C       0
                text19                             2954     2954       50      45C       0
                text18                             24EA     24EA       B8      45C       0
                text17                             2AA8     2AA8       32      45C       0
                text16                             28F4     28F4       60      45C       0
                text15                             2B0A     2B0A       2C      45C       0
                text14                             2A32     2A32       3E      45C       0
                text13                             15B4     15B4      14A      45C       0
                text12                              C14      C14      228      45C       0
                text11                             2ADA     2ADA       30      45C       0
                text9                              1842     1842      142      45C       0
                text8                               E3C      E3C      1CC      45C       0
                text7                              2432     2432       B8      45C       0
                text6                              29F0     29F0       42      45C       0
                text5                              1008     1008      178      45C       0
                text4                              146A     146A      14A      45C       0
                text3                              2B86     2B86        E      45C       0
                text2                              2A70     2A70       38      45C       0
                text1                              2B36     2B36       2A      45C       0
                text0                              215E     215E       F8      45C       0
                cstackCOMRAM                         2D       2D       2B        1       1
                cstackBANK0                          DC       DC       13       60       1
                bssBANK0                             60       60       7C       60       1
                bssCOMRAM                             1        1       2C        1       1
                cinit                              2B60     2B60       26      45C       0

TOTAL           Name                               Link     Load   Length     Space
        CLASS   CODE           
                intcode                               8        8       5A         0
                init                                 62       62        4         0
                reset_vec                             0        0        4         0
                text39                             1D2A     1D2A      110         0
                text38                             2054     2054      10A         0
                text37                             2256     2256       F2         0
                text36                             16FE     16FE      144         0
                text35                             281E     281E       74         0
                text34                             2656     2656       B0         0
                text33                             29A4     29A4       4C         0
                text32                             1AC6     1AC6      13E         0
                text31                             2892     2892       62         0
                text30                             1F48     1F48      10C         0
                text29                             2796     2796       88         0
                text28                              8B8      8B8      35C         0
                text27                             12F6     12F6      174         0
                text26                             1E3A     1E3A      10E         0
                text25                             1180     1180      176         0
                text24                             2348     2348       EA         0
                text23                             1C04     1C04      126         0
                text22                             25A2     25A2       B4         0
                text21                             1984     1984      142         0
                text20                             2706     2706       90         0
                text19                             2954     2954       50         0
                text18                             24EA     24EA       B8         0
                text17                             2AA8     2AA8       32         0
                text16                             28F4     28F4       60         0
                text15                             2B0A     2B0A       2C         0
                text14                             2A32     2A32       3E         0
                text13                             15B4     15B4      14A         0
                text12                              C14      C14      228         0
                text11                             2ADA     2ADA       30         0
                text9                              1842     1842      142         0
                text8                               E3C      E3C      1CC         0
                text7                              2432     2432       B8         0
                text6                              29F0     29F0       42         0
                text5                              1008     1008      178         0
                text4                              146A     146A      14A         0
                text3                              2B86     2B86        E         0
                text2                              2A70     2A70       38         0
                text1                              2B36     2B36       2A         0
                text0                              215E     215E       F8         0
                cinit                              2B60     2B60       26         0

        CLASS   CONST          

        CLASS   SMALLCONST     
                smallconst                          800      800       B8         0

        CLASS   MEDIUMCONST    

        CLASS   COMRAM         
                temp                                 58       58        1         1
                cstackCOMRAM                         2D       2D       2B         1
                bssCOMRAM                             1        1       2C         1

        CLASS   ABS1           
                abs_s1                              400      400       38         1
                abs_s1                              450      450       20         1
                abs_s1                              500      500       80         1

        CLASS   BIGRAM         

        CLASS   RAM            

        CLASS   BANK0          
                cstackBANK0                          DC       DC       13         1
                bssBANK0                             60       60       7C         1

        CLASS   BANK1          

        CLASS   BANK2          

        CLASS   BANK3          

        CLASS   BANK4          

        CLASS   BANK5          

        CLASS   BANK6          

        CLASS   BANK7          

        CLASS   SFR            

        CLASS   BIGSFR         

        CLASS   CONFIG         
                config                           300000   300000        E         4

        CLASS   IDLOC          
                idloc                            200000   200000        8         5

        CLASS   EEDATA         

        CLASS   FARRAM         

        CLASS   HEAP           

        CLASS   STACK          



SEGMENTS        Name                           Load    Length   Top    Selector   Space  Class

                reset_vec                      000000  000004  000004         0       0  CODE    
                bssCOMRAM                      000001  000058  000059         1       1  COMRAM  
                intcode                        000008  00005E  000066         4       0  CODE    
                bssBANK0                       000060  00008F  0000EF        60       1  BANK0   
                smallconst                     000800  0000B8  0008B8       400       0  SMALLCON
                text28                         0008B8  0022DC  002B94       45C       0  CODE    


UNUSED ADDRESS RANGES

        Name                Unused          Largest block    Delta
        BANK0            0000EF-0000FF               11
        BANK1            000100-0001FF              100
        BANK2            000200-0002FF              100
        BANK3            000300-0003FF              100
        BANK4            000438-00044F               18
                         000470-0004FF               90
        BANK5            000580-0005FF               80
        BANK6            000600-0006FF              100
        BANK7            000700-0007FF              100
        BIGRAM           000059-00005F                7
                         0000EF-0003FF              311
                         000438-00044F               18
                         000470-0004FF               90
                         000580-0007FF              280
        BIGSFR           000F60-000FFF               A0
        CODE             000004-000007                4
                         000066-0007FF              79A
                         002B94-007FFF             546C
        COMRAM           000059-00005F                7
        CONST            000004-000007                4
                         000066-0007FF              79A
                         002B94-007FFF             546C
        EEDATA           F00000-F000FF              100
        MEDIUMCONST      002B94-007FFF             546C
        RAM              0000EF-0003FF              100
                         000438-00044F               18
                         000470-0004FF               90
                         000580-0007FF              100
        SFR              000F60-000FFF               A0
        SMALLCONST       002B94-007FFF              100

                                  Symbol Table

?_USBTransferOnePacket                   cstackBANK0  0000DC
?i2_USBTransferOnePacket                 cstackCOMRAM 00002D
CDCTxService@byte_to_send                cstackBANK0  0000E8
CDCTxService@i                           cstackBANK0  0000E7
USBConfigureEndpoint@EPNum               cstackCOMRAM 000034
USBConfigureEndpoint@direction           cstackCOMRAM 00002D
USBConfigureEndpoint@handle              cstackCOMRAM 000035
USBCtrlTrfInHandler@lastDTS              cstackCOMRAM 00002E
USBCtrlTrfRxService@byteToRead           cstackCOMRAM 00002E
USBCtrlTrfRxService@i                    cstackCOMRAM 00002D
USBCtrlTrfTxService@byteToSend           cstackCOMRAM 00002D
USBDeviceInit@i                          cstackBANK0  0000E8
USBDeviceTasks@i                         cstackCOMRAM 00004D
USBEnableEndpoint@ep                     cstackCOMRAM 00003A
USBEnableEndpoint@options                cstackCOMRAM 000037
USBEnableEndpoint@p                      cstackCOMRAM 000038
USBStdFeatureReqHandler@current_ep_data  cstackCOMRAM 000047
USBStdFeatureReqHandler@p                cstackCOMRAM 000048
USBStdFeatureReqHandler@pUEP             cstackCOMRAM 000045
USBStdGetStatusHandler@p                 cstackCOMRAM 00002F
USBStdSetCfgHandler@i                    cstackCOMRAM 000043
USBTransferOnePacket@data                cstackBANK0  0000DD
USBTransferOnePacket@dir                 cstackBANK0  0000DC
USBTransferOnePacket@ep                  cstackBANK0  0000E4
USBTransferOnePacket@handle              cstackBANK0  0000E5
USBTransferOnePacket@len                 cstackBANK0  0000DF
USER_USB_CALLBACK_EVENT_HANDLER@event    cstackCOMRAM 00003B
USER_USB_CALLBACK_EVENT_HANDLER@pdata    cstackCOMRAM 00003D
USER_USB_CALLBACK_EVENT_HANDLER@size     cstackCOMRAM 00003F
_BDT                                     (abs)        000400
_BaudRateGen                             bssCOMRAM    000001
_BothEP0OutUOWNsSet                      bssCOMRAM    000022
_CDCDataInHandle                         bssCOMRAM    00000F
_CDCDataOutHandle                        bssBANK0     00008A
_CDCInitEP                               text31       002892
_CDCTxService                            text8        000E3C
_CtrlTrfData                             (abs)        000450
_INTCONbits                              (abs)        000FF2
_IPR2bits                                (abs)        000FA2
_PIE2bits                                (abs)        000FA0
_PIR2bits                                (abs)        000FA1
_RemoteWakeup                            bssCOMRAM    000025
_SetupPkt                                (abs)        000430
_UADDR                                   (abs)        000F6E
_UCFG                                    (abs)        000F6F
_UCON                                    (abs)        000F6D
_UCONbits                                (abs)        000F6D
_UEIE                                    (abs)        000F6B
_UEIR                                    (abs)        000F6A
_UEP0                                    (abs)        000F70
_UEP0bits                                (abs)        000F70
_UEP1                                    (abs)        000F71
_UIE                                     (abs)        000F69
_UIEbits                                 (abs)        000F69
_UIR                                     (abs)        000F68
_UIRbits                                 (abs)        000F68
_USB1msTickCount                         bssCOMRAM    000005
_USBActiveConfiguration                  bssCOMRAM    00002C
_USBAlternateInterface                   bssCOMRAM    000029
_USBBusIsSuspended                       bssCOMRAM    000024
_USBCheckCDCRequest                      text30       001F48
_USBCheckStdRequest                      text23       001C04
_USBConfigureEndpoint                    text34       002656
_USBCtrlEPAllowDataStage                 text22       0025A2
_USBCtrlEPAllowStatusStage               text37       002256
_USBCtrlEPService                        text18       0024EA
_USBCtrlEPServiceComplete                text21       001984
_USBCtrlTrfInHandler                     text38       002054
_USBCtrlTrfOutHandler                    text35       00281E
_USBCtrlTrfRxService                     text36       0016FE
_USBCtrlTrfSetupHandler                  text20       002706
_USBCtrlTrfTxService                     text39       001D2A
_USBDeferINDataStagePackets              bssCOMRAM    00001D
_USBDeferOUTDataStagePackets             bssCOMRAM    00001C
_USBDeferStatusStagePacket               bssCOMRAM    000020
_USBDeviceAttach                         text6        0029F0
_USBDeviceInit                           text4        00146A
_USBDeviceState                          bssCOMRAM    000028
_USBDeviceTasks                          text12       000C14
_USBEnableEndpoint                       text33       0029A4
_USBIncrement1msInternalTimers           text17       002AA8
_USBStallHandler                         text16       0028F4
_USBStatusStageEnabledFlag1              bssCOMRAM    00001F
_USBStatusStageEnabledFlag2              bssCOMRAM    00001E
_USBStatusStageTimeoutCounter            bssCOMRAM    000021
_USBStdFeatureReqHandler                 text28       0008B8
_USBStdGetDscHandler                     text27       0012F6
_USBStdGetStatusHandler                  text26       001E3A
_USBStdSetCfgHandler                     text24       002348
_USBSuspend                              text15       002B0A
_USBTicksSinceSuspendEnd                 bssCOMRAM    00001B
_USBTransferOnePacket                    text9        001842
_USBWakeFromSuspend                      text14       002A32
_USB_CD_Ptr                              smallconst   000807
_USB_SD_Ptr                              smallconst   000801
_USER_USB_CALLBACK_EVENT_HANDLER         text29       002796
_USTAT                                   (abs)        000F6C
_USTATcopy                               bssCOMRAM    00002B
__HRAM                                   (abs)        000000
__Habs1                                  abs1         000000
__Hbank0                                 bank0        000000
__Hbank1                                 bank1        000000
__Hbank2                                 bank2        000000
__Hbank3                                 bank3        000000
__Hbank4                                 bank4        000000
__Hbank5                                 bank5        000000
__Hbank6                                 bank6        000000
__Hbank7                                 bank7        000000
__Hbigbss                                bigbss       000000
__Hbigdata                               bigdata      000000
__Hbigram                                bigram       000000
__Hbigsfr                                bigsfr       000000
__Hbss                                   bss          000000
__HbssBANK0                              bssBANK0     000000
__HbssCOMRAM                             bssCOMRAM    000000
__Hcinit                                 cinit        000000
__Hclrtext                               clrtext      000000
__Hcomram                                comram       000000
__Hconfig                                config       30000E
__Hconst                                 const        000000
__HcstackBANK0                           cstackBANK0  000000
__HcstackCOMRAM                          cstackCOMRAM 000000
__Hdata                                  data         000000
__Heeprom_data                           eeprom_data  000000
__Hfarbss                                farbss       000000
__Hfardata                               fardata      000000
__Hheap                                  heap         000000
__Hibigdata                              ibigdata     000000
__Hidata                                 idata        000000
__Hidloc                                 idloc        200008
__Hifardata                              ifardata     000000
__Hinit                                  init         000066
__Hintcode                               intcode      000062
__Hintcode_body                          intcode_body 000000
__Hintcodelo                             intcodelo    000062
__Hintentry                              intentry     000000
__Hintret                                intret       000000
__Hintsave_regs                          intsave_regs 000000
__Hirdata                                irdata       000000
__Hmediumconst                           mediumconst  000000
__HnvFARRAM                              nvFARRAM     000000
__Hnvbit                                 nvbit        000000
__Hnvrram                                nvrram       000000
__Hparam                                 rparam       000000
__Hpowerup                               powerup      000062
__Hram                                   ram          000000
__Hramtop                                ramtop       000800
__Hrbit                                  rbit         000000
__Hrbss                                  rbss         000000
__Hrdata                                 rdata        000000
__Hreset_vec                             reset_vec    000004
__Hrparam                                rparam       000000
__Hsfr                                   sfr          000000
__Hsmallconst                            smallconst   0008B8
__Hspace_0                               (abs)        002B94
__Hspace_1                               (abs)        0000EF
__Hspace_2                               (abs)        000000
__Hspace_4                               (abs)        60000E
__Hstack                                 stack        000000
__Hstruct                                struct       000000
__Htemp                                  temp         000059
__Htext                                  text         000000
__Htext0                                 text0        000000
__Htext1                                 text1        000000
__Htext11                                text11       000000
__Htext12                                text12       000000
__Htext13                                text13       000000
__Htext14                                text14       000000
__Htext15                                text15       000000
__Htext16                                text16       000000
__Htext17                                text17       000000
__Htext18                                text18       000000
__Htext19                                text19       000000
__Htext2                                 text2        000000
__Htext20                                text20       000000
__Htext21                                text21       000000
__Htext22                                text22       000000
__Htext23                                text23       000000
__Htext24                                text24       000000
__Htext25                                text25       000000
__Htext26                                text26       000000
__Htext27                                text27       000000
__Htext28                                text28       000000
__Htext29                                text29       000000
__Htext3                                 text3        000000
__Htext30                                text30       000000
__Htext31                                text31       000000
__Htext32                                text32       000000
__Htext33                                text33       000000
__Htext34                                text34       000000
__Htext35                                text35       000000
__Htext36                                text36       000000
__Htext37                                text37       000000
__Htext38                                text38       000000
__Htext39                                text39       000000
__Htext4                                 text4        000000
__Htext5                                 text5        000000
__Htext6                                 text6        000000
__Htext7                                 text7        000000
__Htext8                                 text8        000000
__Htext9                                 text9        000000
__LRAM                                   (abs)        000001
__Labs1                                  abs1         000000
__Lbank0                                 bank0        000000
__Lbank1                                 bank1        000000
__Lbank2                                 bank2        000000
__Lbank3                                 bank3        000000
__Lbank4                                 bank4        000000
__Lbank5                                 bank5        000000
__Lbank6                                 bank6        000000
__Lbank7                                 bank7        000000
__Lbigbss                                bigbss       000000
__Lbigdata                               bigdata      000000
__Lbigram                                bigram       000000
__Lbigsfr                                bigsfr       000000
__Lbss                                   bss          000000
__LbssBANK0                              bssBANK0     000000
__LbssCOMRAM                             bssCOMRAM    000000
__Lcinit                                 cinit        000000
__Lclrtext                               clrtext      000000
__Lcomram                                comram       000000
__Lconfig                                config       000000
__Lconst                                 const        000000
__LcstackBANK0                           cstackBANK0  000000
__LcstackCOMRAM                          cstackCOMRAM 000000
__Ldata                                  data         000000
__Leeprom_data                           eeprom_data  000000
__Lfarbss                                farbss       000000
__Lfardata                               fardata      000000
__Lheap                                  heap         000000
__Libigdata                              ibigdata     000000
__Lidata                                 idata        000000
__Lidloc                                 idloc        000000
__Lifardata                              ifardata     000000
__Linit                                  init         000062
__Lintcode                               intcode      000008
__Lintcode_body                          intcode_body 000000
__Lintcodelo                             intcodelo    000062
__Lintentry                              intentry     000000
__Lintret                                intret       000000
__Lintsave_regs                          intsave_regs 000000
__Lirdata                                irdata       000000
__Lmediumconst                           mediumconst  000000
__LnvFARRAM                              nvFARRAM     000000
__Lnvbit                                 nvbit        000000
__Lnvrram                                nvrram       000000
__Lparam                                 rparam       000000
__Lpowerup                               powerup      000062
__Lram                                   ram          000000
__Lramtop                                ramtop       000800
__Lrbit                                  rbit         000000
__Lrbss                                  rbss         000000
__Lrdata                                 rdata        000000
__Lreset_vec                             reset_vec    000000
__Lrparam                                rparam       000000
__Lsfr                                   sfr          000000
__Lsmallconst                            smallconst   000800
__Lspace_0                               (abs)        000000
__Lspace_1                               (abs)        000000
__Lspace_2                               (abs)        000000
__Lspace_4                               (abs)        000000
__Lstack                                 stack        000000
__Lstruct                                struct       000000
__Ltemp                                  temp         000058
__Ltext                                  text         000000
__Ltext0                                 text0        000000
__Ltext1                                 text1        000000
__Ltext11                                text11       000000
__Ltext12                                text12       000000
__Ltext13                                text13       000000
__Ltext14                                text14       000000
__Ltext15                                text15       000000
__Ltext16                                text16       000000
__Ltext17                                text17       000000
__Ltext18                                text18       000000
__Ltext19                                text19       000000
__Ltext2                                 text2        000000
__Ltext20                                text20       000000
__Ltext21                                text21       000000
__Ltext22                                text22       000000
__Ltext23                                text23       000000
__Ltext24                                text24       000000
__Ltext25                                text25       000000
__Ltext26                                text26       000000
__Ltext27                                text27       000000
__Ltext28                                text28       000000
__Ltext29                                text29       000000
__Ltext3                                 text3        000000
__Ltext30                                text30       000000
__Ltext31                                text31       000000
__Ltext32                                text32       000000
__Ltext33                                text33       000000
__Ltext34                                text34       000000
__Ltext35                                text35       000000
__Ltext36                                text36       000000
__Ltext37                                text37       000000
__Ltext38                                text38       000000
__Ltext39                                text39       000000
__Ltext4                                 text4        000000
__Ltext5                                 text5        000000
__Ltext6                                 text6        000000
__Ltext7                                 text7        000000
__Ltext8                                 text8        000000
__Ltext9                                 text9        000000
__S0                                     (abs)        002B94
__S1                                     (abs)        0000EF
__S4                                     (abs)        000000
__S5                                     (abs)        000000
___heap_hi                               (abs)        000000
___heap_lo                               (abs)        000000
___inthi_sp                              stack        000000
___intlo_sp                              stack        000000
___param_bank                            (abs)        000000
___rparam_used                           (abs)        000001
___sp                                    stack        000000
__accesstop                              (abs)        000060
__activetblptr                           (abs)        000002
__end_of_CDCInitEP                       text31       0028F4
__end_of_CDCTxService                    text8        001008
__end_of_USBCheckCDCRequest              text30       002054
__end_of_USBCheckStdRequest              text23       001D2A
__end_of_USBConfigureEndpoint            text34       002706
__end_of_USBCtrlEPAllowDataStage         text22       002656
__end_of_USBCtrlEPAllowStatusStage       text37       002348
__end_of_USBCtrlEPService                text18       0025A2
__end_of_USBCtrlEPServiceComplete        text21       001AC6
__end_of_USBCtrlTrfInHandler             text38       00215E
__end_of_USBCtrlTrfOutHandler            text35       002892
__end_of_USBCtrlTrfRxService             text36       001842
__end_of_USBCtrlTrfSetupHandler          text20       002796
__end_of_USBCtrlTrfTxService             text39       001E3A
__end_of_USBDeviceAttach                 text6        002A32
__end_of_USBDeviceInit                   text4        0015B4
__end_of_USBDeviceTasks                  text12       000E3C
__end_of_USBEnableEndpoint               text33       0029F0
__end_of_USBIncrement1msInternalTimers   text17       002ADA
__end_of_USBStallHandler                 text16       002954
__end_of_USBStdFeatureReqHandler         text28       000C14
__end_of_USBStdGetDscHandler             text27       00146A
__end_of_USBStdGetStatusHandler          text26       001F48
__end_of_USBStdSetCfgHandler             text24       002432
__end_of_USBSuspend                      text15       002B36
__end_of_USBTransferOnePacket            text9        001984
__end_of_USBWakeFromSuspend              text14       002A70
__end_of_USB_CD_Ptr                      smallconst   000809
__end_of_USB_SD_Ptr                      smallconst   000807
__end_of_USER_USB_CALLBACK_EVENT_HANDLER text29       00281E
__end_of__initialization                 cinit        002B78
__end_of_configDescriptor1               smallconst   00084C
__end_of_device_dsc                      smallconst   0008A4
__end_of_getsUSBUSART                    text7        0024EA
__end_of_initUSBLib                      text3        002B94
__end_of_isUSBReady                      text2        002AA8
__end_of_main                            text0        002256
__end_of_mainISR                         intcode      000062
__end_of_memcpy                          text19       0029A4
__end_of_memset                          text5        001180
__end_of_processUSBTasks                 text11       002B0A
__end_of_putUSBUSART                     text1        002B60
__end_of_sd000                           smallconst   0008A8
__end_of_sd001                           smallconst   000872
__end_of_sd002                           smallconst   000892
__end_ofi2_USBDeviceInit                 text13       0016FE
__end_ofi2_USBTransferOnePacket          text32       001C04
__end_ofi2_memset                        text25       0012F6
__initialization                         cinit        002B60
__mediumconst                            mediumconst  000000
__pbssBANK0                              bssBANK0     000060
__pbssCOMRAM                             bssCOMRAM    000001
__pcinit                                 cinit        002B60
__pcstackBANK0                           cstackBANK0  0000DC
__pcstackCOMRAM                          cstackCOMRAM 00002D
__pintcode                               intcode      000008
__psmallconst                            smallconst   000800
__ptext0                                 text0        00215E
__ptext1                                 text1        002B36
__ptext11                                text11       002ADA
__ptext12                                text12       000C14
__ptext13                                text13       0015B4
__ptext14                                text14       002A32
__ptext15                                text15       002B0A
__ptext16                                text16       0028F4
__ptext17                                text17       002AA8
__ptext18                                text18       0024EA
__ptext19                                text19       002954
__ptext2                                 text2        002A70
__ptext20                                text20       002706
__ptext21                                text21       001984
__ptext22                                text22       0025A2
__ptext23                                text23       001C04
__ptext24                                text24       002348
__ptext25                                text25       001180
__ptext26                                text26       001E3A
__ptext27                                text27       0012F6
__ptext28                                text28       0008B8
__ptext29                                text29       002796
__ptext3                                 text3        002B86
__ptext30                                text30       001F48
__ptext31                                text31       002892
__ptext32                                text32       001AC6
__ptext33                                text33       0029A4
__ptext34                                text34       002656
__ptext35                                text35       00281E
__ptext36                                text36       0016FE
__ptext37                                text37       002256
__ptext38                                text38       002054
__ptext39                                text39       001D2A
__ptext4                                 text4        00146A
__ptext5                                 text5        001008
__ptext6                                 text6        0029F0
__ptext7                                 text7        002432
__ptext8                                 text8        000E3C
__ptext9                                 text9        001842
__ramtop                                 ramtop       000800
__smallconst                             smallconst   000800
_cdc_data_rx                             (abs)        000540
_cdc_data_tx                             (abs)        000500
_cdc_mem_type                            bssCOMRAM    000018
_cdc_notice                              bssBANK0     000060
_cdc_rx_len                              bssBANK0     00008C
_cdc_trf_state                           bssCOMRAM    00001A
_cdc_tx_len                              bssCOMRAM    000019
_configDescriptor1                       smallconst   000809
_controlTransferState                    bssCOMRAM    000026
_control_signal_bitmap                   bssCOMRAM    000017
_device_dsc                              smallconst   000892
_dummy_encapsulated_cmd_response         bssBANK0     0000CD
_endpoint_number                         bssCOMRAM    000023
_ep_data_in                              bssBANK0     000087
_ep_data_out                             bssBANK0     000084
_getsUSBUSART                            text7        002432
_inPipes                                 bssBANK0     000072
_initUSBLib                              text3        002B86
_isUSBReady                              text2        002A70
_isUSBReady$254                          cstackBANK0  0000DC
_line_coding                             bssBANK0     0000D5
_main                                    text0        00215E
_mainISR                                 intcode      000008
_memcpy                                  text19       002954
_memset                                  text5        001008
_outPipes                                bssBANK0     00006A
_pBDTEntryEP0OutCurrent                  bssCOMRAM    000015
_pBDTEntryEP0OutNext                     bssCOMRAM    000013
_pBDTEntryIn                             bssBANK0     000078
_pBDTEntryOut                            bssBANK0     00007E
_pCDCDst                                 bssCOMRAM    000009
_pCDCSrc                                 bssCOMRAM    00000C
_pDst                                    bssCOMRAM    000011
_processUSBTasks                         text11       002ADA
_putUSBUSART                             text1        002B36
_sd000                                   smallconst   0008A4
_sd001                                   smallconst   00084C
_sd002                                   smallconst   000872
_shortPacketStatus                       bssCOMRAM    000027
_usbReadBuffer                           bssBANK0     0000AD
_usbWriteBuffer                          bssBANK0     00008D
btemp                                    temp         000058
end_of_initialization                    cinit        002B78
getsUSBUSART@buffer                      cstackBANK0  0000E7
getsUSBUSART@len                         cstackBANK0  0000E9
i2USBDeviceInit@i                        cstackCOMRAM 000039
i2USBTransferOnePacket@data              cstackCOMRAM 00002E
i2USBTransferOnePacket@dir               cstackCOMRAM 00002D
i2USBTransferOnePacket@ep                cstackCOMRAM 000035
i2USBTransferOnePacket@handle            cstackCOMRAM 000036
i2USBTransferOnePacket@len               cstackCOMRAM 000030
i2_USBDeviceInit                         text13       0015B4
i2_USBTransferOnePacket                  text32       001AC6
i2_memset                                text25       001180
i2memset@c                               cstackCOMRAM 00002F
i2memset@dest                            cstackCOMRAM 00002D
i2memset@k                               cstackCOMRAM 000035
i2memset@n                               cstackCOMRAM 000031
i2memset@s                               cstackCOMRAM 000037
int$flags                                temp         000058
intlevel0                                text         000000
intlevel1                                text         000000
intlevel2                                text         000000
intlevel3                                text         000000
isa$std                                  (abs)        000001
isa$xinst                                (abs)        000000
main@i                                   cstackBANK0  0000EE
main@numBytesRead                        cstackBANK0  0000ED
memcpy@d                                 cstackCOMRAM 000033
memcpy@d1                                cstackCOMRAM 00002D
memcpy@n                                 cstackCOMRAM 000031
memcpy@s                                 cstackCOMRAM 000035
memcpy@s1                                cstackCOMRAM 00002F
memcpy@tmp                               cstackCOMRAM 000037
memset@c                                 cstackBANK0  0000DE
memset@dest                              cstackBANK0  0000DC
memset@k                                 cstackBANK0  0000E4
memset@n                                 cstackBANK0  0000E0
memset@s                                 cstackBANK0  0000E6
putUSBUSART@data                         cstackBANK0  0000DC
putUSBUSART@length                       cstackBANK0  0000DE
stackhi                                  (abs)        000000
stacklo                                  (abs)        000000
start                                    init         000062
start_initialization                     cinit        002B60
ttemp5                                   temp         000059
ttemp6                                   temp         00005C
ttemp7                                   temp         000060
wtemp8                                   temp         000059


MODULE INFORMATION

Module		Function		Class		Link	Load	Size
C:\Program Files\Microchip\xc8\v2.40\pic\sources\c99\common\memcpy.c
		_memcpy        		CODE           	2954	0000	80

C:\Program Files\Microchip\xc8\v2.40\pic\sources\c99\common\memcpy.c estimated size: 80

usb_cdc_lib.c
		_isUSBReady    		CODE           	2A70	0000	56
		_initUSBLib    		CODE           	2B86	0000	14
		_processUSBTasks		CODE           	2ADA	0000	48

usb_cdc_lib.c estimated size: 118

shared
		_configDescriptor1		SMALLCONST     	0809	0000	67
		_USB_CD_Ptr    		SMALLCONST     	0807	0000	2
		_sd001         		SMALLCONST     	084C	0000	38
		_sd002         		SMALLCONST     	0872	0000	32
		i2_USBDeviceInit		CODE           	15B4	0000	330
		__initialization		CODE           	2B60	0000	24
		_device_dsc    		SMALLCONST     	0892	0000	18
		_USB_SD_Ptr    		SMALLCONST     	0801	0000	6
		i2_memset      		CODE           	1180	0000	374
		_sd000         		SMALLCONST     	08A4	0000	4
		i2_USBTransferOnePacket		CODE           	1AC6	0000	318

shared estimated size: 1213

usb_device_cdc.c
		_CDCTxService  		CODE           	0E3C	0000	460
		_CDCInitEP     		CODE           	2892	0000	98
		_putUSBUSART   		CODE           	2B36	0000	42
		_getsUSBUSART  		CODE           	2432	0000	184
		_USBCheckCDCRequest		CODE           	1F48	0000	268

usb_device_cdc.c estimated size: 1052

usb_device_events.c
		_USER_USB_CALLBACK_EVENT_HANDLER		CODE           	2796	0000	136

usb_device_events.c estimated size: 136

C:\Program Files\Microchip\xc8\v2.40\pic\sources\c99\common\memset.c
		_memset        		CODE           	1008	0000	376

C:\Program Files\Microchip\xc8\v2.40\pic\sources\c99\common\memset.c estimated size: 376

usb_device.c
		_USBCtrlTrfInHandler		CODE           	2054	0000	266
		_USBTransferOnePacket		CODE           	1842	0000	322
		_USBDeviceAttach		CODE           	29F0	0000	66
		_USBStdGetDscHandler		CODE           	12F6	0000	372
		_USBCtrlEPAllowDataStage		CODE           	25A2	0000	180
		_USBStdFeatureReqHandler		CODE           	08B8	0000	860
		_USBCtrlEPAllowStatusStage		CODE           	2256	0000	242
		_USBCtrlTrfSetupHandler		CODE           	2706	0000	144
		_USBCtrlTrfOutHandler		CODE           	281E	0000	116
		_USBCtrlEPServiceComplete		CODE           	1984	0000	322
		_USBSuspend    		CODE           	2B0A	0000	44
		_USBStdSetCfgHandler		CODE           	2348	0000	234
		_USBStdGetStatusHandler		CODE           	1E3A	0000	270
		_USBWakeFromSuspend		CODE           	2A32	0000	62
		_USBCtrlTrfRxService		CODE           	16FE	0000	324
		_USBCtrlTrfTxService		CODE           	1D2A	0000	272
		_USBEnableEndpoint		CODE           	29A4	0000	76
		_USBConfigureEndpoint		CODE           	2656	0000	176
		_USBDeviceInit 		CODE           	146A	0000	330
		_USBIncrement1msInternalTimers		CODE           	2AA8	0000	50
		_USBCtrlEPService		CODE           	24EA	0000	184
		_USBStallHandler		CODE           	28F4	0000	96
		_USBDeviceTasks		CODE           	0C14	0000	552
		_USBCheckStdRequest		CODE           	1C04	0000	294

usb_device.c estimated size: 5854

main.c
		_main          		CODE           	215E	0000	248
		_mainISR       		CODE           	0008	0000	90

main.c estimated size: 338

