Microchip MPLAB XC8 Compiler V2.40

Linker command line:

-W-3 \
  --edf=C:\Program Files\Microchip\xc8\v2.40\pic\dat\20220703182018_en.msgs \
  -cn -h+dist/default/production\USB_HID.X.production.sym \
  --cmf=dist/default/production\USB_HID.X.production.cmf -z -Q18LF4550 \
  -oC:\Users\kolel\AppData\Local\Temp\xcAs6e0.4 --defsym=__MPLAB_BUILD=1 \
  --fixupoverflow=error -Mdist/default/production/USB_HID.X.production.map \
  --md=C:\Users\kolel\AppData\Local\Temp\xcAs6e0.dat -E1 -ver=XC8 Compiler \
  --acfsm=1493 -ACODE=00h-07FFFh -ACONST=00h-07FFFh \
  -ASMALLCONST=0800h-08FFhx120 -AMEDIUMCONST=0800h-07FFFh -ACOMRAM=01h-05Fh \
  -AABS1=00h-07FFh -ABIGRAM=01h-07FFh -ARAM=060h-0FFh,0100h-01FFhx7 \
  -ABANK0=060h-0FFh -ABANK1=0100h-01FFh -ABANK2=0200h-02FFh \
  -ABANK3=0300h-03FFh -ABANK4=0400h-04FFh -ABANK5=0500h-05FFh \
  -ABANK6=0600h-06FFh -ABANK7=0700h-07FFh -ASFR=0F60h-0FFFh \
  -ABIGSFR=0F60h-0FFFh -ACONFIG=0300000h-030000Dh -AIDLOC=0200000h-0200007h \
  -AEEDATA=0F00000h-0F000FFh -peeprom_data=EEDATA \
  -preset_vec=00h,intcode=08h,intcodelo=018h,powerup,init -pramtop=0800h \
  -psmallconst=SMALLCONST -pmediumconst=MEDIUMCONST -pconst=CONST \
  -AFARRAM=00h-00h \
  -prdata=COMRAM,nvrram=COMRAM,nvbit=COMRAM,rbss=COMRAM,rbit=COMRAM \
  -pfarbss=FARRAM,fardata=FARRAM,nvFARRAM=FARRAM \
  -pintsave_regs=BIGRAM,bigbss=BIGRAM,bigdata=BIGRAM -pbss=RAM \
  -pidata=CODE,irdata=CODE,ibigdata=CODE,ifardata=CODE -prparam=COMRAM \
  C:\Users\kolel\AppData\Local\Temp\xcAs6e0.o \
  dist/default/production\USB_HID.X.production.o 

Object code version is 3.11

Machine type is 18LF4550



                Name                               Link     Load   Length Selector   Space Scale
C:\Users\kolel\AppData\Local\Temp\xcAs6e0.o
                idloc                            200000   200000        8        0       5
                config                           300000   300000        E        0       4
                init                                 64       64        4        C       0
                reset_vec                             0        0        4        0       0
dist/default/production\USB_HID.X.production.o
                intcodelo                            18       18       4C        C       0
                intcode                               8        8        6        4       0
                idloc                            200000   200000        8        0       5
                config                           300000   300000        E        0       4
                temp                                 4B       4B        1        1       1
                mediumconst                        7DEC     7DEC      214     3EF6       0
                text64                             2D24     2D24       76        C       0
                text63                             3152     3152       30        C       0
                text62                             2230     2230      110        C       0
                text61                             2120     2120      110        C       0
                text60                             252C     252C       F2        C       0
                text59                             19D8     19D8      144        C       0
                text58                             2D9A     2D9A       74        C       0
                text57                             1308     1308      16E        C       0
                text56                             324A     324A        6        C       0
                text55                             325A     325A        2        C       0
                text54                             2A12     2A12       B0        C       0
                text53                             2F62     2F62       4C        C       0
                text52                             1DA0     1DA0      13E        C       0
                text51                             31B0     31B0       2A        C       0
                text50                             3258     3258        2        C       0
                text49                             3256     3256        2        C       0
                text48                             3254     3254        2        C       0
                text47                             3252     3252        2        C       0
                text46                             2AC2     2AC2       AE        C       0
                text45                              6F4      6F4      35E        C       0
                text44                             15DC     15DC      160        C       0
                text43                             1EDE     1EDE      122        C       0
                text42                             1192     1192      176        C       0
                text41                             261E     261E       EE        C       0
                text40                             2000     2000      120        C       0
                text39                             295E     295E       B4        C       0
                text38                             1C5E     1C5E      142        C       0
                text37                             2C16     2C16       90        C       0
                text36                             2F12     2F12       50        C       0
                text35                             28AA     28AA       B4        C       0
                text34                             30EC     30EC       34        C       0
                text33                             2E0E     2E0E       60        C       0
                text32                             3182     3182       2E        C       0
                text31                             303C     303C       42        C       0
                text30                             188A     188A      14E        C       0
                text29                              A52      A52      248        C       0
                intcode_body                       2340     2340       FA        C       0
                text26                             3244     3244        6        C       0
                text25                             101A     101A      178        C       0
                text24                             173C     173C      14E        C       0
                text23                             3202     3202       14        C       0
                text22                             3232     3232        A        C       0
                text21                             3224     3224        E        C       0
                text20                             2B70     2B70       A6        C       0
                text19                              E60      E60      1BA        C       0
                text18                             30B6     30B6       36        C       0
                text17                             307E     307E       38        C       0
                text16                             3120     3120       32        C       0
                text15                             1B1C     1B1C      142        C       0
                text14                             3216     3216        E        C       0
                text13                             243A     243A       F2        C       0
                text12                             270C     270C       D2        C       0
                text11                             3250     3250        2        C       0
                text10                             27DE     27DE       CC        C       0
                text9                              2FAE     2FAE       48        C       0
                text8                              2CA6     2CA6       7E        C       0
                text7                               C9A      C9A      1C6        C       0
                text6                              1476     1476      166        C       0
                text5                              2EC0     2EC0       52        C       0
                text4                              2E6E     2E6E       52        C       0
                text3                              31EE     31EE       14        C       0
                text2                              323C     323C        8        C       0
                text1                              31DA     31DA       14        C       0
                text0                                68       68      68C        C       0
                cstackCOMRAM                          1        1       2D        1       1
                cstackBANK0                          60       60       71       60       1
                cstackBANK1                         100      100       70      100       1
                bssBIGRAMll                         1D7      1D7      200      1D7       1
                bssBANK1                            170      170       67      100       1
                bssBANK0                             D1       D1       25       60       1
                bssCOMRAM                            2E       2E       1D        1       1
                cinit                              2FF6     2FF6       46        C       0

TOTAL           Name                               Link     Load   Length     Space
        CLASS   CODE           
                intcodelo                            18       18       4C         0
                intcode                               8        8        6         0
                init                                 64       64        4         0
                reset_vec                             0        0        4         0
                text64                             2D24     2D24       76         0
                text63                             3152     3152       30         0
                text62                             2230     2230      110         0
                text61                             2120     2120      110         0
                text60                             252C     252C       F2         0
                text59                             19D8     19D8      144         0
                text58                             2D9A     2D9A       74         0
                text57                             1308     1308      16E         0
                text56                             324A     324A        6         0
                text55                             325A     325A        2         0
                text54                             2A12     2A12       B0         0
                text53                             2F62     2F62       4C         0
                text52                             1DA0     1DA0      13E         0
                text51                             31B0     31B0       2A         0
                text50                             3258     3258        2         0
                text49                             3256     3256        2         0
                text48                             3254     3254        2         0
                text47                             3252     3252        2         0
                text46                             2AC2     2AC2       AE         0
                text45                              6F4      6F4      35E         0
                text44                             15DC     15DC      160         0
                text43                             1EDE     1EDE      122         0
                text42                             1192     1192      176         0
                text41                             261E     261E       EE         0
                text40                             2000     2000      120         0
                text39                             295E     295E       B4         0
                text38                             1C5E     1C5E      142         0
                text37                             2C16     2C16       90         0
                text36                             2F12     2F12       50         0
                text35                             28AA     28AA       B4         0
                text34                             30EC     30EC       34         0
                text33                             2E0E     2E0E       60         0
                text32                             3182     3182       2E         0
                text31                             303C     303C       42         0
                text30                             188A     188A      14E         0
                text29                              A52      A52      248         0
                intcode_body                       2340     2340       FA         0
                text26                             3244     3244        6         0
                text25                             101A     101A      178         0
                text24                             173C     173C      14E         0
                text23                             3202     3202       14         0
                text22                             3232     3232        A         0
                text21                             3224     3224        E         0
                text20                             2B70     2B70       A6         0
                text19                              E60      E60      1BA         0
                text18                             30B6     30B6       36         0
                text17                             307E     307E       38         0
                text16                             3120     3120       32         0
                text15                             1B1C     1B1C      142         0
                text14                             3216     3216        E         0
                text13                             243A     243A       F2         0
                text12                             270C     270C       D2         0
                text11                             3250     3250        2         0
                text10                             27DE     27DE       CC         0
                text9                              2FAE     2FAE       48         0
                text8                              2CA6     2CA6       7E         0
                text7                               C9A      C9A      1C6         0
                text6                              1476     1476      166         0
                text5                              2EC0     2EC0       52         0
                text4                              2E6E     2E6E       52         0
                text3                              31EE     31EE       14         0
                text2                              323C     323C        8         0
                text1                              31DA     31DA       14         0
                text0                                68       68      68C         0
                cinit                              2FF6     2FF6       46         0

        CLASS   CONST          

        CLASS   SMALLCONST     

        CLASS   MEDIUMCONST    
                mediumconst                        7DEC     7DEC      214         0

        CLASS   COMRAM         
                temp                                 4B       4B        1         1
                cstackCOMRAM                          1        1       2D         1
                bssCOMRAM                            2E       2E       1D         1

        CLASS   ABS1           
                abs_s1                              400      400       30         1
                abs_s1                              500      500       40         1
                abs_s1                              600      600       40         1

        CLASS   BIGRAM         
                bssBIGRAMll                         1D7      1D7      200         1

        CLASS   RAM            

        CLASS   BANK0          
                cstackBANK0                          60       60       71         1
                bssBANK0                             D1       D1       25         1

        CLASS   BANK1          
                cstackBANK1                         100      100       70         1
                bssBANK1                            170      170       67         1

        CLASS   BANK2          

        CLASS   BANK3          

        CLASS   BANK4          

        CLASS   BANK5          

        CLASS   BANK6          

        CLASS   BANK7          

        CLASS   SFR            

        CLASS   BIGSFR         

        CLASS   CONFIG         
                config                           300000   300000        E         4

        CLASS   IDLOC          
                idloc                            200000   200000        8         5

        CLASS   EEDATA         

        CLASS   FARRAM         

        CLASS   HEAP           

        CLASS   STACK          



SEGMENTS        Name                           Load    Length   Top    Selector   Space  Class

                reset_vec                      000000  000004  000004         0       0  CODE    
                cstackCOMRAM                   000001  00004B  00004C         1       1  COMRAM  
                intcode                        000008  000006  00000E         4       0  CODE    
                intcodelo                      000018  003244  00325C         C       0  CODE    
                cstackBANK0                    000060  000096  0000F6        60       1  BANK0   
                cstackBANK1                    000100  0000D7  0001D7       100       1  BANK1   
                bssBIGRAMll                    0001D7  000200  0003D7       1D7       1  BIGRAM  
                mediumconst                    007DEC  000214  008000      3EF6       0  MEDIUMCO


UNUSED ADDRESS RANGES

        Name                Unused          Largest block    Delta
        BANK0            0000F6-0000FF                A
        BANK3            0003D7-0003FF               29
        BANK4            000430-0004FF               D0
        BANK5            000540-0005FF               C0
        BANK6            000640-0006FF               C0
        BANK7            000700-0007FF              100
        BIGRAM           00004C-00005F               14
                         0000F6-0000FF                A
                         0003D7-0003FF               29
                         000430-0004FF               D0
                         000540-0005FF               C0
                         000640-0007FF              1C0
        BIGSFR           000F60-000FFF               A0
        CODE             000004-000007                4
                         00000E-000017                A
                         00325C-007DEB             4B90
        COMRAM           00004C-00005F               14
        CONST            000004-000007                4
                         00000E-000017                A
                         00325C-007DEB             4B90
        EEDATA           F00000-F000FF              100
        MEDIUMCONST      00325C-007DEB             4B90
        RAM              0000F6-0000FF                A
                         0003D7-0003FF               29
                         000430-0004FF               D0
                         000540-0005FF               C0
                         000640-0007FF               C0
        SFR              000F60-000FFF               A0
        SMALLCONST       00325C-007DEB              100

                                  Symbol Table

?_USBTransferOnePacket                   cstackBANK0  000063
?___lldiv                                cstackBANK0  000063
?___lodiv                                cstackBANK0  000063
?___lomod                                cstackBANK0  000063
?_sprintf                                cstackBANK0  0000BA
?_vfprintf                               cstackBANK0  0000B2
?i2_USBTransferOnePacket                 cstackCOMRAM 000001
UART_Init@baudRate                       cstackBANK0  000070
UART_Init@temp                           cstackBANK0  000077
UART_putrs@ptr                           cstackBANK0  000065
UART_puts@ptr                            cstackBANK0  000065
UART_rx_complete_irq@c                   cstackCOMRAM 000003
UART_rx_complete_irq@i                   cstackCOMRAM 000004
UART_tx_udr_empty_irq@c                  cstackCOMRAM 000001
UART_write@data                          cstackBANK0  000063
UART_write@i                             cstackBANK0  000064
USBConfigureEndpoint@EPNum               cstackCOMRAM 000008
USBConfigureEndpoint@direction           cstackCOMRAM 000001
USBConfigureEndpoint@handle              cstackCOMRAM 000009
USBCtrlTrfInHandler@lastDTS              cstackCOMRAM 000002
USBCtrlTrfRxService@byteToRead           cstackCOMRAM 000002
USBCtrlTrfRxService@i                    cstackCOMRAM 000001
USBCtrlTrfTxService@byteToSend           cstackCOMRAM 000001
USBDeviceInit@i                          cstackBANK0  00006F
USBDeviceTasks@i                         cstackCOMRAM 000021
USBEnableEndpoint@ep                     cstackCOMRAM 00000E
USBEnableEndpoint@options                cstackCOMRAM 00000B
USBEnableEndpoint@p                      cstackCOMRAM 00000C
USBStdFeatureReqHandler@current_ep_data  cstackCOMRAM 00001B
USBStdFeatureReqHandler@p                cstackCOMRAM 00001C
USBStdFeatureReqHandler@pUEP             cstackCOMRAM 000019
USBStdGetStatusHandler@p                 cstackCOMRAM 000003
USBStdSetCfgHandler@i                    cstackCOMRAM 000017
USBTransferOnePacket@data                cstackBANK0  000064
USBTransferOnePacket@dir                 cstackBANK0  000063
USBTransferOnePacket@ep                  cstackBANK0  00006B
USBTransferOnePacket@handle              cstackBANK0  00006C
USBTransferOnePacket@len                 cstackBANK0  000066
USER_USB_CALLBACK_EVENT_HANDLER@event    cstackCOMRAM 00000F
USER_USB_CALLBACK_EVENT_HANDLER@pdata    cstackCOMRAM 000011
USER_USB_CALLBACK_EVENT_HANDLER@size     cstackCOMRAM 000013
_ADCON0bits                              (abs)        000FC2
_ADCON1                                  (abs)        000FC1
_ADRES                                   (abs)        000FC3
_BAUDCON                                 (abs)        000FB8
_BAUDCONbits                             (abs)        000FB8
_BDT                                     (abs)        000400
_BothEP0OutUOWNsSet                      bssCOMRAM    000040
_CtrlTrfData                             (abs)        000428
_Enable_Interrupt                        text26       003244
_INTCON2bits                             (abs)        000FF1
_INTCONbits                              (abs)        000FF2
_IPR1bits                                (abs)        000F9F
_InitializeSystem                        text22       003232
_Interrupt_Init                          text21       003224
_LATAbits                                (abs)        000F89
_LATEbits                                (abs)        000F8D
_PIE1bits                                (abs)        000F9D
_PIE2bits                                (abs)        000FA0
_PIR1bits                                (abs)        000F9E
_PIR2bits                                (abs)        000FA1
_PORTAbits                               (abs)        000F80
_RCONbits                                (abs)        000FD0
_RCREG                                   (abs)        000FAE
_RCSTA                                   (abs)        000FAB
_RCSTAbits                               (abs)        000FAB
_ReceivedDataBuffer                      (abs)        000500
_RemoteWakeup                            bssCOMRAM    000042
_SPBRG                                   (abs)        000FAF
_SPBRGH                                  (abs)        000FB0
_SetupPkt                                (abs)        000420
_T0CON                                   (abs)        000FD5
_T0CONbits                               (abs)        000FD5
_T1CON                                   (abs)        000FCD
_TMR0H                                   (abs)        000FD7
_TMR0L                                   (abs)        000FD6
_TMR1H                                   (abs)        000FCF
_TMR1L                                   (abs)        000FCE
_TRISAbits                               (abs)        000F92
_TRISEbits                               (abs)        000F96
_TXREG                                   (abs)        000FAD
_TXSTA                                   (abs)        000FAC
_TXSTAbits                               (abs)        000FAC
_ToSendDataBuffer                        (abs)        000600
_UADDR                                   (abs)        000F6E
_UART_Init                               text19       000E60
_UART_putrs                              text17       00307E
_UART_puts                               text16       003120
_UART_rx_complete_irq                    text64       002D24
_UART_tx_udr_empty_irq                   text63       003152
_UART_write                              text18       0030B6
_UCFG                                    (abs)        000F6F
_UCON                                    (abs)        000F6D
_UCONbits                                (abs)        000F6D
_UEIE                                    (abs)        000F6B
_UEIR                                    (abs)        000F6A
_UEP0                                    (abs)        000F70
_UEP0bits                                (abs)        000F70
_UEP1                                    (abs)        000F71
_UIE                                     (abs)        000F69
_UIEbits                                 (abs)        000F69
_UIR                                     (abs)        000F68
_UIRbits                                 (abs)        000F68
_USB1msTickCount                         bssBANK0     0000DF
_USBActiveConfiguration                  bssCOMRAM    00004A
_USBAlternateInterface                   bssCOMRAM    000049
_USBBusIsSuspended                       bssBANK0     0000F5
_USBCBCheckOtherReq                      text56       00324A
_USBCBErrorHandler                       text55       00325A
_USBCBInitEP                             text51       0031B0
_USBCBStdSetDscHandler                   text50       003258
_USBCBSuspend                            text49       003256
_USBCBWakeFromSuspend                    text48       003254
_USBCB_SOF_Handler                       text47       003252
_USBCheckHIDRequest                      text57       001308
_USBCheckStdRequest                      text40       002000
_USBConfigureEndpoint                    text54       002A12
_USBCtrlEPAllowDataStage                 text39       00295E
_USBCtrlEPAllowStatusStage               text60       00252C
_USBCtrlEPService                        text35       0028AA
_USBCtrlEPServiceComplete                text38       001C5E
_USBCtrlTrfInHandler                     text61       002120
_USBCtrlTrfOutHandler                    text58       002D9A
_USBCtrlTrfRxService                     text59       0019D8
_USBCtrlTrfSetupHandler                  text37       002C16
_USBCtrlTrfTxService                     text62       002230
_USBDeferINDataStagePackets              bssCOMRAM    00003B
_USBDeferOUTDataStagePackets             bssCOMRAM    00003A
_USBDeferStatusStagePacket               bssCOMRAM    00003E
_USBDeviceInit                           text24       00173C
_USBDeviceState                          bssBANK1     0001B6
_USBDeviceTasks                          text29       000A52
_USBEnableEndpoint                       text53       002F62
_USBInHandle                             bssBANK1     0001B0
_USBIncrement1msInternalTimers           text34       0030EC
_USBOutHandle                            bssBANK1     0001B2
_USBStallHandler                         text33       002E0E
_USBStatusStageEnabledFlag1              bssCOMRAM    00003D
_USBStatusStageEnabledFlag2              bssCOMRAM    00003C
_USBStatusStageTimeoutCounter            bssCOMRAM    00003F
_USBStdFeatureReqHandler                 text45       0006F4
_USBStdGetDscHandler                     text44       0015DC
_USBStdGetStatusHandler                  text43       001EDE
_USBStdSetCfgHandler                     text41       00261E
_USBSuspend                              text32       003182
_USBTicksSinceSuspendEnd                 bssBANK0     0000F4
_USBTransferOnePacket                    text15       001B1C
_USBWakeFromSuspend                      text31       00303C
_USB_CD_Ptr                              mediumconst  007DF3
_USB_SD_Ptr                              mediumconst  007DED
_USER_USB_CALLBACK_EVENT_HANDLER         text46       002AC2
_USTAT                                   (abs)        000F6C
_USTATcopy                               bssCOMRAM    000048
_UserInit                                text23       003202
__HRAM                                   (abs)        000000
__Habs1                                  abs1         000000
__Hbank0                                 bank0        000000
__Hbank1                                 bank1        000000
__Hbank2                                 bank2        000000
__Hbank3                                 bank3        000000
__Hbank4                                 bank4        000000
__Hbank5                                 bank5        000000
__Hbank6                                 bank6        000000
__Hbank7                                 bank7        000000
__Hbigbss                                bigbss       000000
__Hbigdata                               bigdata      000000
__Hbigram                                bigram       000000
__Hbigsfr                                bigsfr       000000
__Hbss                                   bss          000000
__HbssBANK0                              bssBANK0     000000
__HbssBANK1                              bssBANK1     000000
__HbssBIGRAMll                           bssBIGRAMll  000000
__HbssCOMRAM                             bssCOMRAM    000000
__Hcinit                                 cinit        000000
__Hclrtext                               clrtext      000000
__Hcomram                                comram       000000
__Hconfig                                config       30000E
__Hconst                                 const        000000
__HcstackBANK0                           cstackBANK0  000000
__HcstackBANK1                           cstackBANK1  000000
__HcstackCOMRAM                          cstackCOMRAM 000000
__Hdata                                  data         000000
__Heeprom_data                           eeprom_data  000000
__Hfarbss                                farbss       000000
__Hfardata                               fardata      000000
__Hheap                                  heap         000000
__Hibigdata                              ibigdata     000000
__Hidata                                 idata        000000
__Hidloc                                 idloc        200008
__Hifardata                              ifardata     000000
__Hinit                                  init         000068
__Hintcode                               intcode      00000E
__Hintcode_body                          intcode_body 000000
__Hintcodelo                             intcodelo    000064
__Hintentry                              intentry     000000
__Hintret                                intret       000000
__Hintsave_regs                          intsave_regs 000000
__Hirdata                                irdata       000000
__Hmediumconst                           mediumconst  008000
__HnvFARRAM                              nvFARRAM     000000
__Hnvbit                                 nvbit        000000
__Hnvrram                                nvrram       000000
__Hparam                                 rparam       000000
__Hpowerup                               powerup      000064
__Hram                                   ram          000000
__Hramtop                                ramtop       000800
__Hrbit                                  rbit         000000
__Hrbss                                  rbss         000000
__Hrdata                                 rdata        000000
__Hreset_vec                             reset_vec    000004
__Hrparam                                rparam       000000
__Hsfr                                   sfr          000000
__Hsmallconst                            smallconst   000000
__Hspace_0                               (abs)        008000
__Hspace_1                               (abs)        0003D7
__Hspace_2                               (abs)        000000
__Hspace_4                               (abs)        60000E
__Hstack                                 stack        000000
__Hstruct                                struct       000000
__Htemp                                  temp         00004C
__Htext                                  text         000000
__Htext0                                 text0        000000
__Htext1                                 text1        000000
__Htext10                                text10       000000
__Htext11                                text11       000000
__Htext12                                text12       000000
__Htext13                                text13       000000
__Htext14                                text14       000000
__Htext15                                text15       000000
__Htext16                                text16       000000
__Htext17                                text17       000000
__Htext18                                text18       000000
__Htext19                                text19       000000
__Htext2                                 text2        000000
__Htext20                                text20       000000
__Htext21                                text21       000000
__Htext22                                text22       000000
__Htext23                                text23       000000
__Htext24                                text24       000000
__Htext25                                text25       000000
__Htext26                                text26       000000
__Htext29                                text29       000000
__Htext3                                 text3        000000
__Htext30                                text30       000000
__Htext31                                text31       000000
__Htext32                                text32       000000
__Htext33                                text33       000000
__Htext34                                text34       000000
__Htext35                                text35       000000
__Htext36                                text36       000000
__Htext37                                text37       000000
__Htext38                                text38       000000
__Htext39                                text39       000000
__Htext4                                 text4        000000
__Htext40                                text40       000000
__Htext41                                text41       000000
__Htext42                                text42       000000
__Htext43                                text43       000000
__Htext44                                text44       000000
__Htext45                                text45       000000
__Htext46                                text46       000000
__Htext47                                text47       000000
__Htext48                                text48       000000
__Htext49                                text49       000000
__Htext5                                 text5        000000
__Htext50                                text50       000000
__Htext51                                text51       000000
__Htext52                                text52       000000
__Htext53                                text53       000000
__Htext54                                text54       000000
__Htext55                                text55       000000
__Htext56                                text56       000000
__Htext57                                text57       000000
__Htext58                                text58       000000
__Htext59                                text59       000000
__Htext6                                 text6        000000
__Htext60                                text60       000000
__Htext61                                text61       000000
__Htext62                                text62       000000
__Htext63                                text63       000000
__Htext64                                text64       000000
__Htext7                                 text7        000000
__Htext8                                 text8        000000
__Htext9                                 text9        000000
__LRAM                                   (abs)        000001
__Labs1                                  abs1         000000
__Lbank0                                 bank0        000000
__Lbank1                                 bank1        000000
__Lbank2                                 bank2        000000
__Lbank3                                 bank3        000000
__Lbank4                                 bank4        000000
__Lbank5                                 bank5        000000
__Lbank6                                 bank6        000000
__Lbank7                                 bank7        000000
__Lbigbss                                bigbss       000000
__Lbigdata                               bigdata      000000
__Lbigram                                bigram       000000
__Lbigsfr                                bigsfr       000000
__Lbss                                   bss          000000
__LbssBANK0                              bssBANK0     000000
__LbssBANK1                              bssBANK1     000000
__LbssBIGRAMll                           bssBIGRAMll  000000
__LbssCOMRAM                             bssCOMRAM    000000
__Lcinit                                 cinit        000000
__Lclrtext                               clrtext      000000
__Lcomram                                comram       000000
__Lconfig                                config       000000
__Lconst                                 const        000000
__LcstackBANK0                           cstackBANK0  000000
__LcstackBANK1                           cstackBANK1  000000
__LcstackCOMRAM                          cstackCOMRAM 000000
__Ldata                                  data         000000
__Leeprom_data                           eeprom_data  000000
__Lfarbss                                farbss       000000
__Lfardata                               fardata      000000
__Lheap                                  heap         000000
__Libigdata                              ibigdata     000000
__Lidata                                 idata        000000
__Lidloc                                 idloc        000000
__Lifardata                              ifardata     000000
__Linit                                  init         000064
__Lintcode                               intcode      000008
__Lintcode_body                          intcode_body 000000
__Lintcodelo                             intcodelo    000018
__Lintentry                              intentry     000000
__Lintret                                intret       000000
__Lintsave_regs                          intsave_regs 000000
__Lirdata                                irdata       000000
__Lmediumconst                           mediumconst  007DEC
__LnvFARRAM                              nvFARRAM     000000
__Lnvbit                                 nvbit        000000
__Lnvrram                                nvrram       000000
__Lparam                                 rparam       000000
__Lpowerup                               powerup      000064
__Lram                                   ram          000000
__Lramtop                                ramtop       000800
__Lrbit                                  rbit         000000
__Lrbss                                  rbss         000000
__Lrdata                                 rdata        000000
__Lreset_vec                             reset_vec    000000
__Lrparam                                rparam       000000
__Lsfr                                   sfr          000000
__Lsmallconst                            smallconst   000000
__Lspace_0                               (abs)        000000
__Lspace_1                               (abs)        000000
__Lspace_2                               (abs)        000000
__Lspace_4                               (abs)        000000
__Lstack                                 stack        000000
__Lstruct                                struct       000000
__Ltemp                                  temp         00004B
__Ltext                                  text         000000
__Ltext0                                 text0        000000
__Ltext1                                 text1        000000
__Ltext10                                text10       000000
__Ltext11                                text11       000000
__Ltext12                                text12       000000
__Ltext13                                text13       000000
__Ltext14                                text14       000000
__Ltext15                                text15       000000
__Ltext16                                text16       000000
__Ltext17                                text17       000000
__Ltext18                                text18       000000
__Ltext19                                text19       000000
__Ltext2                                 text2        000000
__Ltext20                                text20       000000
__Ltext21                                text21       000000
__Ltext22                                text22       000000
__Ltext23                                text23       000000
__Ltext24                                text24       000000
__Ltext25                                text25       000000
__Ltext26                                text26       000000
__Ltext29                                text29       000000
__Ltext3                                 text3        000000
__Ltext30                                text30       000000
__Ltext31                                text31       000000
__Ltext32                                text32       000000
__Ltext33                                text33       000000
__Ltext34                                text34       000000
__Ltext35                                text35       000000
__Ltext36                                text36       000000
__Ltext37                                text37       000000
__Ltext38                                text38       000000
__Ltext39                                text39       000000
__Ltext4                                 text4        000000
__Ltext40                                text40       000000
__Ltext41                                text41       000000
__Ltext42                                text42       000000
__Ltext43                                text43       000000
__Ltext44                                text44       000000
__Ltext45                                text45       000000
__Ltext46                                text46       000000
__Ltext47                                text47       000000
__Ltext48                                text48       000000
__Ltext49                                text49       000000
__Ltext5                                 text5        000000
__Ltext50                                text50       000000
__Ltext51                                text51       000000
__Ltext52                                text52       000000
__Ltext53                                text53       000000
__Ltext54                                text54       000000
__Ltext55                                text55       000000
__Ltext56                                text56       000000
__Ltext57                                text57       000000
__Ltext58                                text58       000000
__Ltext59                                text59       000000
__Ltext6                                 text6        000000
__Ltext60                                text60       000000
__Ltext61                                text61       000000
__Ltext62                                text62       000000
__Ltext63                                text63       000000
__Ltext64                                text64       000000
__Ltext7                                 text7        000000
__Ltext8                                 text8        000000
__Ltext9                                 text9        000000
__S0                                     (abs)        008000
__S1                                     (abs)        0003D7
__S4                                     (abs)        000000
__S5                                     (abs)        000000
___heap_hi                               (abs)        000000
___heap_lo                               (abs)        000000
___inthi_sp                              stack        000000
___intlo_sp                              stack        000000
___lldiv                                 text20       002B70
___lldiv@counter                         cstackBANK0  00006F
___lldiv@dividend                        cstackBANK0  000063
___lldiv@divisor                         cstackBANK0  000067
___lldiv@quotient                        cstackBANK0  00006B
___lodiv                                 text13       00243A
___lodiv@counter                         cstackBANK0  00007B
___lodiv@dividend                        cstackBANK0  000063
___lodiv@divisor                         cstackBANK0  00006B
___lodiv@quotient                        cstackBANK0  000073
___lomod                                 text12       00270C
___lomod@counter                         cstackBANK0  000073
___lomod@dividend                        cstackBANK0  000063
___lomod@divisor                         cstackBANK0  00006B
___param_bank                            (abs)        000000
___rparam_used                           (abs)        000001
___sp                                    stack        000000
__accesstop                              (abs)        000060
__activetblptr                           (abs)        000002
__end_of_Enable_Interrupt                text26       00324A
__end_of_InitializeSystem                text22       00323C
__end_of_Interrupt_Init                  text21       003232
__end_of_UART_Init                       text19       00101A
__end_of_UART_putrs                      text17       0030B6
__end_of_UART_puts                       text16       003152
__end_of_UART_rx_complete_irq            text64       002D9A
__end_of_UART_tx_udr_empty_irq           text63       003182
__end_of_UART_write                      text18       0030EC
__end_of_USBCBCheckOtherReq              text56       003250
__end_of_USBCBErrorHandler               text55       00325C
__end_of_USBCBInitEP                     text51       0031DA
__end_of_USBCBStdSetDscHandler           text50       00325A
__end_of_USBCBSuspend                    text49       003258
__end_of_USBCBWakeFromSuspend            text48       003256
__end_of_USBCB_SOF_Handler               text47       003254
__end_of_USBCheckHIDRequest              text57       001476
__end_of_USBCheckStdRequest              text40       002120
__end_of_USBConfigureEndpoint            text54       002AC2
__end_of_USBCtrlEPAllowDataStage         text39       002A12
__end_of_USBCtrlEPAllowStatusStage       text60       00261E
__end_of_USBCtrlEPService                text35       00295E
__end_of_USBCtrlEPServiceComplete        text38       001DA0
__end_of_USBCtrlTrfInHandler             text61       002230
__end_of_USBCtrlTrfOutHandler            text58       002E0E
__end_of_USBCtrlTrfRxService             text59       001B1C
__end_of_USBCtrlTrfSetupHandler          text37       002CA6
__end_of_USBCtrlTrfTxService             text62       002340
__end_of_USBDeviceInit                   text24       00188A
__end_of_USBDeviceTasks                  text29       000C9A
__end_of_USBEnableEndpoint               text53       002FAE
__end_of_USBIncrement1msInternalTimers   text34       003120
__end_of_USBStallHandler                 text33       002E6E
__end_of_USBStdFeatureReqHandler         text45       000A52
__end_of_USBStdGetDscHandler             text44       00173C
__end_of_USBStdGetStatusHandler          text43       002000
__end_of_USBStdSetCfgHandler             text41       00270C
__end_of_USBSuspend                      text32       0031B0
__end_of_USBTransferOnePacket            text15       001C5E
__end_of_USBWakeFromSuspend              text31       00307E
__end_of_USB_CD_Ptr                      mediumconst  007DF5
__end_of_USB_SD_Ptr                      mediumconst  007DF3
__end_of_USER_USB_CALLBACK_EVENT_HANDLER text46       002B70
__end_of_UserInit                        text23       003216
__end_of___lldiv                         text20       002C16
__end_of___lodiv                         text13       00252C
__end_of___lomod                         text12       0027DE
__end_of__initialization                 cinit        00302E
__end_of_configDescriptor1               mediumconst  007E80
__end_of_device_dsc                      mediumconst  007EAF
__end_of_fputc                           text10       0028AA
__end_of_fputs                           text9        002FF6
__end_of_gpioInitialize                  text14       003224
__end_of_hid_rpt01                       mediumconst  007E9D
__end_of_main                            text0        0006F4
__end_of_memcpy                          text36       002F62
__end_of_memset                          text25       001192
__end_of_myISR_high                      intcode_body 00243A
__end_of_myISR_low                       intcodelo    000064
__end_of_pad                             text8        002D24
__end_of_putch                           text11       003252
__end_of_sd000                           mediumconst  007EB3
__end_of_sd001                           mediumconst  007E29
__end_of_sd002                           mediumconst  007E57
__end_of_sprintf                         text4        002EC0
__end_of_timer1_Init                     text3        003202
__end_of_timerStart                      text2        003244
__end_of_timerZero_Init                  text1        0031EE
__end_of_utoa                            text7        000E60
__end_of_vfpfcnvrt                       text6        0015DC
__end_of_vfprintf                        text5        002F12
__end_ofi2_USBDeviceInit                 text30       0019D8
__end_ofi2_USBTransferOnePacket          text52       001EDE
__end_ofi2_memset                        text42       001308
__initialization                         cinit        002FF6
__mediumconst                            mediumconst  007DEC
__pbssBANK0                              bssBANK0     0000D1
__pbssBANK1                              bssBANK1     000170
__pbssBIGRAMll                           bssBIGRAMll  0001D7
__pbssCOMRAM                             bssCOMRAM    00002E
__pcinit                                 cinit        002FF6
__pcstackBANK0                           cstackBANK0  000060
__pcstackBANK1                           cstackBANK1  000100
__pcstackCOMRAM                          cstackCOMRAM 000001
__pintcode                               intcode      000008
__pintcode_body                          intcode_body 002340
__pintcodelo                             intcodelo    000018
__pmediumconst                           mediumconst  007DEC
__ptext0                                 text0        000068
__ptext1                                 text1        0031DA
__ptext10                                text10       0027DE
__ptext11                                text11       003250
__ptext12                                text12       00270C
__ptext13                                text13       00243A
__ptext14                                text14       003216
__ptext15                                text15       001B1C
__ptext16                                text16       003120
__ptext17                                text17       00307E
__ptext18                                text18       0030B6
__ptext19                                text19       000E60
__ptext2                                 text2        00323C
__ptext20                                text20       002B70
__ptext21                                text21       003224
__ptext22                                text22       003232
__ptext23                                text23       003202
__ptext24                                text24       00173C
__ptext25                                text25       00101A
__ptext26                                text26       003244
__ptext29                                text29       000A52
__ptext3                                 text3        0031EE
__ptext30                                text30       00188A
__ptext31                                text31       00303C
__ptext32                                text32       003182
__ptext33                                text33       002E0E
__ptext34                                text34       0030EC
__ptext35                                text35       0028AA
__ptext36                                text36       002F12
__ptext37                                text37       002C16
__ptext38                                text38       001C5E
__ptext39                                text39       00295E
__ptext4                                 text4        002E6E
__ptext40                                text40       002000
__ptext41                                text41       00261E
__ptext42                                text42       001192
__ptext43                                text43       001EDE
__ptext44                                text44       0015DC
__ptext45                                text45       0006F4
__ptext46                                text46       002AC2
__ptext47                                text47       003252
__ptext48                                text48       003254
__ptext49                                text49       003256
__ptext5                                 text5        002EC0
__ptext50                                text50       003258
__ptext51                                text51       0031B0
__ptext52                                text52       001DA0
__ptext53                                text53       002F62
__ptext54                                text54       002A12
__ptext55                                text55       00325A
__ptext56                                text56       00324A
__ptext57                                text57       001308
__ptext58                                text58       002D9A
__ptext59                                text59       0019D8
__ptext6                                 text6        001476
__ptext60                                text60       00252C
__ptext61                                text61       002120
__ptext62                                text62       002230
__ptext63                                text63       003152
__ptext64                                text64       002D24
__ptext7                                 text7        000C9A
__ptext8                                 text8        002CA6
__ptext9                                 text9        002FAE
__ramtop                                 ramtop       000800
__rx_buffer                              bssBIGRAMll  0001D7
__rx_buffer_head                         bssCOMRAM    000030
__rx_buffer_tail                         bssCOMRAM    00002E
__smallconst                             smallconst   000000
__tx_buffer                              bssBANK1     000170
__tx_buffer_head                         bssCOMRAM    000039
__tx_buffer_tail                         bssCOMRAM    000038
_active_protocol                         bssCOMRAM    000046
_configDescriptor1                       mediumconst  007E57
_controlTransferState                    bssCOMRAM    000043
_dbuf                                    bssBANK1     0001B7
_device_dsc                              mediumconst  007E9D
_endpoint_number                         bssCOMRAM    000041
_ep_data_in                              bssBANK0     0000F1
_ep_data_out                             bssBANK0     0000EF
_flags                                   bssBANK0     0000F3
_fputc                                   text10       0027DE
_fputs                                   text9        002FAE
_gpioInitialize                          text14       003216
_hid_rpt01                               mediumconst  007E80
_idle_rate                               bssCOMRAM    000047
_inPipes                                 bssBANK0     0000D9
_main                                    text0        000068
_memcpy                                  text36       002F12
_memset                                  text25       00101A
_myISR_high                              intcode      000008
_myISR_low                               intcodelo    000018
_outPipes                                bssBANK0     0000D1
_pBDTEntryEP0OutCurrent                  bssCOMRAM    000036
_pBDTEntryEP0OutNext                     bssCOMRAM    000034
_pBDTEntryIn                             bssBANK0     0000E3
_pBDTEntryOut                            bssBANK0     0000E7
_pDst                                    bssCOMRAM    000032
_pad                                     text8        002CA6
_prec                                    bssBANK0     0000ED
_pushButtonCount                         bssBANK1     0001B5
_putch                                   text11       003250
_runFlag                                 bssBANK1     0001B4
_sd000                                   mediumconst  007EAF
_sd001                                   mediumconst  007DF5
_sd002                                   mediumconst  007E29
_shortPacketStatus                       bssCOMRAM    000044
_sprintf                                 text4        002E6E
_timer1_Init                             text3        0031EE
_timerStart                              text2        00323C
_timerZero_Init                          text1        0031DA
_usbTimerState                           bssCOMRAM    000045
_utoa                                    text7        000C9A
_vfpfcnvrt                               text6        001476
_vfprintf                                text5        002EC0
_width                                   bssBANK0     0000EB
btemp                                    temp         00004B
end_of_initialization                    cinit        00302E
fputc@c                                  cstackBANK0  000063
fputc@fp                                 cstackBANK0  000065
fputs@c                                  cstackBANK0  000070
fputs@fp                                 cstackBANK0  00006E
fputs@i                                  cstackBANK0  000071
fputs@s                                  cstackBANK0  00006C
i2USBDeviceInit@i                        cstackCOMRAM 00000D
i2USBTransferOnePacket@data              cstackCOMRAM 000002
i2USBTransferOnePacket@dir               cstackCOMRAM 000001
i2USBTransferOnePacket@ep                cstackCOMRAM 000009
i2USBTransferOnePacket@handle            cstackCOMRAM 00000A
i2USBTransferOnePacket@len               cstackCOMRAM 000004
i2_USBDeviceInit                         text30       00188A
i2_USBTransferOnePacket                  text52       001DA0
i2_memset                                text42       001192
i2memset@c                               cstackCOMRAM 000003
i2memset@dest                            cstackCOMRAM 000001
i2memset@k                               cstackCOMRAM 000009
i2memset@n                               cstackCOMRAM 000005
i2memset@s                               cstackCOMRAM 00000B
int$flags                                temp         00004B
int_func                                 intcode_body 002340
intlevel0                                text         000000
intlevel1                                text         000000
intlevel2                                text         000000
intlevel3                                text         000000
isa$std                                  (abs)        000001
isa$xinst                                (abs)        000000
main@cnt                                 cstackBANK1  00016E
main@cnt_877                             cstackBANK1  00016F
main@potVoltage                          cstackBANK1  00016C
main@temp                                cstackBANK1  000100
main@w                                   cstackBANK1  000164
main@w_865                               cstackBANK1  000166
main@w_867                               cstackBANK1  000168
main@w_869                               cstackBANK1  00016A
memcpy@d                                 cstackCOMRAM 000007
memcpy@d1                                cstackCOMRAM 000001
memcpy@n                                 cstackCOMRAM 000005
memcpy@s                                 cstackCOMRAM 000009
memcpy@s1                                cstackCOMRAM 000003
memcpy@tmp                               cstackCOMRAM 00000B
memset@c                                 cstackBANK0  000065
memset@dest                              cstackBANK0  000063
memset@k                                 cstackBANK0  00006B
memset@n                                 cstackBANK0  000067
memset@s                                 cstackBANK0  00006D
pad@buf                                  cstackBANK0  000075
pad@fp                                   cstackBANK0  000073
pad@i                                    cstackBANK0  00007A
pad@p                                    cstackBANK0  000077
pad@w                                    cstackBANK0  00007C
sprintf@ap                               cstackBANK0  0000C2
sprintf@f                                cstackBANK0  0000C4
sprintf@fmt                              cstackBANK0  0000BC
sprintf@s                                cstackBANK0  0000BA
stackhi                                  (abs)        000000
stacklo                                  (abs)        000000
start                                    init         000064
start_initialization                     cinit        002FF6
ttemp5                                   temp         00004C
ttemp6                                   temp         00004F
ttemp7                                   temp         000053
utoa@d                                   cstackBANK0  000080
utoa@fp                                  cstackBANK0  00007E
utoa@i                                   cstackBANK0  00009C
utoa@n                                   cstackBANK0  000094
utoa@p                                   cstackBANK0  000092
utoa@w                                   cstackBANK0  000090
vfpfcnvrt@ap                             cstackBANK0  0000A2
vfpfcnvrt@convarg                        cstackBANK0  0000A8
vfpfcnvrt@cp                             cstackBANK0  0000B0
vfpfcnvrt@fmt                            cstackBANK0  0000A0
vfpfcnvrt@fp                             cstackBANK0  00009E
vfprintf@ap                              cstackBANK0  0000B6
vfprintf@cfmt                            cstackBANK0  0000B8
vfprintf@fmt                             cstackBANK0  0000B4
vfprintf@fp                              cstackBANK0  0000B2
wtemp8                                   temp         00004C


MODULE INFORMATION

Module		Function		Class		Link	Load	Size
C:\Program Files\Microchip\xc8\v2.40\pic\sources\c99\common\nf_fputc.c
		_fputc         		CODE           	27DE	0000	204

C:\Program Files\Microchip\xc8\v2.40\pic\sources\c99\common\nf_fputc.c estimated size: 204

C:\Program Files\Microchip\xc8\v2.40\pic\sources\c99\common\nf_sprintf.c
		_sprintf       		CODE           	2E6E	0000	82

C:\Program Files\Microchip\xc8\v2.40\pic\sources\c99\common\nf_sprintf.c estimated size: 82

C:\Program Files\Microchip\xc8\v2.40\pic\sources\c99\common\memcpy.c
		_memcpy        		CODE           	2F12	0000	80

C:\Program Files\Microchip\xc8\v2.40\pic\sources\c99\common\memcpy.c estimated size: 80

uart.c
		_UART_tx_udr_empty_irq		CODE           	3152	0000	48
		_UART_Init     		CODE           	0E60	0000	442
		_UART_rx_complete_irq		CODE           	2D24	0000	118
		_UART_puts     		CODE           	3120	0000	50
		_UART_putrs    		CODE           	307E	0000	56
		_UART_write    		CODE           	30B6	0000	54

uart.c estimated size: 768

usb_function_hid.c
		_USBCheckHIDRequest		CODE           	1308	0000	366

usb_function_hid.c estimated size: 366

C:\Program Files\Microchip\xc8\v2.40\pic\sources\c99\common\__lldiv.c
		___lldiv       		CODE           	2B70	0000	166

C:\Program Files\Microchip\xc8\v2.40\pic\sources\c99\common\__lldiv.c estimated size: 166

C:\Program Files\Microchip\xc8\v2.40\pic\sources\c99\common\nf_fputs.c
		_fputs         		CODE           	2FAE	0000	72

C:\Program Files\Microchip\xc8\v2.40\pic\sources\c99\common\nf_fputs.c estimated size: 72

C:\Program Files\Microchip\xc8\v2.40\pic\sources\c99\common\lomod.c
		___lomod       		CODE           	270C	0000	210

C:\Program Files\Microchip\xc8\v2.40\pic\sources\c99\common\lomod.c estimated size: 210

shared
		_configDescriptor1		MEDIUMCONST    	7E57	0000	41
		_USB_CD_Ptr    		MEDIUMCONST    	7DF3	0000	2
		_sd001         		MEDIUMCONST    	7DF5	0000	52
		_sd002         		MEDIUMCONST    	7E29	0000	46
		i2_USBDeviceInit		CODE           	188A	0000	334
		__initialization		CODE           	2FF6	0000	56
		_device_dsc    		MEDIUMCONST    	7E9D	0000	18
		_USB_SD_Ptr    		MEDIUMCONST    	7DED	0000	6
		_hid_rpt01     		MEDIUMCONST    	7E80	0000	29
		i2_memset      		CODE           	1192	0000	374
		_sd000         		MEDIUMCONST    	7EAF	0000	4
		i2_USBTransferOnePacket		CODE           	1DA0	0000	318

shared estimated size: 1280

C:\Program Files\Microchip\xc8\v2.40\pic\sources\c99\common\memset.c
		_memset        		CODE           	101A	0000	376

C:\Program Files\Microchip\xc8\v2.40\pic\sources\c99\common\memset.c estimated size: 376

usb_device.c
		_USBCtrlTrfInHandler		CODE           	2120	0000	272
		_USBTransferOnePacket		CODE           	1B1C	0000	322
		_USBStdGetDscHandler		CODE           	15DC	0000	352
		_USBCtrlEPAllowDataStage		CODE           	295E	0000	180
		_USBStdFeatureReqHandler		CODE           	06F4	0000	862
		_USBCtrlEPAllowStatusStage		CODE           	252C	0000	242
		_USBCtrlTrfSetupHandler		CODE           	2C16	0000	144
		_USBCtrlTrfOutHandler		CODE           	2D9A	0000	116
		_USBCtrlEPServiceComplete		CODE           	1C5E	0000	322
		_USBSuspend    		CODE           	3182	0000	46
		_USBStdSetCfgHandler		CODE           	261E	0000	238
		_USBStdGetStatusHandler		CODE           	1EDE	0000	290
		_USBWakeFromSuspend		CODE           	303C	0000	66
		_USBCtrlTrfRxService		CODE           	19D8	0000	324
		_USBCtrlTrfTxService		CODE           	2230	0000	272
		_USBEnableEndpoint		CODE           	2F62	0000	76
		_USBConfigureEndpoint		CODE           	2A12	0000	176
		_USBDeviceInit 		CODE           	173C	0000	334
		_USBIncrement1msInternalTimers		CODE           	30EC	0000	52
		_USBCtrlEPService		CODE           	28AA	0000	180
		_USBStallHandler		CODE           	2E0E	0000	96
		_USBDeviceTasks		CODE           	0A52	0000	584
		_USBCheckStdRequest		CODE           	2000	0000	288

usb_device.c estimated size: 5834

C:\Program Files\Microchip\xc8\v2.40\pic\sources\c99\common\putch.c
		_putch         		CODE           	3250	0000	2

C:\Program Files\Microchip\xc8\v2.40\pic\sources\c99\common\putch.c estimated size: 2

C:\Program Files\Microchip\xc8\v2.40\pic\sources\c99\common\doprnt.c
		_vfpfcnvrt     		CODE           	1476	0000	358
		_pad           		CODE           	2CA6	0000	126
		_vfprintf      		CODE           	2EC0	0000	82
		_utoa          		CODE           	0C9A	0000	454

C:\Program Files\Microchip\xc8\v2.40\pic\sources\c99\common\doprnt.c estimated size: 1020

main.c
		_myISR_low     		CODE           	0018	0000	76
		_USBCBErrorHandler		CODE           	325A	0000	2
		_UserInit      		CODE           	3202	0000	20
		_USBCBWakeFromSuspend		CODE           	3254	0000	2
		_timerZero_Init		CODE           	31DA	0000	20
		_main          		CODE           	0068	0000	1676
		_USER_USB_CALLBACK_EVENT_HANDLER		CODE           	2AC2	0000	174
		_USBCBStdSetDscHandler		CODE           	3258	0000	2
		_myISR_high    		CODE           	0008	0000	256
		_Interrupt_Init		CODE           	3224	0000	14
		_USBCBInitEP   		CODE           	31B0	0000	42
		_gpioInitialize		CODE           	3216	0000	14
		_InitializeSystem		CODE           	3232	0000	10
		_Enable_Interrupt		CODE           	3244	0000	6
		_timer1_Init   		CODE           	31EE	0000	20
		_USBCB_SOF_Handler		CODE           	3252	0000	2
		_USBCBSuspend  		CODE           	3256	0000	2
		_USBCBCheckOtherReq		CODE           	324A	0000	6
		_timerStart    		CODE           	323C	0000	8

main.c estimated size: 2352

C:\Program Files\Microchip\xc8\v2.40\pic\sources\c99\common\lodiv.c
		___lodiv       		CODE           	243A	0000	242

C:\Program Files\Microchip\xc8\v2.40\pic\sources\c99\common\lodiv.c estimated size: 242

