Microchip MPLAB XC8 Compiler V2.40

Linker command line:

-W-3 \
  --edf=C:\Program Files\Microchip\xc8\v2.40\pic\dat\20220703182018_en.msgs \
  -cn -h+dist/default/production\USB_HID.X.production.sym \
  --cmf=dist/default/production\USB_HID.X.production.cmf -z -Q18LF4550 \
  -oC:\Users\kolel\AppData\Local\Temp\xcAs7bo.4 --defsym=__MPLAB_BUILD=1 \
  --fixupoverflow=error -Mdist/default/production/USB_HID.X.production.map \
  --md=C:\Users\kolel\AppData\Local\Temp\xcAs7bo.dat -E1 -ver=XC8 Compiler \
  --acfsm=1493 -ACODE=00h-07FFFh -ACONST=00h-07FFFh \
  -ASMALLCONST=0800h-08FFhx120 -AMEDIUMCONST=0800h-07FFFh -ACOMRAM=01h-05Fh \
  -AABS1=00h-07FFh -ABIGRAM=01h-07FFh -ARAM=060h-0FFh,0100h-01FFhx7 \
  -ABANK0=060h-0FFh -ABANK1=0100h-01FFh -ABANK2=0200h-02FFh \
  -ABANK3=0300h-03FFh -ABANK4=0400h-04FFh -ABANK5=0500h-05FFh \
  -ABANK6=0600h-06FFh -ABANK7=0700h-07FFh -ASFR=0F60h-0FFFh \
  -ABIGSFR=0F60h-0FFFh -ACONFIG=0300000h-030000Dh -AIDLOC=0200000h-0200007h \
  -AEEDATA=0F00000h-0F000FFh -peeprom_data=EEDATA \
  -preset_vec=00h,intcode=08h,intcodelo=018h,powerup,init -pramtop=0800h \
  -psmallconst=SMALLCONST -pmediumconst=MEDIUMCONST -pconst=CONST \
  -AFARRAM=00h-00h \
  -prdata=COMRAM,nvrram=COMRAM,nvbit=COMRAM,rbss=COMRAM,rbit=COMRAM \
  -pfarbss=FARRAM,fardata=FARRAM,nvFARRAM=FARRAM \
  -pintsave_regs=BIGRAM,bigbss=BIGRAM,bigdata=BIGRAM -pbss=RAM \
  -pidata=CODE,irdata=CODE,ibigdata=CODE,ifardata=CODE -prparam=COMRAM \
  C:\Users\kolel\AppData\Local\Temp\xcAs7bo.o \
  dist/default/production\USB_HID.X.production.o 

Object code version is 3.11

Machine type is 18LF4550



                Name                               Link     Load   Length Selector   Space Scale
C:\Users\kolel\AppData\Local\Temp\xcAs7bo.o
                idloc                            200000   200000        8        0       5
                config                           300000   300000        E        0       4
                init                                 64       64        4        C       0
                reset_vec                             0        0        4        0       0
dist/default/production\USB_HID.X.production.o
                intcodelo                            18       18       4C        C       0
                intcode                               8        8        6        4       0
                idloc                            200000   200000        8        0       5
                config                           300000   300000        E        0       4
                temp                                 5F       5F        1        1       1
                mediumconst                        7DBC     7DBC      244     3EDE       0
                text76                             346C     346C       78        C       0
                text75                             39CA     39CA       32        C       0
                text74                             266E     266E      110        C       0
                text73                             255E     255E      110        C       0
                text72                             296C     296C       F2        C       0
                text71                             21DA     21DA      144        C       0
                text70                             34E4     34E4       76        C       0
                text69                             184C     184C      16E        C       0
                text68                             3AF4     3AF4        6        C       0
                text67                             3B06     3B06        2        C       0
                text66                             30DE     30DE       B0        C       0
                text65                             379E     379E       4C        C       0
                text64                             3964     3964       34        C       0
                text63                             39FC     39FC       30        C       0
                text62                             2A5E     2A5E       F0        C       0
                text61                             2D0E     2D0E       D0        C       0
                text60                             3B04     3B04        2        C       0
                text59                             2EAA     2EAA       CA        C       0
                text58                             3832     3832       44        C       0
                text57                             33F2     33F2       7A        C       0
                text56                              E8C      E8C      1C2        C       0
                text55                             1B22     1B22      164        C       0
                text54                             3750     3750       4E        C       0
                text53                             365E     365E       52        C       0
                text52                             13BA     13BA      1A4        C       0
                text51                             3A5A     3A5A       2A        C       0
                text50                             3B02     3B02        2        C       0
                text49                             3B00     3B00        2        C       0
                text48                             3AFE     3AFE        2        C       0
                text47                             3AFC     3AFC        2        C       0
                text46                             318E     318E       AE        C       0
                text45                              6F4      6F4      384        C       0
                text44                             1C86     1C86      160        C       0
                text43                             231E     231E      122        C       0
                text42                             16D6     16D6      176        C       0
                text41                             2B4E     2B4E       EE        C       0
                text40                             2440     2440      11E        C       0
                text39                             302A     302A       B4        C       0
                text38                             2090     2090      14A        C       0
                text37                             32E2     32E2       92        C       0
                text36                             3700     3700       50        C       0
                text35                             2F74     2F74       B6        C       0
                text34                             392E     392E       36        C       0
                text33                             355A     355A       60        C       0
                text32                             3A2C     3A2C       2E        C       0
                text31                             3876     3876       42        C       0
                text30                             1F3E     1F3E      152        C       0
                text29                              A78      A78      24C        C       0
                intcode_body                       277E     277E       FC        C       0
                text26                             3AEE     3AEE        6        C       0
                text25                             155E     155E      178        C       0
                text24                             1DE6     1DE6      158        C       0
                text23                             3AAC     3AAC       14        C       0
                text22                             3ADC     3ADC        A        C       0
                text21                             3ACE     3ACE        E        C       0
                text20                             323C     323C       A6        C       0
                text19                             104E     104E      1BC        C       0
                text18                             38B8     38B8       3E        C       0
                text17                             38F6     38F6       38        C       0
                text16                             3998     3998       32        C       0
                text15                             287A     287A       F2        C       0
                text14                             2C3C     2C3C       D2        C       0
                text13                             3AFA     3AFA        2        C       0
                text12                             2DDE     2DDE       CC        C       0
                text11                             37EA     37EA       48        C       0
                text10                             3374     3374       7E        C       0
                text9                               CC4      CC4      1C8        C       0
                text8                              19BA     19BA      168        C       0
                text7                              360C     360C       52        C       0
                text6                              35BA     35BA       52        C       0
                text5                              120A     120A      1B0        C       0
                text4                              3AC0     3AC0        E        C       0
                text3                              3A98     3A98       14        C       0
                text2                              3AE6     3AE6        8        C       0
                text1                              3A84     3A84       14        C       0
                text0                                68       68      68C        C       0
                cstackCOMRAM                          1        1       5E        1       1
                cstackBANK0                          9D       9D       38       60       1
                cstackBANK1                         100      100       CB      100       1
                cstackBANK2                         200      200       7B      200       1
                cstackBANK3                         300      300       CB      300       1
                cstackBANK5                         500      500       70      500       1
                bssBIGRAMl                          570      570      200      570       1
                bssBANK4                            430      430       C0      430       1
                bssBANK2                            27B      27B       28      200       1
                bssBANK1                            1CB      1CB        4      100       1
                bssBANK0                             60       60       3D       60       1
                cinit                              36B0     36B0       50        C       0

TOTAL           Name                               Link     Load   Length     Space
        CLASS   CODE           
                intcodelo                            18       18       4C         0
                intcode                               8        8        6         0
                init                                 64       64        4         0
                reset_vec                             0        0        4         0
                text76                             346C     346C       78         0
                text75                             39CA     39CA       32         0
                text74                             266E     266E      110         0
                text73                             255E     255E      110         0
                text72                             296C     296C       F2         0
                text71                             21DA     21DA      144         0
                text70                             34E4     34E4       76         0
                text69                             184C     184C      16E         0
                text68                             3AF4     3AF4        6         0
                text67                             3B06     3B06        2         0
                text66                             30DE     30DE       B0         0
                text65                             379E     379E       4C         0
                text64                             3964     3964       34         0
                text63                             39FC     39FC       30         0
                text62                             2A5E     2A5E       F0         0
                text61                             2D0E     2D0E       D0         0
                text60                             3B04     3B04        2         0
                text59                             2EAA     2EAA       CA         0
                text58                             3832     3832       44         0
                text57                             33F2     33F2       7A         0
                text56                              E8C      E8C      1C2         0
                text55                             1B22     1B22      164         0
                text54                             3750     3750       4E         0
                text53                             365E     365E       52         0
                text52                             13BA     13BA      1A4         0
                text51                             3A5A     3A5A       2A         0
                text50                             3B02     3B02        2         0
                text49                             3B00     3B00        2         0
                text48                             3AFE     3AFE        2         0
                text47                             3AFC     3AFC        2         0
                text46                             318E     318E       AE         0
                text45                              6F4      6F4      384         0
                text44                             1C86     1C86      160         0
                text43                             231E     231E      122         0
                text42                             16D6     16D6      176         0
                text41                             2B4E     2B4E       EE         0
                text40                             2440     2440      11E         0
                text39                             302A     302A       B4         0
                text38                             2090     2090      14A         0
                text37                             32E2     32E2       92         0
                text36                             3700     3700       50         0
                text35                             2F74     2F74       B6         0
                text34                             392E     392E       36         0
                text33                             355A     355A       60         0
                text32                             3A2C     3A2C       2E         0
                text31                             3876     3876       42         0
                text30                             1F3E     1F3E      152         0
                text29                              A78      A78      24C         0
                intcode_body                       277E     277E       FC         0
                text26                             3AEE     3AEE        6         0
                text25                             155E     155E      178         0
                text24                             1DE6     1DE6      158         0
                text23                             3AAC     3AAC       14         0
                text22                             3ADC     3ADC        A         0
                text21                             3ACE     3ACE        E         0
                text20                             323C     323C       A6         0
                text19                             104E     104E      1BC         0
                text18                             38B8     38B8       3E         0
                text17                             38F6     38F6       38         0
                text16                             3998     3998       32         0
                text15                             287A     287A       F2         0
                text14                             2C3C     2C3C       D2         0
                text13                             3AFA     3AFA        2         0
                text12                             2DDE     2DDE       CC         0
                text11                             37EA     37EA       48         0
                text10                             3374     3374       7E         0
                text9                               CC4      CC4      1C8         0
                text8                              19BA     19BA      168         0
                text7                              360C     360C       52         0
                text6                              35BA     35BA       52         0
                text5                              120A     120A      1B0         0
                text4                              3AC0     3AC0        E         0
                text3                              3A98     3A98       14         0
                text2                              3AE6     3AE6        8         0
                text1                              3A84     3A84       14         0
                text0                                68       68      68C         0
                cinit                              36B0     36B0       50         0

        CLASS   CONST          

        CLASS   SMALLCONST     

        CLASS   MEDIUMCONST    
                mediumconst                        7DBC     7DBC      244         0

        CLASS   COMRAM         
                temp                                 5F       5F        1         1
                cstackCOMRAM                          1        1       5E         1

        CLASS   ABS1           
                abs_s1                              400      400       30         1

        CLASS   BIGRAM         
                bssBIGRAMl                          570      570      200         1

        CLASS   RAM            

        CLASS   BANK0          
                cstackBANK0                          9D       9D       38         1
                bssBANK0                             60       60       3D         1

        CLASS   BANK1          
                cstackBANK1                         100      100       CB         1
                bssBANK1                            1CB      1CB        4         1

        CLASS   BANK2          
                cstackBANK2                         200      200       7B         1
                bssBANK2                            27B      27B       28         1

        CLASS   BANK3          
                cstackBANK3                         300      300       CB         1

        CLASS   BANK4          
                bssBANK4                            430      430       C0         1

        CLASS   BANK5          
                cstackBANK5                         500      500       70         1

        CLASS   BANK6          

        CLASS   BANK7          

        CLASS   SFR            

        CLASS   BIGSFR         

        CLASS   CONFIG         
                config                           300000   300000        E         4

        CLASS   IDLOC          
                idloc                            200000   200000        8         5

        CLASS   EEDATA         

        CLASS   FARRAM         

        CLASS   HEAP           

        CLASS   STACK          



SEGMENTS        Name                           Load    Length   Top    Selector   Space  Class

                reset_vec                      000000  000004  000004         0       0  CODE    
                cstackCOMRAM                   000001  00005F  000060         1       1  COMRAM  
                intcode                        000008  000006  00000E         4       0  CODE    
                intcodelo                      000018  003AF0  003B08         C       0  CODE    
                bssBANK0                       000060  000075  0000D5        60       1  BANK0   
                cstackBANK1                    000100  0000CF  0001CF       100       1  BANK1   
                cstackBANK2                    000200  0000A3  0002A3       200       1  BANK2   
                cstackBANK3                    000300  0000CB  0003CB       300       1  BANK3   
                bssBANK4                       000430  0000C0  0004F0       430       1  BANK4   
                cstackBANK5                    000500  000070  000570       500       1  BANK5   
                bssBIGRAMl                     000570  000200  000770       570       1  BIGRAM  
                mediumconst                    007DBC  000244  008000      3EDE       0  MEDIUMCO


UNUSED ADDRESS RANGES

        Name                Unused          Largest block    Delta
        BANK0            0000D5-0000FF               2B
        BANK1            0001CF-0001FF               31
        BANK2            0002A3-0002FF               5D
        BANK3            0003CB-0003FF               35
        BANK4            0004F0-0004FF               10
        BANK7            000770-0007FF               90
        BIGRAM           0000D5-0000FF               2B
                         0001CF-0001FF               31
                         0002A3-0002FF               5D
                         0003CB-0003FF               35
                         0004F0-0004FF               10
                         000770-0007FF               90
        BIGSFR           000F60-000FFF               A0
        CODE             000004-000007                4
                         00000E-000017                A
                         003B08-007DBB             42B4
        CONST            000004-000007                4
                         00000E-000017                A
                         003B08-007DBB             42B4
        EEDATA           F00000-F000FF              100
        MEDIUMCONST      003B08-007DBB             42B4
        RAM              0000D5-0000FF               2B
                         0001CF-0001FF               31
                         0002A3-0002FF               5D
                         0003CB-0003FF               35
                         0004F0-0004FF               10
                         000770-0007FF               90
        SFR              000F60-000FFF               A0
        SMALLCONST       003B08-007DBB              100

                                  Symbol Table

?_USBTransferOnePacket                   cstackBANK2  000271
?___lldiv                                cstackBANK2  000203
?___lodiv                                cstackBANK2  000203
?___lomod                                cstackBANK2  000203
?_sprintf                                cstackBANK2  00025A
?_vfprintf                               cstackBANK2  000252
?i2_USBTransferOnePacket                 cstackCOMRAM 000058
?i2___lodiv                              cstackCOMRAM 000001
?i2___lomod                              cstackCOMRAM 000001
?i2_sprintf                              cstackBANK0  00009D
?i2_vfprintf                             cstackCOMRAM 000050
UART_Init@baudRate                       cstackBANK2  000210
UART_Init@temp                           cstackBANK2  000217
UART_putrs@ptr                           cstackBANK2  000205
UART_puts@ptr                            cstackBANK2  000205
UART_rx_complete_irq@c                   cstackCOMRAM 000003
UART_rx_complete_irq@i                   cstackCOMRAM 000004
UART_tx_udr_empty_irq@c                  cstackCOMRAM 000001
UART_write@data                          cstackBANK2  000203
UART_write@i                             cstackBANK2  000204
USBConfigureEndpoint@EPNum               cstackCOMRAM 000008
USBConfigureEndpoint@direction           cstackCOMRAM 000001
USBConfigureEndpoint@handle              cstackCOMRAM 000009
USBCtrlTrfInHandler@lastDTS              cstackCOMRAM 000002
USBCtrlTrfRxService@byteToRead           cstackCOMRAM 000002
USBCtrlTrfRxService@i                    cstackCOMRAM 000001
USBCtrlTrfTxService@byteToSend           cstackCOMRAM 000001
USBDeviceInit@i                          cstackBANK2  00020F
USBDeviceTasks@i                         cstackBANK0  0000C8
USBEnableEndpoint@ep                     cstackCOMRAM 00000E
USBEnableEndpoint@options                cstackCOMRAM 00000B
USBEnableEndpoint@p                      cstackCOMRAM 00000C
USBStdFeatureReqHandler@current_ep_data  cstackBANK0  0000C2
USBStdFeatureReqHandler@p                cstackBANK0  0000C3
USBStdFeatureReqHandler@pUEP             cstackBANK0  0000C0
USBStdGetStatusHandler@p                 cstackCOMRAM 000003
USBStdSetCfgHandler@i                    cstackCOMRAM 00005E
USBTransferOnePacket@buf                 cstackBANK3  000300
USBTransferOnePacket@data                cstackBANK2  000272
USBTransferOnePacket@dir                 cstackBANK2  000271
USBTransferOnePacket@ep                  cstackBANK3  0003C8
USBTransferOnePacket@handle              cstackBANK3  0003C9
USBTransferOnePacket@len                 cstackBANK2  000274
USER_USB_CALLBACK_EVENT_HANDLER@event    cstackBANK0  0000B8
USER_USB_CALLBACK_EVENT_HANDLER@pdata    cstackBANK0  0000BA
USER_USB_CALLBACK_EVENT_HANDLER@size     cstackBANK0  0000BC
_ADCON0bits                              (abs)        000FC2
_ADCON1                                  (abs)        000FC1
_ADRES                                   (abs)        000FC3
_BAUDCON                                 (abs)        000FB8
_BAUDCONbits                             (abs)        000FB8
_BDT                                     (abs)        000400
_BothEP0OutUOWNsSet                      bssBANK0     000091
_CtrlTrfData                             (abs)        000428
_Enable_Interrupt                        text26       003AEE
_INTCON2bits                             (abs)        000FF1
_INTCONbits                              (abs)        000FF2
_IPR1bits                                (abs)        000F9F
_InitializeSystem                        text22       003ADC
_Interrupt_Init                          text21       003ACE
_LATAbits                                (abs)        000F89
_LATEbits                                (abs)        000F8D
_PIE1bits                                (abs)        000F9D
_PIE2bits                                (abs)        000FA0
_PIR1bits                                (abs)        000F9E
_PIR2bits                                (abs)        000FA1
_PORTAbits                               (abs)        000F80
_RCONbits                                (abs)        000FD0
_RCREG                                   (abs)        000FAE
_RCSTA                                   (abs)        000FAB
_RCSTAbits                               (abs)        000FAB
_ReceivedDataBuffer                      bssBANK4     0004B0
_RemoteWakeup                            bssBANK0     000094
_SPBRG                                   (abs)        000FAF
_SPBRGH                                  (abs)        000FB0
_SetupPkt                                (abs)        000420
_T0CON                                   (abs)        000FD5
_T0CONbits                               (abs)        000FD5
_T1CON                                   (abs)        000FCD
_TMR0H                                   (abs)        000FD7
_TMR0L                                   (abs)        000FD6
_TMR1H                                   (abs)        000FCF
_TMR1L                                   (abs)        000FCE
_TRISAbits                               (abs)        000F92
_TRISEbits                               (abs)        000F96
_TXREG                                   (abs)        000FAD
_TXSTA                                   (abs)        000FAC
_TXSTAbits                               (abs)        000FAC
_ToSendDataBuffer                        bssBANK4     000470
_UADDR                                   (abs)        000F6E
_UART_Init                               text19       00104E
_UART_putrs                              text17       0038F6
_UART_puts                               text16       003998
_UART_rx_complete_irq                    text76       00346C
_UART_tx_udr_empty_irq                   text75       0039CA
_UART_write                              text18       0038B8
_UCFG                                    (abs)        000F6F
_UCON                                    (abs)        000F6D
_UCONbits                                (abs)        000F6D
_UEIE                                    (abs)        000F6B
_UEIR                                    (abs)        000F6A
_UEP0                                    (abs)        000F70
_UEP0bits                                (abs)        000F70
_UEP1                                    (abs)        000F71
_UIE                                     (abs)        000F69
_UIEbits                                 (abs)        000F69
_UIR                                     (abs)        000F68
_UIRbits                                 (abs)        000F68
_USB1msTickCount                         bssBANK1     0001CB
_USBActiveConfiguration                  bssBANK0     00009C
_USBAlternateInterface                   bssBANK0     00009B
_USBBusIsSuspended                       bssBANK0     000093
_USBCBCheckOtherReq                      text68       003AF4
_USBCBErrorHandler                       text67       003B06
_USBCBInitEP                             text51       003A5A
_USBCBStdSetDscHandler                   text50       003B02
_USBCBSuspend                            text49       003B00
_USBCBWakeFromSuspend                    text48       003AFE
_USBCB_SOF_Handler                       text47       003AFC
_USBCheckHIDRequest                      text69       00184C
_USBCheckStdRequest                      text40       002440
_USBConfigureEndpoint                    text66       0030DE
_USBCtrlEPAllowDataStage                 text39       00302A
_USBCtrlEPAllowStatusStage               text72       00296C
_USBCtrlEPService                        text35       002F74
_USBCtrlEPServiceComplete                text38       002090
_USBCtrlTrfInHandler                     text73       00255E
_USBCtrlTrfOutHandler                    text70       0034E4
_USBCtrlTrfRxService                     text71       0021DA
_USBCtrlTrfSetupHandler                  text37       0032E2
_USBCtrlTrfTxService                     text74       00266E
_USBDeferINDataStagePackets              bssBANK0     00008C
_USBDeferOUTDataStagePackets             bssBANK0     00008B
_USBDeferStatusStagePacket               bssBANK0     00008F
_USBDeviceInit                           text24       001DE6
_USBDeviceState                          bssBANK2     000282
_USBDeviceTasks                          text29       000A78
_USBEnableEndpoint                       text65       00379E
_USBInHandle                             bssBANK2     00027B
_USBIncrement1msInternalTimers           text34       00392E
_USBOutHandle                            bssBANK2     00027D
_USBStallHandler                         text33       00355A
_USBStatusStageEnabledFlag1              bssBANK0     00008E
_USBStatusStageEnabledFlag2              bssBANK0     00008D
_USBStatusStageTimeoutCounter            bssBANK0     000090
_USBStdFeatureReqHandler                 text45       0006F4
_USBStdGetDscHandler                     text44       001C86
_USBStdGetStatusHandler                  text43       00231E
_USBStdSetCfgHandler                     text41       002B4E
_USBSuspend                              text32       003A2C
_USBTicksSinceSuspendEnd                 bssBANK0     00008A
_USBTransferOnePacket                    text5        00120A
_USBWakeFromSuspend                      text31       003876
_USB_CD_Ptr                              mediumconst  007DC3
_USB_SD_Ptr                              mediumconst  007DBD
_USER_USB_CALLBACK_EVENT_HANDLER         text46       00318E
_USTAT                                   (abs)        000F6C
_USTATcopy                               bssBANK0     00009A
_UserInit                                text23       003AAC
__HRAM                                   (abs)        000000
__Habs1                                  abs1         000000
__Hbank0                                 bank0        000000
__Hbank1                                 bank1        000000
__Hbank2                                 bank2        000000
__Hbank3                                 bank3        000000
__Hbank4                                 bank4        000000
__Hbank5                                 bank5        000000
__Hbank6                                 bank6        000000
__Hbank7                                 bank7        000000
__Hbigbss                                bigbss       000000
__Hbigdata                               bigdata      000000
__Hbigram                                bigram       000000
__Hbigsfr                                bigsfr       000000
__Hbss                                   bss          000000
__HbssBANK0                              bssBANK0     000000
__HbssBANK1                              bssBANK1     000000
__HbssBANK2                              bssBANK2     000000
__HbssBANK4                              bssBANK4     000000
__HbssBIGRAMl                            bssBIGRAMl   000000
__Hcinit                                 cinit        000000
__Hclrtext                               clrtext      000000
__Hcomram                                comram       000000
__Hconfig                                config       30000E
__Hconst                                 const        000000
__HcstackBANK0                           cstackBANK0  000000
__HcstackBANK1                           cstackBANK1  000000
__HcstackBANK2                           cstackBANK2  000000
__HcstackBANK3                           cstackBANK3  000000
__HcstackBANK5                           cstackBANK5  000000
__HcstackCOMRAM                          cstackCOMRAM 000000
__Hdata                                  data         000000
__Heeprom_data                           eeprom_data  000000
__Hfarbss                                farbss       000000
__Hfardata                               fardata      000000
__Hheap                                  heap         000000
__Hibigdata                              ibigdata     000000
__Hidata                                 idata        000000
__Hidloc                                 idloc        200008
__Hifardata                              ifardata     000000
__Hinit                                  init         000068
__Hintcode                               intcode      00000E
__Hintcode_body                          intcode_body 000000
__Hintcodelo                             intcodelo    000064
__Hintentry                              intentry     000000
__Hintret                                intret       000000
__Hintsave_regs                          intsave_regs 000000
__Hirdata                                irdata       000000
__Hmediumconst                           mediumconst  008000
__HnvFARRAM                              nvFARRAM     000000
__Hnvbit                                 nvbit        000000
__Hnvrram                                nvrram       000000
__Hparam                                 rparam       000000
__Hpowerup                               powerup      000064
__Hram                                   ram          000000
__Hramtop                                ramtop       000800
__Hrbit                                  rbit         000000
__Hrbss                                  rbss         000000
__Hrdata                                 rdata        000000
__Hreset_vec                             reset_vec    000004
__Hrparam                                rparam       000000
__Hsfr                                   sfr          000000
__Hsmallconst                            smallconst   000000
__Hspace_0                               (abs)        008000
__Hspace_1                               (abs)        000770
__Hspace_2                               (abs)        000000
__Hspace_4                               (abs)        60000E
__Hstack                                 stack        000000
__Hstruct                                struct       000000
__Htemp                                  temp         000060
__Htext                                  text         000000
__Htext0                                 text0        000000
__Htext1                                 text1        000000
__Htext10                                text10       000000
__Htext11                                text11       000000
__Htext12                                text12       000000
__Htext13                                text13       000000
__Htext14                                text14       000000
__Htext15                                text15       000000
__Htext16                                text16       000000
__Htext17                                text17       000000
__Htext18                                text18       000000
__Htext19                                text19       000000
__Htext2                                 text2        000000
__Htext20                                text20       000000
__Htext21                                text21       000000
__Htext22                                text22       000000
__Htext23                                text23       000000
__Htext24                                text24       000000
__Htext25                                text25       000000
__Htext26                                text26       000000
__Htext29                                text29       000000
__Htext3                                 text3        000000
__Htext30                                text30       000000
__Htext31                                text31       000000
__Htext32                                text32       000000
__Htext33                                text33       000000
__Htext34                                text34       000000
__Htext35                                text35       000000
__Htext36                                text36       000000
__Htext37                                text37       000000
__Htext38                                text38       000000
__Htext39                                text39       000000
__Htext4                                 text4        000000
__Htext40                                text40       000000
__Htext41                                text41       000000
__Htext42                                text42       000000
__Htext43                                text43       000000
__Htext44                                text44       000000
__Htext45                                text45       000000
__Htext46                                text46       000000
__Htext47                                text47       000000
__Htext48                                text48       000000
__Htext49                                text49       000000
__Htext5                                 text5        000000
__Htext50                                text50       000000
__Htext51                                text51       000000
__Htext52                                text52       000000
__Htext53                                text53       000000
__Htext54                                text54       000000
__Htext55                                text55       000000
__Htext56                                text56       000000
__Htext57                                text57       000000
__Htext58                                text58       000000
__Htext59                                text59       000000
__Htext6                                 text6        000000
__Htext60                                text60       000000
__Htext61                                text61       000000
__Htext62                                text62       000000
__Htext63                                text63       000000
__Htext64                                text64       000000
__Htext65                                text65       000000
__Htext66                                text66       000000
__Htext67                                text67       000000
__Htext68                                text68       000000
__Htext69                                text69       000000
__Htext7                                 text7        000000
__Htext70                                text70       000000
__Htext71                                text71       000000
__Htext72                                text72       000000
__Htext73                                text73       000000
__Htext74                                text74       000000
__Htext75                                text75       000000
__Htext76                                text76       000000
__Htext8                                 text8        000000
__Htext9                                 text9        000000
__LRAM                                   (abs)        000001
__Labs1                                  abs1         000000
__Lbank0                                 bank0        000000
__Lbank1                                 bank1        000000
__Lbank2                                 bank2        000000
__Lbank3                                 bank3        000000
__Lbank4                                 bank4        000000
__Lbank5                                 bank5        000000
__Lbank6                                 bank6        000000
__Lbank7                                 bank7        000000
__Lbigbss                                bigbss       000000
__Lbigdata                               bigdata      000000
__Lbigram                                bigram       000000
__Lbigsfr                                bigsfr       000000
__Lbss                                   bss          000000
__LbssBANK0                              bssBANK0     000000
__LbssBANK1                              bssBANK1     000000
__LbssBANK2                              bssBANK2     000000
__LbssBANK4                              bssBANK4     000000
__LbssBIGRAMl                            bssBIGRAMl   000000
__Lcinit                                 cinit        000000
__Lclrtext                               clrtext      000000
__Lcomram                                comram       000000
__Lconfig                                config       000000
__Lconst                                 const        000000
__LcstackBANK0                           cstackBANK0  000000
__LcstackBANK1                           cstackBANK1  000000
__LcstackBANK2                           cstackBANK2  000000
__LcstackBANK3                           cstackBANK3  000000
__LcstackBANK5                           cstackBANK5  000000
__LcstackCOMRAM                          cstackCOMRAM 000000
__Ldata                                  data         000000
__Leeprom_data                           eeprom_data  000000
__Lfarbss                                farbss       000000
__Lfardata                               fardata      000000
__Lheap                                  heap         000000
__Libigdata                              ibigdata     000000
__Lidata                                 idata        000000
__Lidloc                                 idloc        000000
__Lifardata                              ifardata     000000
__Linit                                  init         000064
__Lintcode                               intcode      000008
__Lintcode_body                          intcode_body 000000
__Lintcodelo                             intcodelo    000018
__Lintentry                              intentry     000000
__Lintret                                intret       000000
__Lintsave_regs                          intsave_regs 000000
__Lirdata                                irdata       000000
__Lmediumconst                           mediumconst  007DBC
__LnvFARRAM                              nvFARRAM     000000
__Lnvbit                                 nvbit        000000
__Lnvrram                                nvrram       000000
__Lparam                                 rparam       000000
__Lpowerup                               powerup      000064
__Lram                                   ram          000000
__Lramtop                                ramtop       000800
__Lrbit                                  rbit         000000
__Lrbss                                  rbss         000000
__Lrdata                                 rdata        000000
__Lreset_vec                             reset_vec    000000
__Lrparam                                rparam       000000
__Lsfr                                   sfr          000000
__Lsmallconst                            smallconst   000000
__Lspace_0                               (abs)        000000
__Lspace_1                               (abs)        000000
__Lspace_2                               (abs)        000000
__Lspace_4                               (abs)        000000
__Lstack                                 stack        000000
__Lstruct                                struct       000000
__Ltemp                                  temp         00005F
__Ltext                                  text         000000
__Ltext0                                 text0        000000
__Ltext1                                 text1        000000
__Ltext10                                text10       000000
__Ltext11                                text11       000000
__Ltext12                                text12       000000
__Ltext13                                text13       000000
__Ltext14                                text14       000000
__Ltext15                                text15       000000
__Ltext16                                text16       000000
__Ltext17                                text17       000000
__Ltext18                                text18       000000
__Ltext19                                text19       000000
__Ltext2                                 text2        000000
__Ltext20                                text20       000000
__Ltext21                                text21       000000
__Ltext22                                text22       000000
__Ltext23                                text23       000000
__Ltext24                                text24       000000
__Ltext25                                text25       000000
__Ltext26                                text26       000000
__Ltext29                                text29       000000
__Ltext3                                 text3        000000
__Ltext30                                text30       000000
__Ltext31                                text31       000000
__Ltext32                                text32       000000
__Ltext33                                text33       000000
__Ltext34                                text34       000000
__Ltext35                                text35       000000
__Ltext36                                text36       000000
__Ltext37                                text37       000000
__Ltext38                                text38       000000
__Ltext39                                text39       000000
__Ltext4                                 text4        000000
__Ltext40                                text40       000000
__Ltext41                                text41       000000
__Ltext42                                text42       000000
__Ltext43                                text43       000000
__Ltext44                                text44       000000
__Ltext45                                text45       000000
__Ltext46                                text46       000000
__Ltext47                                text47       000000
__Ltext48                                text48       000000
__Ltext49                                text49       000000
__Ltext5                                 text5        000000
__Ltext50                                text50       000000
__Ltext51                                text51       000000
__Ltext52                                text52       000000
__Ltext53                                text53       000000
__Ltext54                                text54       000000
__Ltext55                                text55       000000
__Ltext56                                text56       000000
__Ltext57                                text57       000000
__Ltext58                                text58       000000
__Ltext59                                text59       000000
__Ltext6                                 text6        000000
__Ltext60                                text60       000000
__Ltext61                                text61       000000
__Ltext62                                text62       000000
__Ltext63                                text63       000000
__Ltext64                                text64       000000
__Ltext65                                text65       000000
__Ltext66                                text66       000000
__Ltext67                                text67       000000
__Ltext68                                text68       000000
__Ltext69                                text69       000000
__Ltext7                                 text7        000000
__Ltext70                                text70       000000
__Ltext71                                text71       000000
__Ltext72                                text72       000000
__Ltext73                                text73       000000
__Ltext74                                text74       000000
__Ltext75                                text75       000000
__Ltext76                                text76       000000
__Ltext8                                 text8        000000
__Ltext9                                 text9        000000
__S0                                     (abs)        008000
__S1                                     (abs)        000770
__S4                                     (abs)        000000
__S5                                     (abs)        000000
___heap_hi                               (abs)        000000
___heap_lo                               (abs)        000000
___inthi_sp                              stack        000000
___intlo_sp                              stack        000000
___lldiv                                 text20       00323C
___lldiv@counter                         cstackBANK2  00020F
___lldiv@dividend                        cstackBANK2  000203
___lldiv@divisor                         cstackBANK2  000207
___lldiv@quotient                        cstackBANK2  00020B
___lodiv                                 text15       00287A
___lodiv@counter                         cstackBANK2  00021B
___lodiv@dividend                        cstackBANK2  000203
___lodiv@divisor                         cstackBANK2  00020B
___lodiv@quotient                        cstackBANK2  000213
___lomod                                 text14       002C3C
___lomod@counter                         cstackBANK2  000213
___lomod@dividend                        cstackBANK2  000203
___lomod@divisor                         cstackBANK2  00020B
___param_bank                            (abs)        000000
___rparam_used                           (abs)        000001
___sp                                    stack        000000
__accesstop                              (abs)        000060
__activetblptr                           (abs)        000002
__end_of_Enable_Interrupt                text26       003AF4
__end_of_InitializeSystem                text22       003AE6
__end_of_Interrupt_Init                  text21       003ADC
__end_of_UART_Init                       text19       00120A
__end_of_UART_putrs                      text17       00392E
__end_of_UART_puts                       text16       0039CA
__end_of_UART_rx_complete_irq            text76       0034E4
__end_of_UART_tx_udr_empty_irq           text75       0039FC
__end_of_UART_write                      text18       0038F6
__end_of_USBCBCheckOtherReq              text68       003AFA
__end_of_USBCBErrorHandler               text67       003B08
__end_of_USBCBInitEP                     text51       003A84
__end_of_USBCBStdSetDscHandler           text50       003B04
__end_of_USBCBSuspend                    text49       003B02
__end_of_USBCBWakeFromSuspend            text48       003B00
__end_of_USBCB_SOF_Handler               text47       003AFE
__end_of_USBCheckHIDRequest              text69       0019BA
__end_of_USBCheckStdRequest              text40       00255E
__end_of_USBConfigureEndpoint            text66       00318E
__end_of_USBCtrlEPAllowDataStage         text39       0030DE
__end_of_USBCtrlEPAllowStatusStage       text72       002A5E
__end_of_USBCtrlEPService                text35       00302A
__end_of_USBCtrlEPServiceComplete        text38       0021DA
__end_of_USBCtrlTrfInHandler             text73       00266E
__end_of_USBCtrlTrfOutHandler            text70       00355A
__end_of_USBCtrlTrfRxService             text71       00231E
__end_of_USBCtrlTrfSetupHandler          text37       003374
__end_of_USBCtrlTrfTxService             text74       00277E
__end_of_USBDeviceInit                   text24       001F3E
__end_of_USBDeviceTasks                  text29       000CC4
__end_of_USBEnableEndpoint               text65       0037EA
__end_of_USBIncrement1msInternalTimers   text34       003964
__end_of_USBStallHandler                 text33       0035BA
__end_of_USBStdFeatureReqHandler         text45       000A78
__end_of_USBStdGetDscHandler             text44       001DE6
__end_of_USBStdGetStatusHandler          text43       002440
__end_of_USBStdSetCfgHandler             text41       002C3C
__end_of_USBSuspend                      text32       003A5A
__end_of_USBTransferOnePacket            text5        0013BA
__end_of_USBWakeFromSuspend              text31       0038B8
__end_of_USB_CD_Ptr                      mediumconst  007DC5
__end_of_USB_SD_Ptr                      mediumconst  007DC3
__end_of_USER_USB_CALLBACK_EVENT_HANDLER text46       00323C
__end_of_UserInit                        text23       003AC0
__end_of___lldiv                         text20       0032E2
__end_of___lodiv                         text15       00296C
__end_of___lomod                         text14       002D0E
__end_of__initialization                 cinit        0036F2
__end_of_configDescriptor1               mediumconst  007E50
__end_of_device_dsc                      mediumconst  007E7F
__end_of_fputc                           text12       002EAA
__end_of_fputs                           text11       003832
__end_of_gpioInitialize                  text4        003ACE
__end_of_hid_rpt01                       mediumconst  007E6D
__end_of_main                            text0        0006F4
__end_of_memcpy                          text36       003750
__end_of_memset                          text25       0016D6
__end_of_myISR_high                      intcode_body 00287A
__end_of_myISR_low                       intcodelo    000064
__end_of_pad                             text10       0033F2
__end_of_putch                           text13       003AFC
__end_of_sd000                           mediumconst  007E83
__end_of_sd001                           mediumconst  007DF9
__end_of_sd002                           mediumconst  007E27
__end_of_sprintf                         text6        00360C
__end_of_timer1_Init                     text3        003AAC
__end_of_timerStart                      text2        003AEE
__end_of_timerZero_Init                  text1        003A98
__end_of_utoa                            text9        000E8C
__end_of_vfpfcnvrt                       text8        001B22
__end_of_vfprintf                        text7        00365E
__end_ofi2_UART_puts                     text63       003A2C
__end_ofi2_UART_write                    text64       003998
__end_ofi2_USBDeviceInit                 text30       002090
__end_ofi2_USBTransferOnePacket          text52       00155E
__end_ofi2___lodiv                       text62       002B4E
__end_ofi2___lomod                       text61       002DDE
__end_ofi2_fputc                         text59       002F74
__end_ofi2_fputs                         text58       003876
__end_ofi2_memset                        text42       00184C
__end_ofi2_pad                           text57       00346C
__end_ofi2_putch                         text60       003B06
__end_ofi2_sprintf                       text53       0036B0
__end_ofi2_utoa                          text56       00104E
__end_ofi2_vfpfcnvrt                     text55       001C86
__end_ofi2_vfprintf                      text54       00379E
__initialization                         cinit        0036B0
__mediumconst                            mediumconst  007DBC
__pbssBANK0                              bssBANK0     000060
__pbssBANK1                              bssBANK1     0001CB
__pbssBANK2                              bssBANK2     00027B
__pbssBANK4                              bssBANK4     000430
__pbssBIGRAMl                            bssBIGRAMl   000570
__pcinit                                 cinit        0036B0
__pcstackBANK0                           cstackBANK0  00009D
__pcstackBANK1                           cstackBANK1  000100
__pcstackBANK2                           cstackBANK2  000200
__pcstackBANK3                           cstackBANK3  000300
__pcstackBANK5                           cstackBANK5  000500
__pcstackCOMRAM                          cstackCOMRAM 000001
__pintcode                               intcode      000008
__pintcode_body                          intcode_body 00277E
__pintcodelo                             intcodelo    000018
__pmediumconst                           mediumconst  007DBC
__ptext0                                 text0        000068
__ptext1                                 text1        003A84
__ptext10                                text10       003374
__ptext11                                text11       0037EA
__ptext12                                text12       002DDE
__ptext13                                text13       003AFA
__ptext14                                text14       002C3C
__ptext15                                text15       00287A
__ptext16                                text16       003998
__ptext17                                text17       0038F6
__ptext18                                text18       0038B8
__ptext19                                text19       00104E
__ptext2                                 text2        003AE6
__ptext20                                text20       00323C
__ptext21                                text21       003ACE
__ptext22                                text22       003ADC
__ptext23                                text23       003AAC
__ptext24                                text24       001DE6
__ptext25                                text25       00155E
__ptext26                                text26       003AEE
__ptext29                                text29       000A78
__ptext3                                 text3        003A98
__ptext30                                text30       001F3E
__ptext31                                text31       003876
__ptext32                                text32       003A2C
__ptext33                                text33       00355A
__ptext34                                text34       00392E
__ptext35                                text35       002F74
__ptext36                                text36       003700
__ptext37                                text37       0032E2
__ptext38                                text38       002090
__ptext39                                text39       00302A
__ptext4                                 text4        003AC0
__ptext40                                text40       002440
__ptext41                                text41       002B4E
__ptext42                                text42       0016D6
__ptext43                                text43       00231E
__ptext44                                text44       001C86
__ptext45                                text45       0006F4
__ptext46                                text46       00318E
__ptext47                                text47       003AFC
__ptext48                                text48       003AFE
__ptext49                                text49       003B00
__ptext5                                 text5        00120A
__ptext50                                text50       003B02
__ptext51                                text51       003A5A
__ptext52                                text52       0013BA
__ptext53                                text53       00365E
__ptext54                                text54       003750
__ptext55                                text55       001B22
__ptext56                                text56       000E8C
__ptext57                                text57       0033F2
__ptext58                                text58       003832
__ptext59                                text59       002EAA
__ptext6                                 text6        0035BA
__ptext60                                text60       003B04
__ptext61                                text61       002D0E
__ptext62                                text62       002A5E
__ptext63                                text63       0039FC
__ptext64                                text64       003964
__ptext65                                text65       00379E
__ptext66                                text66       0030DE
__ptext67                                text67       003B06
__ptext68                                text68       003AF4
__ptext69                                text69       00184C
__ptext7                                 text7        00360C
__ptext70                                text70       0034E4
__ptext71                                text71       0021DA
__ptext72                                text72       00296C
__ptext73                                text73       00255E
__ptext74                                text74       00266E
__ptext75                                text75       0039CA
__ptext76                                text76       00346C
__ptext8                                 text8        0019BA
__ptext9                                 text9        000CC4
__ramtop                                 ramtop       000800
__rx_buffer                              bssBIGRAMl   000570
__rx_buffer_head                         bssBANK0     00007C
__rx_buffer_tail                         bssBANK0     00007A
__smallconst                             smallconst   000000
__tx_buffer                              bssBANK4     000430
__tx_buffer_head                         bssBANK0     000089
__tx_buffer_tail                         bssBANK0     000088
_active_protocol                         bssBANK0     000098
_configDescriptor1                       mediumconst  007E27
_controlTransferState                    bssBANK0     000095
_dbuf                                    bssBANK2     000283
_device_dsc                              mediumconst  007E6D
_endpoint_number                         bssBANK0     000092
_ep_data_in                              bssBANK0     000080
_ep_data_out                             bssBANK0     00007E
_flags                                   bssBANK2     00027F
_fputc                                   text12       002DDE
_fputs                                   text11       0037EA
_gpioInitialize                          text4        003AC0
_hid_rpt01                               mediumconst  007E50
_idle_rate                               bssBANK0     000099
_inPipes                                 bssBANK0     000068
_main                                    text0        000068
_memcpy                                  text36       003700
_memset                                  text25       00155E
_myISR_high                              intcode      000008
_myISR_low                               intcodelo    000018
_outPipes                                bssBANK0     000060
_pBDTEntryEP0OutCurrent                  bssBANK0     000086
_pBDTEntryEP0OutNext                     bssBANK0     000084
_pBDTEntryIn                             bssBANK0     00006E
_pBDTEntryOut                            bssBANK0     000072
_pDst                                    bssBANK0     000082
_pad                                     text10       003374
_prec                                    bssBANK0     000078
_pushButtonCount                         bssBANK2     000281
_putch                                   text13       003AFA
_runFlag                                 bssBANK2     000280
_sd000                                   mediumconst  007E7F
_sd001                                   mediumconst  007DC5
_sd002                                   mediumconst  007DF9
_shortPacketStatus                       bssBANK0     000096
_sprintf                                 text6        0035BA
_timer1_Init                             text3        003A98
_timerStart                              text2        003AE6
_timerZero_Init                          text1        003A84
_usbTimerState                           bssBANK0     000097
_utoa                                    text9        000CC4
_vfpfcnvrt                               text8        0019BA
_vfprintf                                text7        00360C
_width                                   bssBANK0     000076
btemp                                    temp         00005F
end_of_initialization                    cinit        0036F2
fputc@c                                  cstackBANK2  000203
fputc@fp                                 cstackBANK2  000205
fputs@c                                  cstackBANK2  000210
fputs@fp                                 cstackBANK2  00020E
fputs@i                                  cstackBANK2  000211
fputs@s                                  cstackBANK2  00020C
i2UART_puts@ptr                          cstackCOMRAM 000003
i2UART_write@data                        cstackCOMRAM 000001
i2UART_write@i                           cstackCOMRAM 000002
i2USBDeviceInit@i                        cstackCOMRAM 00000D
i2USBTransferOnePacket@buf               cstackBANK1  000100
i2USBTransferOnePacket@data              cstackCOMRAM 000059
i2USBTransferOnePacket@dir               cstackCOMRAM 000058
i2USBTransferOnePacket@ep                cstackBANK1  0001C8
i2USBTransferOnePacket@handle            cstackBANK1  0001C9
i2USBTransferOnePacket@len               cstackCOMRAM 00005B
i2_UART_puts                             text63       0039FC
i2_UART_write                            text64       003964
i2_USBDeviceInit                         text30       001F3E
i2_USBTransferOnePacket                  text52       0013BA
i2___lodiv                               text62       002A5E
i2___lodiv@counter                       cstackCOMRAM 000019
i2___lodiv@dividend                      cstackCOMRAM 000001
i2___lodiv@divisor                       cstackCOMRAM 000009
i2___lodiv@quotient                      cstackCOMRAM 000011
i2___lomod                               text61       002D0E
i2___lomod@counter                       cstackCOMRAM 000011
i2___lomod@dividend                      cstackCOMRAM 000001
i2___lomod@divisor                       cstackCOMRAM 000009
i2_fputc                                 text59       002EAA
i2_fputs                                 text58       003832
i2_memset                                text42       0016D6
i2_pad                                   text57       0033F2
i2_putch                                 text60       003B04
i2_sprintf                               text53       00365E
i2_utoa                                  text56       000E8C
i2_vfpfcnvrt                             text55       001B22
i2_vfprintf                              text54       003750
i2fputc@c                                cstackCOMRAM 000001
i2fputc@fp                               cstackCOMRAM 000003
i2fputs@c                                cstackCOMRAM 00000E
i2fputs@fp                               cstackCOMRAM 00000C
i2fputs@i                                cstackCOMRAM 00000F
i2fputs@s                                cstackCOMRAM 00000A
i2memset@c                               cstackCOMRAM 000003
i2memset@dest                            cstackCOMRAM 000001
i2memset@k                               cstackCOMRAM 000009
i2memset@n                               cstackCOMRAM 000005
i2memset@s                               cstackCOMRAM 00000B
i2pad@buf                                cstackCOMRAM 000013
i2pad@fp                                 cstackCOMRAM 000011
i2pad@i                                  cstackCOMRAM 000018
i2pad@p                                  cstackCOMRAM 000015
i2pad@w                                  cstackCOMRAM 00001A
i2sprintf@ap                             cstackBANK0  0000A7
i2sprintf@f                              cstackBANK0  0000A9
i2sprintf@fmt                            cstackBANK0  00009F
i2sprintf@s                              cstackBANK0  00009D
i2utoa@d                                 cstackCOMRAM 00001E
i2utoa@fp                                cstackCOMRAM 00001C
i2utoa@i                                 cstackCOMRAM 00003A
i2utoa@n                                 cstackCOMRAM 000032
i2utoa@p                                 cstackCOMRAM 000030
i2utoa@w                                 cstackCOMRAM 00002E
i2vfpfcnvrt@ap                           cstackCOMRAM 000040
i2vfpfcnvrt@convarg                      cstackCOMRAM 000046
i2vfpfcnvrt@cp                           cstackCOMRAM 00004E
i2vfpfcnvrt@fmt                          cstackCOMRAM 00003E
i2vfpfcnvrt@fp                           cstackCOMRAM 00003C
i2vfprintf@ap                            cstackCOMRAM 000054
i2vfprintf@cfmt                          cstackCOMRAM 000056
i2vfprintf@fmt                           cstackCOMRAM 000052
i2vfprintf@fp                            cstackCOMRAM 000050
int$flags                                temp         00005F
int_func                                 intcode_body 00277E
intlevel0                                text         000000
intlevel1                                text         000000
intlevel2                                text         000000
intlevel3                                text         000000
isa$std                                  (abs)        000001
isa$xinst                                (abs)        000000
main@cnt                                 cstackBANK5  00056E
main@cnt_877                             cstackBANK5  00056F
main@potVoltage                          cstackBANK5  00056C
main@temp                                cstackBANK5  000500
main@w                                   cstackBANK5  000564
main@w_865                               cstackBANK5  000566
main@w_867                               cstackBANK5  000568
main@w_869                               cstackBANK5  00056A
memcpy@d                                 cstackCOMRAM 000007
memcpy@d1                                cstackCOMRAM 000001
memcpy@n                                 cstackCOMRAM 000005
memcpy@s                                 cstackCOMRAM 000009
memcpy@s1                                cstackCOMRAM 000003
memcpy@tmp                               cstackCOMRAM 00000B
memset@c                                 cstackBANK2  000205
memset@dest                              cstackBANK2  000203
memset@k                                 cstackBANK2  00020B
memset@n                                 cstackBANK2  000207
memset@s                                 cstackBANK2  00020D
pad@buf                                  cstackBANK2  000215
pad@fp                                   cstackBANK2  000213
pad@i                                    cstackBANK2  00021A
pad@p                                    cstackBANK2  000217
pad@w                                    cstackBANK2  00021C
sprintf@ap                               cstackBANK2  000264
sprintf@f                                cstackBANK2  000266
sprintf@fmt                              cstackBANK2  00025C
sprintf@s                                cstackBANK2  00025A
stackhi                                  (abs)        000000
stacklo                                  (abs)        000000
start                                    init         000064
start_initialization                     cinit        0036B0
ttemp5                                   temp         000060
ttemp6                                   temp         000063
ttemp7                                   temp         000067
utoa@d                                   cstackBANK2  000220
utoa@fp                                  cstackBANK2  00021E
utoa@i                                   cstackBANK2  00023C
utoa@n                                   cstackBANK2  000234
utoa@p                                   cstackBANK2  000232
utoa@w                                   cstackBANK2  000230
vfpfcnvrt@ap                             cstackBANK2  000242
vfpfcnvrt@convarg                        cstackBANK2  000248
vfpfcnvrt@cp                             cstackBANK2  000250
vfpfcnvrt@fmt                            cstackBANK2  000240
vfpfcnvrt@fp                             cstackBANK2  00023E
vfprintf@ap                              cstackBANK2  000256
vfprintf@cfmt                            cstackBANK2  000258
vfprintf@fmt                             cstackBANK2  000254
vfprintf@fp                              cstackBANK2  000252
wtemp8                                   temp         000060


MODULE INFORMATION

Module		Function		Class		Link	Load	Size
C:\Program Files\Microchip\xc8\v2.40\pic\sources\c99\common\nf_fputc.c
		_fputc         		CODE           	2DDE	0000	204

C:\Program Files\Microchip\xc8\v2.40\pic\sources\c99\common\nf_fputc.c estimated size: 204

C:\Program Files\Microchip\xc8\v2.40\pic\sources\c99\common\nf_sprintf.c
		_sprintf       		CODE           	35BA	0000	82

C:\Program Files\Microchip\xc8\v2.40\pic\sources\c99\common\nf_sprintf.c estimated size: 82

C:\Program Files\Microchip\xc8\v2.40\pic\sources\c99\common\memcpy.c
		_memcpy        		CODE           	3700	0000	80

C:\Program Files\Microchip\xc8\v2.40\pic\sources\c99\common\memcpy.c estimated size: 80

uart.c
		_UART_tx_udr_empty_irq		CODE           	39CA	0000	50
		_UART_Init     		CODE           	104E	0000	444
		_UART_rx_complete_irq		CODE           	346C	0000	120
		_UART_puts     		CODE           	3998	0000	50
		_UART_putrs    		CODE           	38F6	0000	56
		_UART_write    		CODE           	38B8	0000	62

uart.c estimated size: 782

usb_function_hid.c
		_USBCheckHIDRequest		CODE           	184C	0000	366

usb_function_hid.c estimated size: 366

C:\Program Files\Microchip\xc8\v2.40\pic\sources\c99\common\__lldiv.c
		___lldiv       		CODE           	323C	0000	166

C:\Program Files\Microchip\xc8\v2.40\pic\sources\c99\common\__lldiv.c estimated size: 166

C:\Program Files\Microchip\xc8\v2.40\pic\sources\c99\common\nf_fputs.c
		_fputs         		CODE           	37EA	0000	72

C:\Program Files\Microchip\xc8\v2.40\pic\sources\c99\common\nf_fputs.c estimated size: 72

C:\Program Files\Microchip\xc8\v2.40\pic\sources\c99\common\lomod.c
		___lomod       		CODE           	2C3C	0000	210

C:\Program Files\Microchip\xc8\v2.40\pic\sources\c99\common\lomod.c estimated size: 210

shared
		_configDescriptor1		MEDIUMCONST    	7E27	0000	41
		i2_vfpfcnvrt   		CODE           	1B22	0000	356
		i2_pad         		CODE           	33F2	0000	122
		_USB_CD_Ptr    		MEDIUMCONST    	7DC3	0000	2
		_sd001         		MEDIUMCONST    	7DC5	0000	52
		i2_putch       		CODE           	3B04	0000	2
		i2_utoa        		CODE           	0E8C	0000	450
		_sd002         		MEDIUMCONST    	7DF9	0000	46
		i2_vfprintf    		CODE           	3750	0000	78
		i2_USBDeviceInit		CODE           	1F3E	0000	338
		i2_UART_puts   		CODE           	39FC	0000	48
		i2_UART_write  		CODE           	3964	0000	52
		__initialization		CODE           	36B0	0000	66
		i2___lodiv     		CODE           	2A5E	0000	240
		_device_dsc    		MEDIUMCONST    	7E6D	0000	18
		i2_sprintf     		CODE           	365E	0000	82
		i2___lomod     		CODE           	2D0E	0000	208
		_USB_SD_Ptr    		MEDIUMCONST    	7DBD	0000	6
		i2_fputc       		CODE           	2EAA	0000	202
		_hid_rpt01     		MEDIUMCONST    	7E50	0000	29
		i2_fputs       		CODE           	3832	0000	68
		i2_memset      		CODE           	16D6	0000	374
		_sd000         		MEDIUMCONST    	7E7F	0000	4
		i2_USBTransferOnePacket		CODE           	13BA	0000	420

shared estimated size: 3304

C:\Program Files\Microchip\xc8\v2.40\pic\sources\c99\common\memset.c
		_memset        		CODE           	155E	0000	376

C:\Program Files\Microchip\xc8\v2.40\pic\sources\c99\common\memset.c estimated size: 376

usb_device.c
		_USBCtrlTrfInHandler		CODE           	255E	0000	272
		_USBTransferOnePacket		CODE           	120A	0000	432
		_USBStdGetDscHandler		CODE           	1C86	0000	352
		_USBCtrlEPAllowDataStage		CODE           	302A	0000	180
		_USBStdFeatureReqHandler		CODE           	06F4	0000	900
		_USBCtrlEPAllowStatusStage		CODE           	296C	0000	242
		_USBCtrlTrfSetupHandler		CODE           	32E2	0000	146
		_USBCtrlTrfOutHandler		CODE           	34E4	0000	118
		_USBCtrlEPServiceComplete		CODE           	2090	0000	330
		_USBSuspend    		CODE           	3A2C	0000	46
		_USBStdSetCfgHandler		CODE           	2B4E	0000	238
		_USBStdGetStatusHandler		CODE           	231E	0000	290
		_USBWakeFromSuspend		CODE           	3876	0000	66
		_USBCtrlTrfRxService		CODE           	21DA	0000	324
		_USBCtrlTrfTxService		CODE           	266E	0000	272
		_USBEnableEndpoint		CODE           	379E	0000	76
		_USBConfigureEndpoint		CODE           	30DE	0000	176
		_USBDeviceInit 		CODE           	1DE6	0000	344
		_USBIncrement1msInternalTimers		CODE           	392E	0000	54
		_USBCtrlEPService		CODE           	2F74	0000	182
		_USBStallHandler		CODE           	355A	0000	96
		_USBDeviceTasks		CODE           	0A78	0000	588
		_USBCheckStdRequest		CODE           	2440	0000	286

usb_device.c estimated size: 6010

C:\Program Files\Microchip\xc8\v2.40\pic\sources\c99\common\putch.c
		_putch         		CODE           	3AFA	0000	2

C:\Program Files\Microchip\xc8\v2.40\pic\sources\c99\common\putch.c estimated size: 2

C:\Program Files\Microchip\xc8\v2.40\pic\sources\c99\common\doprnt.c
		_vfpfcnvrt     		CODE           	19BA	0000	360
		_pad           		CODE           	3374	0000	126
		_vfprintf      		CODE           	360C	0000	82
		_utoa          		CODE           	0CC4	0000	456

C:\Program Files\Microchip\xc8\v2.40\pic\sources\c99\common\doprnt.c estimated size: 1024

main.c
		_myISR_low     		CODE           	0018	0000	76
		_USBCBErrorHandler		CODE           	3B06	0000	2
		_UserInit      		CODE           	3AAC	0000	20
		_USBCBWakeFromSuspend		CODE           	3AFE	0000	2
		_timerZero_Init		CODE           	3A84	0000	20
		_main          		CODE           	0068	0000	1676
		_USER_USB_CALLBACK_EVENT_HANDLER		CODE           	318E	0000	174
		_USBCBStdSetDscHandler		CODE           	3B02	0000	2
		_myISR_high    		CODE           	0008	0000	258
		_Interrupt_Init		CODE           	3ACE	0000	14
		_USBCBInitEP   		CODE           	3A5A	0000	42
		_gpioInitialize		CODE           	3AC0	0000	14
		_InitializeSystem		CODE           	3ADC	0000	10
		_Enable_Interrupt		CODE           	3AEE	0000	6
		_timer1_Init   		CODE           	3A98	0000	20
		_USBCB_SOF_Handler		CODE           	3AFC	0000	2
		_USBCBSuspend  		CODE           	3B00	0000	2
		_USBCBCheckOtherReq		CODE           	3AF4	0000	6
		_timerStart    		CODE           	3AE6	0000	8

main.c estimated size: 2354

C:\Program Files\Microchip\xc8\v2.40\pic\sources\c99\common\lodiv.c
		___lodiv       		CODE           	287A	0000	242

C:\Program Files\Microchip\xc8\v2.40\pic\sources\c99\common\lodiv.c estimated size: 242

